Component: Arm Compiler for Embedded 6.19 Tool: armlink [5e73cb00]

==============================================================================

Section Cross References

    startup_stm32f427xx.o(RESET) refers to startup_stm32f427xx.o(STACK) for __initial_sp
    startup_stm32f427xx.o(RESET) refers to startup_stm32f427xx.o(.text) for Reset_Handler
    startup_stm32f427xx.o(RESET) refers to stm32f4xx_it.o(.text.NMI_Handler) for NMI_Handler
    startup_stm32f427xx.o(RESET) refers to stm32f4xx_it.o(.text.HardFault_Handler) for HardFault_Handler
    startup_stm32f427xx.o(RESET) refers to stm32f4xx_it.o(.text.MemManage_Handler) for MemManage_Handler
    startup_stm32f427xx.o(RESET) refers to stm32f4xx_it.o(.text.BusFault_Handler) for BusFault_Handler
    startup_stm32f427xx.o(RESET) refers to stm32f4xx_it.o(.text.UsageFault_Handler) for UsageFault_Handler
    startup_stm32f427xx.o(RESET) refers to stm32f4xx_it.o(.text.SVC_Handler) for SVC_Handler
    startup_stm32f427xx.o(RESET) refers to stm32f4xx_it.o(.text.DebugMon_Handler) for DebugMon_Handler
    startup_stm32f427xx.o(RESET) refers to stm32f4xx_it.o(.text.PendSV_Handler) for PendSV_Handler
    startup_stm32f427xx.o(RESET) refers to stm32f4xx_it.o(.text.SysTick_Handler) for SysTick_Handler
    startup_stm32f427xx.o(RESET) refers to stm32f4xx_it.o(.text.OTG_FS_IRQHandler) for OTG_FS_IRQHandler
    startup_stm32f427xx.o(RESET) refers to stm32f4xx_it.o(.text.USART6_IRQHandler) for USART6_IRQHandler
    startup_stm32f427xx.o(.text) refers to system_stm32f4xx.o(.text.SystemInit) for SystemInit
    startup_stm32f427xx.o(.text) refers to entry.o(.ARM.Collect$$$$00000000) for __main
    main.o(.text.GetTimEncoder) refers to tim.o(.bss.htim2) for htim2
    main.o(.ARM.exidx.text.GetTimEncoder) refers to main.o(.text.GetTimEncoder) for [Anonymous Symbol]
    main.o(.text.main) refers to stm32f4xx_hal.o(.text.HAL_Init) for HAL_Init
    main.o(.text.main) refers to main.o(.text.SystemClock_Config) for SystemClock_Config
    main.o(.text.main) refers to gpio.o(.text.MX_GPIO_Init) for MX_GPIO_Init
    main.o(.text.main) refers to usart.o(.text.MX_USART6_UART_Init) for MX_USART6_UART_Init
    main.o(.text.main) refers to tim.o(.text.MX_TIM2_Init) for MX_TIM2_Init
    main.o(.text.main) refers to usb_device.o(.text.MX_USB_DEVICE_Init) for MX_USB_DEVICE_Init
    main.o(.text.main) refers to tim.o(.bss.htim2) for htim2
    main.o(.text.main) refers to stm32f4xx_hal_tim.o(.text.HAL_TIM_Encoder_Start) for HAL_TIM_Encoder_Start
    main.o(.text.main) refers to main.o(.bss.TIMcnt) for TIMcnt
    main.o(.text.main) refers to stm32f4xx_hal.o(.text.HAL_Delay) for HAL_Delay
    main.o(.text.main) refers to usbd_cdc_if.o(.text.USBVcom_printf) for USBVcom_printf
    main.o(.text.main) refers to stm32f4xx_hal_gpio.o(.text.HAL_GPIO_TogglePin) for HAL_GPIO_TogglePin
    main.o(.ARM.exidx.text.main) refers to main.o(.text.main) for [Anonymous Symbol]
    main.o(.text.SystemClock_Config) refers to stm32f4xx_hal_rcc.o(.text.HAL_RCC_OscConfig) for HAL_RCC_OscConfig
    main.o(.text.SystemClock_Config) refers to stm32f4xx_hal_rcc.o(.text.HAL_RCC_ClockConfig) for HAL_RCC_ClockConfig
    main.o(.ARM.exidx.text.SystemClock_Config) refers to main.o(.text.SystemClock_Config) for [Anonymous Symbol]
    main.o(.ARM.exidx.text.Error_Handler) refers to main.o(.text.Error_Handler) for [Anonymous Symbol]
    gpio.o(.text.MX_GPIO_Init) refers to stm32f4xx_hal_gpio.o(.text.HAL_GPIO_WritePin) for HAL_GPIO_WritePin
    gpio.o(.text.MX_GPIO_Init) refers to stm32f4xx_hal_gpio.o(.text.HAL_GPIO_Init) for HAL_GPIO_Init
    gpio.o(.ARM.exidx.text.MX_GPIO_Init) refers to gpio.o(.text.MX_GPIO_Init) for [Anonymous Symbol]
    tim.o(.text.MX_TIM2_Init) refers to tim.o(.bss.htim2) for htim2
    tim.o(.text.MX_TIM2_Init) refers to stm32f4xx_hal_tim.o(.text.HAL_TIM_Encoder_Init) for HAL_TIM_Encoder_Init
    tim.o(.text.MX_TIM2_Init) refers to main.o(.text.Error_Handler) for Error_Handler
    tim.o(.text.MX_TIM2_Init) refers to stm32f4xx_hal_tim_ex.o(.text.HAL_TIMEx_MasterConfigSynchronization) for HAL_TIMEx_MasterConfigSynchronization
    tim.o(.ARM.exidx.text.MX_TIM2_Init) refers to tim.o(.text.MX_TIM2_Init) for [Anonymous Symbol]
    tim.o(.text.HAL_TIM_Encoder_MspInit) refers to stm32f4xx_hal_gpio.o(.text.HAL_GPIO_Init) for HAL_GPIO_Init
    tim.o(.ARM.exidx.text.HAL_TIM_Encoder_MspInit) refers to tim.o(.text.HAL_TIM_Encoder_MspInit) for [Anonymous Symbol]
    tim.o(.text.HAL_TIM_Encoder_MspDeInit) refers to stm32f4xx_hal_gpio.o(.text.HAL_GPIO_DeInit) for HAL_GPIO_DeInit
    tim.o(.ARM.exidx.text.HAL_TIM_Encoder_MspDeInit) refers to tim.o(.text.HAL_TIM_Encoder_MspDeInit) for [Anonymous Symbol]
    usart.o(.text.MX_USART6_UART_Init) refers to usart.o(.bss.huart6) for huart6
    usart.o(.text.MX_USART6_UART_Init) refers to stm32f4xx_hal_uart.o(.text.HAL_UART_Init) for HAL_UART_Init
[...]
    [Anonymous Symbol]                       0x080021b8   Section        0  stm32f4xx_hal_tim.o(.text.HAL_TIM_Encoder_Init)
    [Anonymous Symbol]                       0x0800226c   Section        0  tim.o(.text.HAL_TIM_Encoder_MspInit)
    [Anonymous Symbol]                       0x080022d0   Section        0  stm32f4xx_hal_tim.o(.text.HAL_TIM_Encoder_Start)
    [Anonymous Symbol]                       0x0800238c   Section        0  stm32f4xx_hal_uart.o(.text.HAL_UARTEx_RxEventCallback)
    [Anonymous Symbol]                       0x08002390   Section        0  stm32f4xx_hal_uart.o(.text.HAL_UART_ErrorCallback)
    [Anonymous Symbol]                       0x08002394   Section        0  stm32f4xx_hal_uart.o(.text.HAL_UART_IRQHandler)
    [Anonymous Symbol]                       0x080028f8   Section        0  stm32f4xx_hal_uart.o(.text.HAL_UART_Init)
    [Anonymous Symbol]                       0x08002958   Section        0  usart.o(.text.HAL_UART_MspInit)
    [Anonymous Symbol]                       0x080029d4   Section        0  stm32f4xx_hal_uart.o(.text.HAL_UART_RxCpltCallback)
    [Anonymous Symbol]                       0x080029d8   Section        0  stm32f4xx_hal_uart.o(.text.HAL_UART_TxCpltCallback)
    [Anonymous Symbol]                       0x080029dc   Section        0  stm32f4xx_it.o(.text.HardFault_Handler)
    [Anonymous Symbol]                       0x080029e0   Section        0  gpio.o(.text.MX_GPIO_Init)
    [Anonymous Symbol]                       0x08002a70   Section        0  tim.o(.text.MX_TIM2_Init)
    [Anonymous Symbol]                       0x08002adc   Section        0  usart.o(.text.MX_USART6_UART_Init)
    [Anonymous Symbol]                       0x08002b18   Section        0  usb_device.o(.text.MX_USB_DEVICE_Init)
    [Anonymous Symbol]                       0x08002b8c   Section        0  stm32f4xx_it.o(.text.MemManage_Handler)
    [Anonymous Symbol]                       0x08002b90   Section        0  stm32f4xx_it.o(.text.NMI_Handler)
    [Anonymous Symbol]                       0x08002b94   Section        0  stm32f4xx_it.o(.text.OTG_FS_IRQHandler)
    [Anonymous Symbol]                       0x08002ba0   Section        0  stm32f4xx_it.o(.text.PendSV_Handler)
    [Anonymous Symbol]                       0x08002ba4   Section        0  stm32f4xx_it.o(.text.SVC_Handler)
    [Anonymous Symbol]                       0x08002ba8   Section        0  stm32f4xx_it.o(.text.SysTick_Handler)
    [Anonymous Symbol]                       0x08002bac   Section        0  main.o(.text.SystemClock_Config)
    [Anonymous Symbol]                       0x08002c58   Section        0  system_stm32f4xx.o(.text.SystemInit)
    [Anonymous Symbol]                       0x08002c6c   Section        0  stm32f4xx_hal_tim.o(.text.TIM_Base_SetConfig)
    UART_DMAAbortOnError                     0x08002da9   Thumb Code    12  stm32f4xx_hal_uart.o(.text.UART_DMAAbortOnError)
    [Anonymous Symbol]                       0x08002da8   Section        0  stm32f4xx_hal_uart.o(.text.UART_DMAAbortOnError)
    UART_Receive_IT                          0x08002db5   Thumb Code   254  stm32f4xx_hal_uart.o(.text.UART_Receive_IT)
    [Anonymous Symbol]                       0x08002db4   Section        0  stm32f4xx_hal_uart.o(.text.UART_Receive_IT)
    UART_SetConfig                           0x08002eb5   Thumb Code   238  stm32f4xx_hal_uart.o(.text.UART_SetConfig)
    [Anonymous Symbol]                       0x08002eb4   Section        0  stm32f4xx_hal_uart.o(.text.UART_SetConfig)
    [Anonymous Symbol]                       0x08002fa4   Section        0  stm32f4xx_it.o(.text.USART6_IRQHandler)
    USBD_CDC_DataIn                          0x08002fb1   Thumb Code   118  usbd_cdc.o(.text.USBD_CDC_DataIn)
    [Anonymous Symbol]                       0x08002fb0   Section        0  usbd_cdc.o(.text.USBD_CDC_DataIn)
    USBD_CDC_DataOut                         0x08003029   Thumb Code    60  usbd_cdc.o(.text.USBD_CDC_DataOut)
    [Anonymous Symbol]                       0x08003028   Section        0  usbd_cdc.o(.text.USBD_CDC_DataOut)
    USBD_CDC_DeInit                          0x08003065   Thumb Code    90  usbd_cdc.o(.text.USBD_CDC_DeInit)
    [Anonymous Symbol]                       0x08003064   Section        0  usbd_cdc.o(.text.USBD_CDC_DeInit)
    USBD_CDC_EP0_RxReady                     0x080030c1   Thumb Code    60  usbd_cdc.o(.text.USBD_CDC_EP0_RxReady)
    [Anonymous Symbol]                       0x080030c0   Section        0  usbd_cdc.o(.text.USBD_CDC_EP0_RxReady)
    [Anonymous Symbol]                       0x080030fc   Section        0  usbd_cdc.o(.text.USBD_CDC_GetDeviceQualifierDescriptor)
    USBD_CDC_GetFSCfgDesc                    0x0800310d   Thumb Code    82  usbd_cdc.o(.text.USBD_CDC_GetFSCfgDesc)
    [Anonymous Symbol]                       0x0800310c   Section        0  usbd_cdc.o(.text.USBD_CDC_GetFSCfgDesc)
    USBD_CDC_GetHSCfgDesc                    0x08003161   Thumb Code    86  usbd_cdc.o(.text.USBD_CDC_GetHSCfgDesc)
    [Anonymous Symbol]                       0x08003160   Section        0  usbd_cdc.o(.text.USBD_CDC_GetHSCfgDesc)
    USBD_CDC_GetOtherSpeedCfgDesc            0x080031b9   Thumb Code    82  usbd_cdc.o(.text.USBD_CDC_GetOtherSpeedCfgDesc)
    [Anonymous Symbol]                       0x080031b8   Section        0  usbd_cdc.o(.text.USBD_CDC_GetOtherSpeedCfgDesc)
    USBD_CDC_Init                            0x0800320d   Thumb Code   214  usbd_cdc.o(.text.USBD_CDC_Init)
    [Anonymous Symbol]                       0x0800320c   Section        0  usbd_cdc.o(.text.USBD_CDC_Init)
    [Anonymous Symbol]                       0x080032e4   Section        0  usbd_cdc.o(.text.USBD_CDC_ReceivePacket)
    [Anonymous Symbol]                       0x08003318   Section        0  usbd_cdc.o(.text.USBD_CDC_RegisterInterface)
    [Anonymous Symbol]                       0x08003330   Section        0  usbd_cdc.o(.text.USBD_CDC_SetRxBuffer)
    [Anonymous Symbol]                       0x0800334c   Section        0  usbd_cdc.o(.text.USBD_CDC_SetTxBuffer)
    USBD_CDC_Setup                           0x0800336d   Thumb Code   256  usbd_cdc.o(.text.USBD_CDC_Setup)
    [Anonymous Symbol]                       0x0800336c   Section        0  usbd_cdc.o(.text.USBD_CDC_Setup)
    [Anonymous Symbol]                       0x0800346c   Section        0  usbd_cdc.o(.text.USBD_CDC_TransmitPacket)
    [Anonymous Symbol]                       0x080034ac   Section        0  usbd_core.o(.text.USBD_ClrClassConfig)
    [Anonymous Symbol]                       0x080034c0   Section        0  usbd_core.o(.text.USBD_CoreFindEP)
    [Anonymous Symbol]                       0x080034c4   Section        0  usbd_core.o(.text.USBD_CoreFindIF)
    [Anonymous Symbol]                       0x080034c8   Section        0  usbd_ioreq.o(.text.USBD_CtlContinueRx)
    [Anonymous Symbol]                       0x080034d8   Section        0  usbd_ioreq.o(.text.USBD_CtlContinueSendData)
    [Anonymous Symbol]                       0x080034e8   Section        0  usbd_ctlreq.o(.text.USBD_CtlError)
    [Anonymous Symbol]                       0x08003500   Section        0  usbd_ioreq.o(.text.USBD_CtlPrepareRx)
    [Anonymous Symbol]                       0x0800351c   Section        0  usbd_ioreq.o(.text.USBD_CtlReceiveStatus)
    [Anonymous Symbol]                       0x08003534   Section        0  usbd_ioreq.o(.text.USBD_CtlSendData)
    [Anonymous Symbol]                       0x08003550   Section        0  usbd_ioreq.o(.text.USBD_CtlSendStatus)
    [Anonymous Symbol]                       0x08003568   Section        0  usbd_desc.o(.text.USBD_FS_ConfigStrDescriptor)
    [Anonymous Symbol]                       0x0800358c   Section        0  usbd_desc.o(.text.USBD_FS_DeviceDescriptor)
    [Anonymous Symbol]                       0x0800359c   Section        0  usbd_desc.o(.text.USBD_FS_InterfaceStrDescriptor)
    [Anonymous Symbol]                       0x080035c4   Section        0  usbd_desc.o(.text.USBD_FS_LangIDStrDescriptor)
    [Anonymous Symbol]                       0x080035d4   Section        0  usbd_desc.o(.text.USBD_FS_ManufacturerStrDescriptor)
    [Anonymous Symbol]                       0x08003600   Section        0  usbd_desc.o(.text.USBD_FS_ProductStrDescriptor)
    [Anonymous Symbol]                       0x08003630   Section        0  usbd_desc.o(.text.USBD_FS_SerialStrDescriptor)
    [Anonymous Symbol]                       0x0800379c   Section        0  usbd_core.o(.text.USBD_GetEpDesc)
    [Anonymous Symbol]                       0x0800381c   Section        0  usbd_ctlreq.o(.text.USBD_GetString)
    [Anonymous Symbol]                       0x080038f8   Section        0  usbd_core.o(.text.USBD_Init)
    [Anonymous Symbol]                       0x08003924   Section        0  usbd_conf.o(.text.USBD_LL_ClearStallEP)
    [Anonymous Symbol]                       0x08003948   Section        0  usbd_conf.o(.text.USBD_LL_CloseEP)
    [Anonymous Symbol]                       0x0800396c   Section        0  usbd_core.o(.text.USBD_LL_DataInStage)
    [Anonymous Symbol]                       0x08003a24   Section        0  usbd_core.o(.text.USBD_LL_DataOutStage)
    [Anonymous Symbol]                       0x08003a9c   Section        0  usbd_core.o(.text.USBD_LL_DevConnected)
    [Anonymous Symbol]                       0x08003aa0   Section        0  usbd_core.o(.text.USBD_LL_DevDisconnected)
    [Anonymous Symbol]                       0x08003ac0   Section        0  usbd_conf.o(.text.USBD_LL_GetRxDataSize)
    [Anonymous Symbol]                       0x08003ac8   Section        0  usbd_conf.o(.text.USBD_LL_Init)
    [Anonymous Symbol]                       0x08003b38   Section        0  usbd_conf.o(.text.USBD_LL_IsStallEP)
    [Anonymous Symbol]                       0x08003b5c   Section        0  usbd_core.o(.text.USBD_LL_IsoINIncomplete)
    [Anonymous Symbol]                       0x08003b84   Section        0  usbd_core.o(.text.USBD_LL_IsoOUTIncomplete)
    [Anonymous Symbol]                       0x08003bac   Section        0  usbd_conf.o(.text.USBD_LL_OpenEP)
    [Anonymous Symbol]                       0x08003bd4   Section        0  usbd_conf.o(.text.USBD_LL_PrepareReceive)
    [Anonymous Symbol]                       0x08003bf8   Section        0  usbd_core.o(.text.USBD_LL_Reset)
    [Anonymous Symbol]                       0x08003c60   Section        0  usbd_core.o(.text.USBD_LL_Resume)
    [Anonymous Symbol]                       0x08003c74   Section        0  usbd_core.o(.text.USBD_LL_SOF)
    [Anonymous Symbol]                       0x08003c90   Section        0  usbd_core.o(.text.USBD_LL_SetSpeed)
    [Anonymous Symbol]                       0x08003c98   Section        0  usbd_conf.o(.text.USBD_LL_SetUSBAddress)
    [Anonymous Symbol]                       0x08003cbc   Section        0  usbd_core.o(.text.USBD_LL_SetupStage)
    [Anonymous Symbol]                       0x08003d20   Section        0  usbd_conf.o(.text.USBD_LL_StallEP)
    [Anonymous Symbol]                       0x08003d44   Section        0  usbd_conf.o(.text.USBD_LL_Start)
    [Anonymous Symbol]                       0x08003d68   Section        0  usbd_core.o(.text.USBD_LL_Suspend)
    [Anonymous Symbol]                       0x08003d7c   Section        0  usbd_conf.o(.text.USBD_LL_Transmit)
    [Anonymous Symbol]                       0x08003da0   Section        0  usbd_ctlreq.o(.text.USBD_ParseSetupRequest)
    [Anonymous Symbol]                       0x08003db8   Section        0  usbd_core.o(.text.USBD_RegisterClass)
    [Anonymous Symbol]                       0x08003dfc   Section        0  usbd_core.o(.text.USBD_SetClassConfig)
    [Anonymous Symbol]                       0x08003e0c   Section        0  usbd_core.o(.text.USBD_Start)
    [Anonymous Symbol]                       0x08003e10   Section        0  usbd_ctlreq.o(.text.USBD_StdDevReq)
    [Anonymous Symbol]                       0x08004184   Section        0  usbd_ctlreq.o(.text.USBD_StdEPReq)
    [Anonymous Symbol]                       0x080042f8   Section        0  usbd_ctlreq.o(.text.USBD_StdItfReq)
    [Anonymous Symbol]                       0x0800438c   Section        0  usbd_conf.o(.text.USBD_static_free)
    [Anonymous Symbol]                       0x08004390   Section        0  usbd_conf.o(.text.USBD_static_malloc)
    [Anonymous Symbol]                       0x0800439c   Section        0  usbd_cdc_if.o(.text.USBVcom_printf)
    [Anonymous Symbol]                       0x080043f8   Section        0  stm32f4xx_ll_usb.o(.text.USB_ActivateEndpoint)
    [Anonymous Symbol]                       0x0800447c   Section        0  stm32f4xx_ll_usb.o(.text.USB_ActivateSetup)
    [Anonymous Symbol]                       0x0800449c   Section        0  stm32f4xx_ll_usb.o(.text.USB_CoreInit)
    [Anonymous Symbol]                       0x0800467c   Section        0  stm32f4xx_ll_usb.o(.text.USB_DeactivateEndpoint)
    [Anonymous Symbol]                       0x08004704   Section        0  stm32f4xx_ll_usb.o(.text.USB_DevConnect)
    [Anonymous Symbol]                       0x08004724   Section        0  stm32f4xx_ll_usb.o(.text.USB_DevDisconnect)
    [Anonymous Symbol]                       0x08004744   Section        0  stm32f4xx_ll_usb.o(.text.USB_DevInit)
    [Anonymous Symbol]                       0x08004bd8   Section        0  stm32f4xx_ll_usb.o(.text.USB_DisableGlobalInt)
    [Anonymous Symbol]                       0x08004be8   Section        0  stm32f4xx_ll_usb.o(.text.USB_EP0StartXfer)
    [Anonymous Symbol]                       0x08004ce4   Section        0  stm32f4xx_ll_usb.o(.text.USB_EP0_OutStart)
    [Anonymous Symbol]                       0x08004d40   Section        0  stm32f4xx_ll_usb.o(.text.USB_EPClearStall)
    [Anonymous Symbol]                       0x08004d94   Section        0  stm32f4xx_ll_usb.o(.text.USB_EPSetStall)
    [Anonymous Symbol]                       0x08004dd4   Section        0  stm32f4xx_ll_usb.o(.text.USB_EPStartXfer)
    [Anonymous Symbol]                       0x08004fc4   Section        0  stm32f4xx_ll_usb.o(.text.USB_EPStopXfer)
    [Anonymous Symbol]                       0x080050d4   Section        0  stm32f4xx_ll_usb.o(.text.USB_EnableGlobalInt)
    [Anonymous Symbol]                       0x080050e4   Section        0  stm32f4xx_ll_usb.o(.text.USB_FlushTxFifo)
    [Anonymous Symbol]                       0x0800519c   Section        0  stm32f4xx_ll_usb.o(.text.USB_GetDevSpeed)
    [Anonymous Symbol]                       0x080051b8   Section        0  stm32f4xx_ll_usb.o(.text.USB_GetMode)
    [Anonymous Symbol]                       0x080051c0   Section        0  stm32f4xx_ll_usb.o(.text.USB_ReadDevAllInEpInterrupt)
    [Anonymous Symbol]                       0x080051d0   Section        0  stm32f4xx_ll_usb.o(.text.USB_ReadDevAllOutEpInterrupt)
    [Anonymous Symbol]                       0x080051e0   Section        0  stm32f4xx_ll_usb.o(.text.USB_ReadDevInEPInterrupt)
    [Anonymous Symbol]                       0x08005204   Section        0  stm32f4xx_ll_usb.o(.text.USB_ReadDevOutEPInterrupt)
    [Anonymous Symbol]                       0x08005214   Section        0  stm32f4xx_ll_usb.o(.text.USB_ReadInterrupts)
    [Anonymous Symbol]                       0x0800521c   Section        0  stm32f4xx_ll_usb.o(.text.USB_ReadPacket)
    [Anonymous Symbol]                       0x080052c8   Section        0  stm32f4xx_ll_usb.o(.text.USB_SetCurrentMode)
    [Anonymous Symbol]                       0x0800532c   Section        0  stm32f4xx_ll_usb.o(.text.USB_SetDevAddress)
    [Anonymous Symbol]                       0x08005350   Section        0  stm32f4xx_ll_usb.o(.text.USB_SetTurnaroundTime)
    [Anonymous Symbol]                       0x08005470   Section        0  stm32f4xx_ll_usb.o(.text.USB_WritePacket)
    [Anonymous Symbol]                       0x080054dc   Section        0  stm32f4xx_it.o(.text.UsageFault_Handler)
    [Anonymous Symbol]                       0x080054e0   Section        0  main.o(.text.main)
    i.__0vsnprintf                           0x08005568   Section        0  printfa.o(i.__0vsnprintf)
    i.__scatterload_copy                     0x0800559c   Section       14  handlers.o(i.__scatterload_copy)
    i.__scatterload_null                     0x080055aa   Section        2  handlers.o(i.__scatterload_null)
    i.__scatterload_zeroinit                 0x080055ac   Section       14  handlers.o(i.__scatterload_zeroinit)
    _fp_digits                               0x080055bd   Thumb Code   366  printfa.o(i._fp_digits)
    i._fp_digits                             0x080055bc   Section        0  printfa.o(i._fp_digits)
    _printf_core                             0x08005741   Thumb Code  1744  printfa.o(i._printf_core)
    i._printf_core                           0x08005740   Section        0  printfa.o(i._printf_core)
    _printf_post_padding                     0x08005e1d   Thumb Code    36  printfa.o(i._printf_post_padding)
    i._printf_post_padding                   0x08005e1c   Section        0  printfa.o(i._printf_post_padding)
    _printf_pre_padding                      0x08005e41   Thumb Code    46  printfa.o(i._printf_pre_padding)
    i._printf_pre_padding                    0x08005e40   Section        0  printfa.o(i._printf_pre_padding)
    _snputc                                  0x08005e6f   Thumb Code    22  printfa.o(i._snputc)
    i._snputc                                0x08005e6e   Section        0  printfa.o(i._snputc)
    .L_MergedGlobals                         0x20000000   Data           8  stm32f4xx_hal.o(.data..L_MergedGlobals)
    [Anonymous Symbol]                       0x20000000   Section        0  stm32f4xx_hal.o(.data..L_MergedGlobals)
    USBD_CDC_CfgDesc                         0x20000060   Data          67  usbd_cdc.o(.data.USBD_CDC_CfgDesc)
    [Anonymous Symbol]                       0x20000060   Section        0  usbd_cdc.o(.data.USBD_CDC_CfgDesc)
    USBD_CDC_DeviceQualifierDesc             0x200000a4   Data          10  usbd_cdc.o(.data.USBD_CDC_DeviceQualifierDesc)
    [Anonymous Symbol]                       0x200000a4   Section        0  usbd_cdc.o(.data.USBD_CDC_DeviceQualifierDesc)
    USBD_SetConfig.cfgidx                    0x200000fc   Data           1  usbd_ctlreq.o(.bss.USBD_SetConfig.cfgidx)
    [Anonymous Symbol]                       0x200000fc   Section        0  usbd_ctlreq.o(.bss.USBD_SetConfig.cfgidx)
    USBD_static_malloc.mem                   0x20000300   Data         544  usbd_conf.o(.bss.USBD_static_malloc.mem)
    [Anonymous Symbol]                       0x20000300   Section        0  usbd_conf.o(.bss.USBD_static_malloc.mem)
    STACK                                    0x20001d98   Section     1024  startup_stm32f427xx.o(STACK)

    Global Symbols

    Symbol Name                              Value     Ov Type        Size  Object(Section)

    BuildAttributes$$THM_ISAv4$E$P$D$K$B$S$7EM$VFPi3$EXTD16$VFPS$VFMA$PE$A:L22UL41UL21$X:L11$S22US41US21$IEEE1$IW$~IW$USESV6$~STKCKD$USESV7$~SHL$OTIME$ROPI$EBA8$MICROLIB$REQ8$PRES8$EABIv2 0x00000000   Number         0  anon$$obj.o ABSOLUTE
    __cpp_initialize__aeabi_                  - Undefined Weak Reference
    __cxa_finalize                            - Undefined Weak Reference
    __decompress                              - Undefined Weak Reference
    _clock_init                               - Undefined Weak Reference
    _microlib_exit                            - Undefined Weak Reference
    __Vectors_Size                           0x000001ac   Number         0  startup_stm32f427xx.o ABSOLUTE
    __Vectors                                0x08000000   Data           4  startup_stm32f427xx.o(RESET)
    __Vectors_End                            0x080001ac   Data           0  startup_stm32f427xx.o(RESET)
    __main                                   0x080001ad   Thumb Code     0  entry.o(.ARM.Collect$$$$00000000)
    _main_stk                                0x080001ad   Thumb Code     0  entry2.o(.ARM.Collect$$$$00000001)
    _main_scatterload                        0x080001b1   Thumb Code     0  entry5.o(.ARM.Collect$$$$00000004)
    __main_after_scatterload                 0x080001b5   Thumb Code     0  entry5.o(.ARM.Collect$$$$00000004)
    _main_clock                              0x080001b5   Thumb Code     0  entry7b.o(.ARM.Collect$$$$00000008)
    _main_cpp_init                           0x080001b5   Thumb Code     0  entry8b.o(.ARM.Collect$$$$0000000A)
    _main_init                               0x080001b5   Thumb Code     0  entry9a.o(.ARM.Collect$$$$0000000B)
    __rt_final_cpp                           0x080001bd   Thumb Code     0  entry10a.o(.ARM.Collect$$$$0000000D)
    __rt_final_exit                          0x080001bd   Thumb Code     0  entry11a.o(.ARM.Collect$$$$0000000F)
    Reset_Handler                            0x080001c1   Thumb Code     8  startup_stm32f427xx.o(.text)
    ADC_IRQHandler                           0x080001db   Thumb Code     0  startup_stm32f427xx.o(.text)
    CAN1_RX0_IRQHandler                      0x080001db   Thumb Code     0  startup_stm32f427xx.o(.text)
    CAN1_RX1_IRQHandler                      0x080001db   Thumb Code     0  startup_stm32f427xx.o(.text)
    CAN1_SCE_IRQHandler                      0x080001db   Thumb Code     0  startup_stm32f427xx.o(.text)
    CAN1_TX_IRQHandler                       0x080001db   Thumb Code     0  startup_stm32f427xx.o(.text)
    CAN2_RX0_IRQHandler                      0x080001db   Thumb Code     0  startup_stm32f427xx.o(.text)
    CAN2_RX1_IRQHandler                      0x080001db   Thumb Code     0  startup_stm32f427xx.o(.text)
    CAN2_SCE_IRQHandler                      0x080001db   Thumb Code     0  startup_stm32f427xx.o(.text)
    CAN2_TX_IRQHandler                       0x080001db   Thumb Code     0  startup_stm32f427xx.o(.text)
    DCMI_IRQHandler                          0x080001db   Thumb Code     0  startup_stm32f427xx.o(.text)
    DMA1_Stream0_IRQHandler                  0x080001db   Thumb Code     0  startup_stm32f427xx.o(.text)
    DMA1_Stream1_IRQHandler                  0x080001db   Thumb Code     0  startup_stm32f427xx.o(.text)
    DMA1_Stream2_IRQHandler                  0x080001db   Thumb Code     0  startup_stm32f427xx.o(.text)
    DMA1_Stream3_IRQHandler                  0x080001db   Thumb Code     0  startup_stm32f427xx.o(.text)
    DMA1_Stream4_IRQHandler                  0x080001db   Thumb Code     0  startup_stm32f427xx.o(.text)
    DMA1_Stream5_IRQHandler                  0x080001db   Thumb Code     0  startup_stm32f427xx.o(.text)
    DMA1_Stream6_IRQHandler                  0x080001db   Thumb Code     0  startup_stm32f427xx.o(.text)
    DMA1_Stream7_IRQHandler                  0x080001db   Thumb Code     0  startup_stm32f427xx.o(.text)
    DMA2D_IRQHandler                         0x080001db   Thumb Code     0  startup_stm32f427xx.o(.text)
    DMA2_Stream0_IRQHandler                  0x080001db   Thumb Code     0  startup_stm32f427xx.o(.text)
    DMA2_Stream1_IRQHandler                  0x080001db   Thumb Code     0  startup_stm32f427xx.o(.text)
    DMA2_Stream2_IRQHandler                  0x080001db   Thumb Code     0  startup_stm32f427xx.o(.text)
    DMA2_Stream3_IRQHandler                  0x080001db   Thumb Code     0  startup_stm32f427xx.o(.text)
    DMA2_Stream4_IRQHandler                  0x080001db   Thumb Code     0  startup_stm32f427xx.o(.text)
    DMA2_Stream5_IRQHandler                  0x080001db   Thumb Code     0  startup_stm32f427xx.o(.text)
    DMA2_Stream6_IRQHandler                  0x080001db   Thumb Code     0  startup_stm32f427xx.o(.text)
    DMA2_Stream7_IRQHandler                  0x080001db   Thumb Code     0  startup_stm32f427xx.o(.text)
    ETH_IRQHandler                           0x080001db   Thumb Code     0  startup_stm32f427xx.o(.text)
    ETH_WKUP_IRQHandler                      0x080001db   Thumb Code     0  startup_stm32f427xx.o(.text)
    EXTI0_IRQHandler                         0x080001db   Thumb Code     0  startup_stm32f427xx.o(.text)
    EXTI15_10_IRQHandler                     0x080001db   Thumb Code     0  startup_stm32f427xx.o(.text)
    EXTI1_IRQHandler                         0x080001db   Thumb Code     0  startup_stm32f427xx.o(.text)
    EXTI2_IRQHandler                         0x080001db   Thumb Code     0  startup_stm32f427xx.o(.text)
    EXTI3_IRQHandler                         0x080001db   Thumb Code     0  startup_stm32f427xx.o(.text)
    EXTI4_IRQHandler                         0x080001db   Thumb Code     0  startup_stm32f427xx.o(.text)
    EXTI9_5_IRQHandler                       0x080001db   Thumb Code     0  startup_stm32f427xx.o(.text)
    FLASH_IRQHandler                         0x080001db   Thumb Code     0  startup_stm32f427xx.o(.text)
    FMC_IRQHandler                           0x080001db   Thumb Code     0  startup_stm32f427xx.o(.text)
    FPU_IRQHandler                           0x080001db   Thumb Code     0  startup_stm32f427xx.o(.text)
    HASH_RNG_IRQHandler                      0x080001db   Thumb Code     0  startup_stm32f427xx.o(.text)
    I2C1_ER_IRQHandler                       0x080001db   Thumb Code     0  startup_stm32f427xx.o(.text)
    I2C1_EV_IRQHandler                       0x080001db   Thumb Code     0  startup_stm32f427xx.o(.text)
    I2C2_ER_IRQHandler                       0x080001db   Thumb Code     0  startup_stm32f427xx.o(.text)
    I2C2_EV_IRQHandler                       0x080001db   Thumb Code     0  startup_stm32f427xx.o(.text)
    I2C3_ER_IRQHandler                       0x080001db   Thumb Code     0  startup_stm32f427xx.o(.text)
    I2C3_EV_IRQHandler                       0x080001db   Thumb Code     0  startup_stm32f427xx.o(.text)
    OTG_FS_WKUP_IRQHandler                   0x080001db   Thumb Code     0  startup_stm32f427xx.o(.text)
    OTG_HS_EP1_IN_IRQHandler                 0x080001db   Thumb Code     0  startup_stm32f427xx.o(.text)
    OTG_HS_EP1_OUT_IRQHandler                0x080001db   Thumb Code     0  startup_stm32f427xx.o(.text)
    OTG_HS_IRQHandler                        0x080001db   Thumb Code     0  startup_stm32f427xx.o(.text)
    OTG_HS_WKUP_IRQHandler                   0x080001db   Thumb Code     0  startup_stm32f427xx.o(.text)
    PVD_IRQHandler                           0x080001db   Thumb Code     0  startup_stm32f427xx.o(.text)
    RCC_IRQHandler                           0x080001db   Thumb Code     0  startup_stm32f427xx.o(.text)
    RTC_Alarm_IRQHandler                     0x080001db   Thumb Code     0  startup_stm32f427xx.o(.text)
    RTC_WKUP_IRQHandler                      0x080001db   Thumb Code     0  startup_stm32f427xx.o(.text)
    SAI1_IRQHandler                          0x080001db   Thumb Code     0  startup_stm32f427xx.o(.text)
    SDIO_IRQHandler                          0x080001db   Thumb Code     0  startup_stm32f427xx.o(.text)
    SPI1_IRQHandler                          0x080001db   Thumb Code     0  startup_stm32f427xx.o(.text)
    SPI2_IRQHandler                          0x080001db   Thumb Code     0  startup_stm32f427xx.o(.text)
    SPI3_IRQHandler                          0x080001db   Thumb Code     0  startup_stm32f427xx.o(.text)
    SPI4_IRQHandler                          0x080001db   Thumb Code     0  startup_stm32f427xx.o(.text)
    SPI5_IRQHandler                          0x080001db   Thumb Code     0  startup_stm32f427xx.o(.text)
    SPI6_IRQHandler                          0x080001db   Thumb Code     0  startup_stm32f427xx.o(.text)
    TAMP_STAMP_IRQHandler                    0x080001db   Thumb Code     0  startup_stm32f427xx.o(.text)
    TIM1_BRK_TIM9_IRQHandler                 0x080001db   Thumb Code     0  startup_stm32f427xx.o(.text)
    TIM1_CC_IRQHandler                       0x080001db   Thumb Code     0  startup_stm32f427xx.o(.text)
    TIM1_TRG_COM_TIM11_IRQHandler            0x080001db   Thumb Code     0  startup_stm32f427xx.o(.text)
    TIM1_UP_TIM10_IRQHandler                 0x080001db   Thumb Code     0  startup_stm32f427xx.o(.text)
    TIM2_IRQHandler                          0x080001db   Thumb Code     0  startup_stm32f427xx.o(.text)
    TIM3_IRQHandler                          0x080001db   Thumb Code     0  startup_stm32f427xx.o(.text)
    TIM4_IRQHandler                          0x080001db   Thumb Code     0  startup_stm32f427xx.o(.text)
    TIM5_IRQHandler                          0x080001db   Thumb Code     0  startup_stm32f427xx.o(.text)
    TIM6_DAC_IRQHandler                      0x080001db   Thumb Code     0  startup_stm32f427xx.o(.text)
    TIM7_IRQHandler                          0x080001db   Thumb Code     0  startup_stm32f427xx.o(.text)
    TIM8_BRK_TIM12_IRQHandler                0x080001db   Thumb Code     0  startup_stm32f427xx.o(.text)
    TIM8_CC_IRQHandler                       0x080001db   Thumb Code     0  startup_stm32f427xx.o(.text)
    TIM8_TRG_COM_TIM14_IRQHandler            0x080001db   Thumb Code     0  startup_stm32f427xx.o(.text)
    TIM8_UP_TIM13_IRQHandler                 0x080001db   Thumb Code     0  startup_stm32f427xx.o(.text)
    UART4_IRQHandler                         0x080001db   Thumb Code     0  startup_stm32f427xx.o(.text)
    UART5_IRQHandler                         0x080001db   Thumb Code     0  startup_stm32f427xx.o(.text)
    UART7_IRQHandler                         0x080001db   Thumb Code     0  startup_stm32f427xx.o(.text)
    UART8_IRQHandler                         0x080001db   Thumb Code     0  startup_stm32f427xx.o(.text)
    USART1_IRQHandler                        0x080001db   Thumb Code     0  startup_stm32f427xx.o(.text)
    USART2_IRQHandler                        0x080001db   Thumb Code     0  startup_stm32f427xx.o(.text)
    USART3_IRQHandler                        0x080001db   Thumb Code     0  startup_stm32f427xx.o(.text)
    WWDG_IRQHandler                          0x080001db   Thumb Code     0  startup_stm32f427xx.o(.text)
    __aeabi_uldivmod                         0x080001e5   Thumb Code    98  uldiv.o(.text)
    __aeabi_memset                           0x08000247   Thumb Code    14  memseta.o(.text)
    __aeabi_memset4                          0x08000247   Thumb Code     0  memseta.o(.text)
    __aeabi_memset8                          0x08000247   Thumb Code     0  memseta.o(.text)
    __aeabi_memclr                           0x08000255   Thumb Code     4  memseta.o(.text)
    __aeabi_memclr4                          0x08000255   Thumb Code     0  memseta.o(.text)
    __aeabi_memclr8                          0x08000255   Thumb Code     0  memseta.o(.text)
    _memset$wrapper                          0x08000259   Thumb Code    18  memseta.o(.text)
    __aeabi_uidiv                            0x0800026b   Thumb Code     0  uidiv.o(.text)
    __aeabi_uidivmod                         0x0800026b   Thumb Code    44  uidiv.o(.text)
    __aeabi_llsl                             0x08000297   Thumb Code    30  llshl.o(.text)
    _ll_shift_l                              0x08000297   Thumb Code     0  llshl.o(.text)
    __aeabi_llsr                             0x080002b5   Thumb Code    32  llushr.o(.text)
    _ll_ushift_r                             0x080002b5   Thumb Code     0  llushr.o(.text)
    __I$use$fp                               0x080002d5   Thumb Code     0  iusefp.o(.text)
    __aeabi_dadd                             0x080002d5   Thumb Code   322  dadd.o(.text)
    __aeabi_dsub                             0x08000417   Thumb Code     6  dadd.o(.text)
    __aeabi_drsub                            0x0800041d   Thumb Code     6  dadd.o(.text)
    __aeabi_dmul                             0x08000423   Thumb Code   228  dmul.o(.text)
    __aeabi_ddiv                             0x08000507   Thumb Code   222  ddiv.o(.text)
    __aeabi_d2ulz                            0x080005e5   Thumb Code    48  dfixul.o(.text)
    __aeabi_cdrcmple                         0x08000615   Thumb Code    48  cdrcmple.o(.text)
    __scatterload                            0x08000645   Thumb Code    28  init.o(.text)
    __scatterload_rt2                        0x08000645   Thumb Code     0  init.o(.text)
    __aeabi_lasr                             0x08000669   Thumb Code    36  llsshr.o(.text)
    _ll_sshift_r                             0x08000669   Thumb Code     0  llsshr.o(.text)
    _double_round                            0x0800068d   Thumb Code    30  depilogue.o(.text)
    _double_epilogue                         0x080006ab   Thumb Code   156  depilogue.o(.text)
    BusFault_Handler                         0x08000749   Thumb Code     2  stm32f4xx_it.o(.text.BusFault_Handler)
    DebugMon_Handler                         0x080007b5   Thumb Code     2  stm32f4xx_it.o(.text.DebugMon_Handler)
    Error_Handler                            0x080007b9   Thumb Code    10  main.o(.text.Error_Handler)
    HAL_DMA_Abort                            0x080007c5   Thumb Code   142  stm32f4xx_hal_dma.o(.text.HAL_DMA_Abort)
    HAL_DMA_Abort_IT                         0x08000855   Thumb Code    36  stm32f4xx_hal_dma.o(.text.HAL_DMA_Abort_IT)
    HAL_Delay                                0x08000879   Thumb Code    40  stm32f4xx_hal.o(.text.HAL_Delay)
    HAL_GPIO_Init                            0x080008a1   Thumb Code   422  stm32f4xx_hal_gpio.o(.text.HAL_GPIO_Init)
    HAL_GPIO_TogglePin                       0x08000a49   Thumb Code    16  stm32f4xx_hal_gpio.o(.text.HAL_GPIO_TogglePin)
    HAL_GPIO_WritePin                        0x08000a59   Thumb Code    10  stm32f4xx_hal_gpio.o(.text.HAL_GPIO_WritePin)
    HAL_GetTick                              0x08000a65   Thumb Code    12  stm32f4xx_hal.o(.text.HAL_GetTick)
    HAL_IncTick                              0x08000a71   Thumb Code    26  stm32f4xx_hal.o(.text.HAL_IncTick)
    HAL_Init                                 0x08000a8d   Thumb Code    54  stm32f4xx_hal.o(.text.HAL_Init)
    HAL_InitTick                             0x08000ac5   Thumb Code    72  stm32f4xx_hal.o(.text.HAL_InitTick)
    HAL_MspInit                              0x08000b0d   Thumb Code    56  stm32f4xx_hal_msp.o(.text.HAL_MspInit)
    HAL_NVIC_EnableIRQ                       0x08000b45   Thumb Code    38  stm32f4xx_hal_cortex.o(.text.HAL_NVIC_EnableIRQ)
    HAL_NVIC_SetPriority                     0x08000b6d   Thumb Code    86  stm32f4xx_hal_cortex.o(.text.HAL_NVIC_SetPriority)
    HAL_NVIC_SetPriorityGrouping             0x08000bc5   Thumb Code    32  stm32f4xx_hal_cortex.o(.text.HAL_NVIC_SetPriorityGrouping)
    HAL_PCDEx_LPM_Callback                   0x08000be5   Thumb Code     2  stm32f4xx_hal_pcd_ex.o(.text.HAL_PCDEx_LPM_Callback)
    HAL_PCDEx_SetRxFiFo                      0x08000be9   Thumb Code     8  stm32f4xx_hal_pcd_ex.o(.text.HAL_PCDEx_SetRxFiFo)
    HAL_PCDEx_SetTxFiFo                      0x08000bf1   Thumb Code   234  stm32f4xx_hal_pcd_ex.o(.text.HAL_PCDEx_SetTxFiFo)
    HAL_PCD_ConnectCallback                  0x08000cdd   Thumb Code     8  usbd_conf.o(.text.HAL_PCD_ConnectCallback)
    HAL_PCD_DataInStageCallback              0x08000ce5   Thumb Code    20  usbd_conf.o(.text.HAL_PCD_DataInStageCallback)
    HAL_PCD_DataOutStageCallback             0x08000cf9   Thumb Code    22  usbd_conf.o(.text.HAL_PCD_DataOutStageCallback)
    HAL_PCD_DisconnectCallback               0x08000d11   Thumb Code     8  usbd_conf.o(.text.HAL_PCD_DisconnectCallback)
    HAL_PCD_EP_Close                         0x08000d19   Thumb Code    80  stm32f4xx_hal_pcd.o(.text.HAL_PCD_EP_Close)
    HAL_PCD_EP_ClrStall                      0x08000d69   Thumb Code   104  stm32f4xx_hal_pcd.o(.text.HAL_PCD_EP_ClrStall)
    HAL_PCD_EP_GetRxCount                    0x08000dd1   Thumb Code    18  stm32f4xx_hal_pcd.o(.text.HAL_PCD_EP_GetRxCount)
    HAL_PCD_EP_Open                          0x08000de5   Thumb Code   104  stm32f4xx_hal_pcd.o(.text.HAL_PCD_EP_Open)
    HAL_PCD_EP_Receive                       0x08000e4d   Thumb Code    76  stm32f4xx_hal_pcd.o(.text.HAL_PCD_EP_Receive)
    HAL_PCD_EP_SetStall                      0x08000e99   Thumb Code   124  stm32f4xx_hal_pcd.o(.text.HAL_PCD_EP_SetStall)
    HAL_PCD_EP_Transmit                      0x08000f15   Thumb Code    68  stm32f4xx_hal_pcd.o(.text.HAL_PCD_EP_Transmit)
    HAL_PCD_IRQHandler                       0x08000f59   Thumb Code  2342  stm32f4xx_hal_pcd.o(.text.HAL_PCD_IRQHandler)
    HAL_PCD_ISOINIncompleteCallback          0x08001881   Thumb Code     8  usbd_conf.o(.text.HAL_PCD_ISOINIncompleteCallback)
    HAL_PCD_ISOOUTIncompleteCallback         0x08001889   Thumb Code     8  usbd_conf.o(.text.HAL_PCD_ISOOUTIncompleteCallback)
    HAL_PCD_Init                             0x08001891   Thumb Code   318  stm32f4xx_hal_pcd.o(.text.HAL_PCD_Init)
    HAL_PCD_MspInit                          0x080019d1   Thumb Code   126  usbd_conf.o(.text.HAL_PCD_MspInit)
    HAL_PCD_ResetCallback                    0x08001a51   Thumb Code    42  usbd_conf.o(.text.HAL_PCD_ResetCallback)
    HAL_PCD_ResumeCallback                   0x08001a7d   Thumb Code     8  usbd_conf.o(.text.HAL_PCD_ResumeCallback)
    HAL_PCD_SOFCallback                      0x08001a85   Thumb Code     8  usbd_conf.o(.text.HAL_PCD_SOFCallback)
    HAL_PCD_SetAddress                       0x08001a8d   Thumb Code    40  stm32f4xx_hal_pcd.o(.text.HAL_PCD_SetAddress)
    HAL_PCD_SetupStageCallback               0x08001ab5   Thumb Code    14  usbd_conf.o(.text.HAL_PCD_SetupStageCallback)
    HAL_PCD_Start                            0x08001ac5   Thumb Code    62  stm32f4xx_hal_pcd.o(.text.HAL_PCD_Start)
    HAL_PCD_SuspendCallback                  0x08001b05   Thumb Code    52  usbd_conf.o(.text.HAL_PCD_SuspendCallback)
    HAL_RCC_ClockConfig                      0x08001b39   Thumb Code   352  stm32f4xx_hal_rcc.o(.text.HAL_RCC_ClockConfig)
    HAL_RCC_GetHCLKFreq                      0x08001c99   Thumb Code    12  stm32f4xx_hal_rcc.o(.text.HAL_RCC_GetHCLKFreq)
    HAL_RCC_GetPCLK1Freq                     0x08001ca5   Thumb Code    38  stm32f4xx_hal_rcc.o(.text.HAL_RCC_GetPCLK1Freq)
    HAL_RCC_GetPCLK2Freq                     0x08001ccd   Thumb Code    38  stm32f4xx_hal_rcc.o(.text.HAL_RCC_GetPCLK2Freq)
    HAL_RCC_GetSysClockFreq                  0x08001cf5   Thumb Code   106  stm32f4xx_hal_rcc.o(.text.HAL_RCC_GetSysClockFreq)
    HAL_RCC_OscConfig                        0x08001d61   Thumb Code   884  stm32f4xx_hal_rcc.o(.text.HAL_RCC_OscConfig)
    HAL_SYSTICK_Config                       0x080020d5   Thumb Code    44  stm32f4xx_hal_cortex.o(.text.HAL_SYSTICK_Config)
    HAL_TIMEx_MasterConfigSynchronization    0x08002101   Thumb Code   182  stm32f4xx_hal_tim_ex.o(.text.HAL_TIMEx_MasterConfigSynchronization)
    HAL_TIM_Encoder_Init                     0x080021b9   Thumb Code   178  stm32f4xx_hal_tim.o(.text.HAL_TIM_Encoder_Init)
    HAL_TIM_Encoder_MspInit                  0x0800226d   Thumb Code    98  tim.o(.text.HAL_TIM_Encoder_MspInit)
    HAL_TIM_Encoder_Start                    0x080022d1   Thumb Code   188  stm32f4xx_hal_tim.o(.text.HAL_TIM_Encoder_Start)
    HAL_UARTEx_RxEventCallback               0x0800238d   Thumb Code     2  stm32f4xx_hal_uart.o(.text.HAL_UARTEx_RxEventCallback)
    HAL_UART_ErrorCallback                   0x08002391   Thumb Code     2  stm32f4xx_hal_uart.o(.text.HAL_UART_ErrorCallback)
    HAL_UART_IRQHandler                      0x08002395   Thumb Code  1380  stm32f4xx_hal_uart.o(.text.HAL_UART_IRQHandler)
    HAL_UART_Init                            0x080028f9   Thumb Code    94  stm32f4xx_hal_uart.o(.text.HAL_UART_Init)
    HAL_UART_MspInit                         0x08002959   Thumb Code   124  usart.o(.text.HAL_UART_MspInit)
    HAL_UART_RxCpltCallback                  0x080029d5   Thumb Code     2  stm32f4xx_hal_uart.o(.text.HAL_UART_RxCpltCallback)
    HAL_UART_TxCpltCallback                  0x080029d9   Thumb Code     2  stm32f4xx_hal_uart.o(.text.HAL_UART_TxCpltCallback)
    HardFault_Handler                        0x080029dd   Thumb Code     2  stm32f4xx_it.o(.text.HardFault_Handler)
    MX_GPIO_Init                             0x080029e1   Thumb Code   142  gpio.o(.text.MX_GPIO_Init)
    MX_TIM2_Init                             0x08002a71   Thumb Code   106  tim.o(.text.MX_TIM2_Init)
    MX_USART6_UART_Init                      0x08002add   Thumb Code    60  usart.o(.text.MX_USART6_UART_Init)
    MX_USB_DEVICE_Init                       0x08002b19   Thumb Code   114  usb_device.o(.text.MX_USB_DEVICE_Init)
    MemManage_Handler                        0x08002b8d   Thumb Code     2  stm32f4xx_it.o(.text.MemManage_Handler)
    NMI_Handler                              0x08002b91   Thumb Code     2  stm32f4xx_it.o(.text.NMI_Handler)
    OTG_FS_IRQHandler                        0x08002b95   Thumb Code    12  stm32f4xx_it.o(.text.OTG_FS_IRQHandler)
    PendSV_Handler                           0x08002ba1   Thumb Code     2  stm32f4xx_it.o(.text.PendSV_Handler)
    SVC_Handler                              0x08002ba5   Thumb Code     2  stm32f4xx_it.o(.text.SVC_Handler)
    SysTick_Handler                          0x08002ba9   Thumb Code     4  stm32f4xx_it.o(.text.SysTick_Handler)
    SystemClock_Config                       0x08002bad   Thumb Code   172  main.o(.text.SystemClock_Config)
    SystemInit                               0x08002c59   Thumb Code    18  system_stm32f4xx.o(.text.SystemInit)
    TIM_Base_SetConfig                       0x08002c6d   Thumb Code   316  stm32f4xx_hal_tim.o(.text.TIM_Base_SetConfig)
    USART6_IRQHandler                        0x08002fa5   Thumb Code    12  stm32f4xx_it.o(.text.USART6_IRQHandler)
    USBD_CDC_GetDeviceQualifierDescriptor    0x080030fd   Thumb Code    16  usbd_cdc.o(.text.USBD_CDC_GetDeviceQualifierDescriptor)
    USBD_CDC_ReceivePacket                   0x080032e5   Thumb Code    52  usbd_cdc.o(.text.USBD_CDC_ReceivePacket)
    USBD_CDC_RegisterInterface               0x08003319   Thumb Code    24  usbd_cdc.o(.text.USBD_CDC_RegisterInterface)
    USBD_CDC_SetRxBuffer                     0x08003331   Thumb Code    26  usbd_cdc.o(.text.USBD_CDC_SetRxBuffer)
    USBD_CDC_SetTxBuffer                     0x0800334d   Thumb Code    30  usbd_cdc.o(.text.USBD_CDC_SetTxBuffer)
    USBD_CDC_TransmitPacket                  0x0800346d   Thumb Code    62  usbd_cdc.o(.text.USBD_CDC_TransmitPacket)
    USBD_ClrClassConfig                      0x080034ad   Thumb Code    18  usbd_core.o(.text.USBD_ClrClassConfig)
    USBD_CoreFindEP                          0x080034c1   Thumb Code     4  usbd_core.o(.text.USBD_CoreFindEP)
    USBD_CoreFindIF                          0x080034c5   Thumb Code     4  usbd_core.o(.text.USBD_CoreFindIF)
    USBD_CtlContinueRx                       0x080034c9   Thumb Code    16  usbd_ioreq.o(.text.USBD_CtlContinueRx)
    USBD_CtlContinueSendData                 0x080034d9   Thumb Code    16  usbd_ioreq.o(.text.USBD_CtlContinueSendData)
    USBD_CtlError                            0x080034e9   Thumb Code    22  usbd_ctlreq.o(.text.USBD_CtlError)
    USBD_CtlPrepareRx                        0x08003501   Thumb Code    26  usbd_ioreq.o(.text.USBD_CtlPrepareRx)
    USBD_CtlReceiveStatus                    0x0800351d   Thumb Code    22  usbd_ioreq.o(.text.USBD_CtlReceiveStatus)
    USBD_CtlSendData                         0x08003535   Thumb Code    26  usbd_ioreq.o(.text.USBD_CtlSendData)
    USBD_CtlSendStatus                       0x08003551   Thumb Code    22  usbd_ioreq.o(.text.USBD_CtlSendStatus)
    USBD_FS_ConfigStrDescriptor              0x08003569   Thumb Code    24  usbd_desc.o(.text.USBD_FS_ConfigStrDescriptor)
    USBD_FS_DeviceDescriptor                 0x0800358d   Thumb Code    14  usbd_desc.o(.text.USBD_FS_DeviceDescriptor)
    USBD_FS_InterfaceStrDescriptor           0x0800359d   Thumb Code    24  usbd_desc.o(.text.USBD_FS_InterfaceStrDescriptor)
    USBD_FS_LangIDStrDescriptor              0x080035c5   Thumb Code    14  usbd_desc.o(.text.USBD_FS_LangIDStrDescriptor)
    USBD_FS_ManufacturerStrDescriptor        0x080035d5   Thumb Code    24  usbd_desc.o(.text.USBD_FS_ManufacturerStrDescriptor)
    USBD_FS_ProductStrDescriptor             0x08003601   Thumb Code    24  usbd_desc.o(.text.USBD_FS_ProductStrDescriptor)
    USBD_FS_SerialStrDescriptor              0x08003631   Thumb Code   364  usbd_desc.o(.text.USBD_FS_SerialStrDescriptor)
    USBD_GetEpDesc                           0x0800379d   Thumb Code   128  usbd_core.o(.text.USBD_GetEpDesc)
    USBD_GetString                           0x0800381d   Thumb Code   218  usbd_ctlreq.o(.text.USBD_GetString)
    USBD_Init                                0x080038f9   Thumb Code    42  usbd_core.o(.text.USBD_Init)
    USBD_LL_ClearStallEP                     0x08003925   Thumb Code    34  usbd_conf.o(.text.USBD_LL_ClearStallEP)
    USBD_LL_CloseEP                          0x08003949   Thumb Code    34  usbd_conf.o(.text.USBD_LL_CloseEP)
    USBD_LL_DataInStage                      0x0800396d   Thumb Code   182  usbd_core.o(.text.USBD_LL_DataInStage)
    USBD_LL_DataOutStage                     0x08003a25   Thumb Code   120  usbd_core.o(.text.USBD_LL_DataOutStage)
    USBD_LL_DevConnected                     0x08003a9d   Thumb Code     4  usbd_core.o(.text.USBD_LL_DevConnected)
    USBD_LL_DevDisconnected                  0x08003aa1   Thumb Code    32  usbd_core.o(.text.USBD_LL_DevDisconnected)
    USBD_LL_GetRxDataSize                    0x08003ac1   Thumb Code     8  usbd_conf.o(.text.USBD_LL_GetRxDataSize)
    USBD_LL_Init                             0x08003ac9   Thumb Code   112  usbd_conf.o(.text.USBD_LL_Init)
    USBD_LL_IsStallEP                        0x08003b39   Thumb Code    34  usbd_conf.o(.text.USBD_LL_IsStallEP)
    USBD_LL_IsoINIncomplete                  0x08003b5d   Thumb Code    40  usbd_core.o(.text.USBD_LL_IsoINIncomplete)
    USBD_LL_IsoOUTIncomplete                 0x08003b85   Thumb Code    40  usbd_core.o(.text.USBD_LL_IsoOUTIncomplete)
    USBD_LL_OpenEP                           0x08003bad   Thumb Code    40  usbd_conf.o(.text.USBD_LL_OpenEP)
    USBD_LL_PrepareReceive                   0x08003bd5   Thumb Code    34  usbd_conf.o(.text.USBD_LL_PrepareReceive)
    USBD_LL_Reset                            0x08003bf9   Thumb Code   102  usbd_core.o(.text.USBD_LL_Reset)
    USBD_LL_Resume                           0x08003c61   Thumb Code    20  usbd_core.o(.text.USBD_LL_Resume)
    USBD_LL_SOF                              0x08003c75   Thumb Code    28  usbd_core.o(.text.USBD_LL_SOF)
    USBD_LL_SetSpeed                         0x08003c91   Thumb Code     8  usbd_core.o(.text.USBD_LL_SetSpeed)
    USBD_LL_SetUSBAddress                    0x08003c99   Thumb Code    34  usbd_conf.o(.text.USBD_LL_SetUSBAddress)
    USBD_LL_SetupStage                       0x08003cbd   Thumb Code    98  usbd_core.o(.text.USBD_LL_SetupStage)
    USBD_LL_StallEP                          0x08003d21   Thumb Code    34  usbd_conf.o(.text.USBD_LL_StallEP)
    USBD_LL_Start                            0x08003d45   Thumb Code    34  usbd_conf.o(.text.USBD_LL_Start)
    USBD_LL_Suspend                          0x08003d69   Thumb Code    20  usbd_core.o(.text.USBD_LL_Suspend)
    USBD_LL_Transmit                         0x08003d7d   Thumb Code    34  usbd_conf.o(.text.USBD_LL_Transmit)
    USBD_ParseSetupRequest                   0x08003da1   Thumb Code    22  usbd_ctlreq.o(.text.USBD_ParseSetupRequest)
    USBD_RegisterClass                       0x08003db9   Thumb Code    66  usbd_core.o(.text.USBD_RegisterClass)
    USBD_SetClassConfig                      0x08003dfd   Thumb Code    16  usbd_core.o(.text.USBD_SetClassConfig)
    USBD_Start                               0x08003e0d   Thumb Code     4  usbd_core.o(.text.USBD_Start)
    USBD_StdDevReq                           0x08003e11   Thumb Code   884  usbd_ctlreq.o(.text.USBD_StdDevReq)
    USBD_StdEPReq                            0x08004185   Thumb Code   370  usbd_ctlreq.o(.text.USBD_StdEPReq)
    USBD_StdItfReq                           0x080042f9   Thumb Code   148  usbd_ctlreq.o(.text.USBD_StdItfReq)
    USBD_static_free                         0x0800438d   Thumb Code     2  usbd_conf.o(.text.USBD_static_free)
    USBD_static_malloc                       0x08004391   Thumb Code    10  usbd_conf.o(.text.USBD_static_malloc)
    USBVcom_printf                           0x0800439d   Thumb Code    90  usbd_cdc_if.o(.text.USBVcom_printf)
    USB_ActivateEndpoint                     0x080043f9   Thumb Code   130  stm32f4xx_ll_usb.o(.text.USB_ActivateEndpoint)
    USB_ActivateSetup                        0x0800447d   Thumb Code    32  stm32f4xx_ll_usb.o(.text.USB_ActivateSetup)
    USB_CoreInit                             0x0800449d   Thumb Code   478  stm32f4xx_ll_usb.o(.text.USB_CoreInit)
    USB_DeactivateEndpoint                   0x0800467d   Thumb Code   134  stm32f4xx_ll_usb.o(.text.USB_DeactivateEndpoint)
    USB_DevConnect                           0x08004705   Thumb Code    30  stm32f4xx_ll_usb.o(.text.USB_DevConnect)
    USB_DevDisconnect                        0x08004725   Thumb Code    30  stm32f4xx_ll_usb.o(.text.USB_DevDisconnect)
    USB_DevInit                              0x08004745   Thumb Code  1170  stm32f4xx_ll_usb.o(.text.USB_DevInit)
    USB_DisableGlobalInt                     0x08004bd9   Thumb Code    14  stm32f4xx_ll_usb.o(.text.USB_DisableGlobalInt)
    USB_EP0StartXfer                         0x08004be9   Thumb Code   252  stm32f4xx_ll_usb.o(.text.USB_EP0StartXfer)
    USB_EP0_OutStart                         0x08004ce5   Thumb Code    90  stm32f4xx_ll_usb.o(.text.USB_EP0_OutStart)
    USB_EPClearStall                         0x08004d41   Thumb Code    82  stm32f4xx_ll_usb.o(.text.USB_EPClearStall)
    USB_EPSetStall                           0x08004d95   Thumb Code    62  stm32f4xx_ll_usb.o(.text.USB_EPSetStall)
    USB_EPStartXfer                          0x08004dd5   Thumb Code   494  stm32f4xx_ll_usb.o(.text.USB_EPStartXfer)
    USB_EPStopXfer                           0x08004fc5   Thumb Code   270  stm32f4xx_ll_usb.o(.text.USB_EPStopXfer)
    USB_EnableGlobalInt                      0x080050d5   Thumb Code    14  stm32f4xx_ll_usb.o(.text.USB_EnableGlobalInt)
    USB_FlushTxFifo                          0x080050e5   Thumb Code   182  stm32f4xx_ll_usb.o(.text.USB_FlushTxFifo)
    USB_GetDevSpeed                          0x0800519d   Thumb Code    26  stm32f4xx_ll_usb.o(.text.USB_GetDevSpeed)
    USB_GetMode                              0x080051b9   Thumb Code     8  stm32f4xx_ll_usb.o(.text.USB_GetMode)
    USB_ReadDevAllInEpInterrupt              0x080051c1   Thumb Code    14  stm32f4xx_ll_usb.o(.text.USB_ReadDevAllInEpInterrupt)
    USB_ReadDevAllOutEpInterrupt             0x080051d1   Thumb Code    14  stm32f4xx_ll_usb.o(.text.USB_ReadDevAllOutEpInterrupt)
    USB_ReadDevInEPInterrupt                 0x080051e1   Thumb Code    36  stm32f4xx_ll_usb.o(.text.USB_ReadDevInEPInterrupt)
    USB_ReadDevOutEPInterrupt                0x08005205   Thumb Code    16  stm32f4xx_ll_usb.o(.text.USB_ReadDevOutEPInterrupt)
    USB_ReadInterrupts                       0x08005215   Thumb Code     8  stm32f4xx_ll_usb.o(.text.USB_ReadInterrupts)
    USB_ReadPacket                           0x0800521d   Thumb Code   170  stm32f4xx_ll_usb.o(.text.USB_ReadPacket)
    USB_SetCurrentMode                       0x080052c9   Thumb Code   100  stm32f4xx_ll_usb.o(.text.USB_SetCurrentMode)
    USB_SetDevAddress                        0x0800532d   Thumb Code    34  stm32f4xx_ll_usb.o(.text.USB_SetDevAddress)
    USB_SetTurnaroundTime                    0x08005351   Thumb Code   288  stm32f4xx_ll_usb.o(.text.USB_SetTurnaroundTime)
    USB_WritePacket                          0x08005471   Thumb Code   106  stm32f4xx_ll_usb.o(.text.USB_WritePacket)
    UsageFault_Handler                       0x080054dd   Thumb Code     2  stm32f4xx_it.o(.text.UsageFault_Handler)
    main                                     0x080054e1   Thumb Code   100  main.o(.text.main)
    __0vsnprintf                             0x08005569   Thumb Code    46  printfa.o(i.__0vsnprintf)
    __1vsnprintf                             0x08005569   Thumb Code     0  printfa.o(i.__0vsnprintf)
    __2vsnprintf                             0x08005569   Thumb Code     0  printfa.o(i.__0vsnprintf)
    __c89vsnprintf                           0x08005569   Thumb Code     0  printfa.o(i.__0vsnprintf)
    vsnprintf                                0x08005569   Thumb Code     0  printfa.o(i.__0vsnprintf)
    __scatterload_copy                       0x0800559d   Thumb Code    14  handlers.o(i.__scatterload_copy)
    __scatterload_null                       0x080055ab   Thumb Code     2  handlers.o(i.__scatterload_null)
    __scatterload_zeroinit                   0x080055ad   Thumb Code    14  handlers.o(i.__scatterload_zeroinit)
    AHBPrescTable                            0x08005e84   Data          16  system_stm32f4xx.o(.rodata.AHBPrescTable)
    APBPrescTable                            0x08005e94   Data           8  system_stm32f4xx.o(.rodata.APBPrescTable)
    Region$$Table$$Base                      0x08005e9c   Number         0  anon$$obj.o(Region$$Table)
    Region$$Table$$Limit                     0x08005ebc   Number         0  anon$$obj.o(Region$$Table)
    uwTickFreq                               0x20000000   Data           1  stm32f4xx_hal.o(.data..L_MergedGlobals)
    uwTickPrio                               0x20000004   Data           4  stm32f4xx_hal.o(.data..L_MergedGlobals)
    FS_Desc                                  0x20000008   Data          28  usbd_desc.o(.data.FS_Desc)
    SystemCoreClock                          0x20000024   Data           4  system_stm32f4xx.o(.data.SystemCoreClock)
    USBD_CDC                                 0x20000028   Data          56  usbd_cdc.o(.data.USBD_CDC)
    USBD_FS_DeviceDesc                       0x200000b0   Data          18  usbd_desc.o(.data.USBD_FS_DeviceDesc)
    USBD_Interface_fops_FS                   0x200000c4   Data          20  usbd_cdc_if.o(.data.USBD_Interface_fops_FS)
    USBD_LangIDDesc                          0x200000d8   Data           4  usbd_desc.o(.data.USBD_LangIDDesc)
    USBD_StringSerial                        0x200000dc   Data          26  usbd_desc.o(.data.USBD_StringSerial)
    TIMcnt                                   0x200000f8   Data           4  main.o(.bss.TIMcnt)
    USBD_StrDesc                             0x20000100   Data         512  usbd_desc.o(.bss.USBD_StrDesc)
    UserRxBufferFS                           0x20000520   Data        2048  usbd_cdc_if.o(.bss.UserRxBufferFS)
    UserTxBufferFS                           0x20000d20   Data        2048  usbd_cdc_if.o(.bss.UserTxBufferFS)
    hUsbDeviceFS                             0x20001520   Data         732  usb_device.o(.bss.hUsbDeviceFS)
    hpcd_USB_OTG_FS                          0x200017fc   Data        1292  usbd_conf.o(.bss.hpcd_USB_OTG_FS)
    htim2                                    0x20001d08   Data          72  tim.o(.bss.htim2)
    huart6                                   0x20001d50   Data          68  usart.o(.bss.huart6)
    uwTick                                   0x20001d94   Data           4  stm32f4xx_hal.o(.bss.uwTick)
    __initial_sp                             0x20002198   Data           0  startup_stm32f427xx.o(STACK)



==============================================================================

Memory Map of the image

  Image Entry point : 0x080001ad

  Load Region LR_IROM1 (Base: 0x08000000, Size: 0x00005fb8, Max: 0x00200000, ABSOLUTE)

    Execution Region ER_IROM1 (Exec base: 0x08000000, Load base: 0x08000000, Size: 0x00005ebc, Max: 0x00200000, ABSOLUTE)

    Exec Addr    Load Addr    Size         Type   Attr      Idx    E Section Name        Object

    0x08000000   0x08000000   0x000001ac   Data   RO            3    RESET               startup_stm32f427xx.o
    0x080001ac   0x080001ac   0x00000000   Code   RO         1436  * .ARM.Collect$$$$00000000  mc_w.l(entry.o)
    0x080001ac   0x080001ac   0x00000004   Code   RO         1471    .ARM.Collect$$$$00000001  mc_w.l(entry2.o)
    0x080001b0   0x080001b0   0x00000004   Code   RO         1474    .ARM.Collect$$$$00000004  mc_w.l(entry5.o)
    0x080001b4   0x080001b4   0x00000000   Code   RO         1476    .ARM.Collect$$$$00000008  mc_w.l(entry7b.o)
    0x080001b4   0x080001b4   0x00000000   Code   RO         1478    .ARM.Collect$$$$0000000A  mc_w.l(entry8b.o)
    0x080001b4   0x080001b4   0x00000008   Code   RO         1479    .ARM.Collect$$$$0000000B  mc_w.l(entry9a.o)
    0x080001bc   0x080001bc   0x00000000   Code   RO         1481    .ARM.Collect$$$$0000000D  mc_w.l(entry10a.o)
    0x080001bc   0x080001bc   0x00000000   Code   RO         1483    .ARM.Collect$$$$0000000F  mc_w.l(entry11a.o)
    0x080001bc   0x080001bc   0x00000004   Code   RO         1472    .ARM.Collect$$$$00002712  mc_w.l(entry2.o)
    0x080001c0   0x080001c0   0x00000024   Code   RO            4    .text               startup_stm32f427xx.o
    0x080001e4   0x080001e4   0x00000062   Code   RO         1439    .text               mc_w.l(uldiv.o)
    0x08000246   0x08000246   0x00000024   Code   RO         1441    .text               mc_w.l(memseta.o)
    0x0800026a   0x0800026a   0x0000002c   Code   RO         1495    .text               mc_w.l(uidiv.o)
    0x08000296   0x08000296   0x0000001e   Code   RO         1497    .text               mc_w.l(llshl.o)
    0x080002b4   0x080002b4   0x00000020   Code   RO         1499    .text               mc_w.l(llushr.o)
    0x080002d4   0x080002d4   0x00000000   Code   RO         1501    .text               mc_w.l(iusefp.o)
    0x080002d4   0x080002d4   0x0000014e   Code   RO         1502    .text               mf_w.l(dadd.o)
    0x08000422   0x08000422   0x000000e4   Code   RO         1504    .text               mf_w.l(dmul.o)
    0x08000506   0x08000506   0x000000de   Code   RO         1506    .text               mf_w.l(ddiv.o)
    0x080005e4   0x080005e4   0x00000030   Code   RO         1508    .text               mf_w.l(dfixul.o)
    0x08000614   0x08000614   0x00000030   Code   RO         1510    .text               mf_w.l(cdrcmple.o)
    0x08000644   0x08000644   0x00000024   Code   RO         1512    .text               mc_w.l(init.o)
    0x08000668   0x08000668   0x00000024   Code   RO         1514    .text               mc_w.l(llsshr.o)
    0x0800068c   0x0800068c   0x000000ba   Code   RO         1516    .text               mf_w.l(depilogue.o)
    0x08000746   0x08000746   0x00000002   PAD
    0x08000748   0x08000748   0x00000002   Code   RO           78    .text.BusFault_Handler  stm32f4xx_it.o
    0x0800074a   0x0800074a   0x00000002   PAD
    0x0800074c   0x0800074c   0x00000004   Code   RO         1204    .text.CDC_Control_FS  usbd_cdc_if.o
    0x08000750   0x08000750   0x00000004   Code   RO         1202    .text.CDC_DeInit_FS  usbd_cdc_if.o
    0x08000754   0x08000754   0x0000002c   Code   RO         1200    .text.CDC_Init_FS   usbd_cdc_if.o
    0x08000780   0x08000780   0x00000030   Code   RO         1206    .text.CDC_Receive_FS  usbd_cdc_if.o
    0x080007b0   0x080007b0   0x00000004   Code   RO         1208    .text.CDC_TransmitCplt_FS  usbd_cdc_if.o
    0x080007b4   0x080007b4   0x00000002   Code   RO           84    .text.DebugMon_Handler  stm32f4xx_it.o
    0x080007b6   0x080007b6   0x00000002   PAD
    0x080007b8   0x080007b8   0x0000000a   Code   RO           17    .text.Error_Handler  main.o
    0x080007c2   0x080007c2   0x00000002   PAD
    0x080007c4   0x080007c4   0x0000008e   Code   RO          477    .text.HAL_DMA_Abort  stm32f4xx_hal_dma.o
    0x08000852   0x08000852   0x00000002   PAD
    0x08000854   0x08000854   0x00000024   Code   RO          479    .text.HAL_DMA_Abort_IT  stm32f4xx_hal_dma.o
    0x08000878   0x08000878   0x00000028   Code   RO          636    .text.HAL_Delay     stm32f4xx_hal.o
    0x080008a0   0x080008a0   0x000001a6   Code   RO          431    .text.HAL_GPIO_Init  stm32f4xx_hal_gpio.o
    0x08000a46   0x08000a46   0x00000002   PAD
    0x08000a48   0x08000a48   0x00000010   Code   RO          439    .text.HAL_GPIO_TogglePin  stm32f4xx_hal_gpio.o
    0x08000a58   0x08000a58   0x0000000a   Code   RO          437    .text.HAL_GPIO_WritePin  stm32f4xx_hal_gpio.o
    0x08000a62   0x08000a62   0x00000002   PAD
    0x08000a64   0x08000a64   0x0000000c   Code   RO          628    .text.HAL_GetTick   stm32f4xx_hal.o
    0x08000a70   0x08000a70   0x0000001a   Code   RO          626    .text.HAL_IncTick   stm32f4xx_hal.o
    0x08000a8a   0x08000a8a   0x00000002   PAD
    0x08000a8c   0x08000a8c   0x00000036   Code   RO          616    .text.HAL_Init      stm32f4xx_hal.o
    0x08000ac2   0x08000ac2   0x00000002   PAD
    0x08000ac4   0x08000ac4   0x00000048   Code   RO          618    .text.HAL_InitTick  stm32f4xx_hal.o
    0x08000b0c   0x08000b0c   0x00000038   Code   RO          101    .text.HAL_MspInit   stm32f4xx_hal_msp.o
    0x08000b44   0x08000b44   0x00000026   Code   RO          574    .text.HAL_NVIC_EnableIRQ  stm32f4xx_hal_cortex.o
    0x08000b6a   0x08000b6a   0x00000002   PAD
    0x08000b6c   0x08000b6c   0x00000056   Code   RO          572    .text.HAL_NVIC_SetPriority  stm32f4xx_hal_cortex.o
    0x08000bc2   0x08000bc2   0x00000002   PAD
    0x08000bc4   0x08000bc4   0x00000020   Code   RO          570    .text.HAL_NVIC_SetPriorityGrouping  stm32f4xx_hal_cortex.o
    0x08000be4   0x08000be4   0x00000002   Code   RO          191    .text.HAL_PCDEx_LPM_Callback  stm32f4xx_hal_pcd_ex.o
    0x08000be6   0x08000be6   0x00000002   PAD
    0x08000be8   0x08000be8   0x00000008   Code   RO          189    .text.HAL_PCDEx_SetRxFiFo  stm32f4xx_hal_pcd_ex.o
    0x08000bf0   0x08000bf0   0x000000ea   Code   RO          187    .text.HAL_PCDEx_SetTxFiFo  stm32f4xx_hal_pcd_ex.o
    0x08000cda   0x08000cda   0x00000002   PAD
    0x08000cdc   0x08000cdc   0x00000008   Code   RO         1247    .text.HAL_PCD_ConnectCallback  usbd_conf.o
    0x08000ce4   0x08000ce4   0x00000014   Code   RO         1233    .text.HAL_PCD_DataInStageCallback  usbd_conf.o
    0x08000cf8   0x08000cf8   0x00000016   Code   RO         1231    .text.HAL_PCD_DataOutStageCallback  usbd_conf.o
    0x08000d0e   0x08000d0e   0x00000002   PAD
    0x08000d10   0x08000d10   0x00000008   Code   RO         1249    .text.HAL_PCD_DisconnectCallback  usbd_conf.o
    0x08000d18   0x08000d18   0x00000050   Code   RO          157    .text.HAL_PCD_EP_Close  stm32f4xx_hal_pcd.o
    0x08000d68   0x08000d68   0x00000068   Code   RO          167    .text.HAL_PCD_EP_ClrStall  stm32f4xx_hal_pcd.o
    0x08000dd0   0x08000dd0   0x00000012   Code   RO          161    .text.HAL_PCD_EP_GetRxCount  stm32f4xx_hal_pcd.o
    0x08000de2   0x08000de2   0x00000002   PAD
    0x08000de4   0x08000de4   0x00000068   Code   RO          155    .text.HAL_PCD_EP_Open  stm32f4xx_hal_pcd.o
    0x08000e4c   0x08000e4c   0x0000004c   Code   RO          159    .text.HAL_PCD_EP_Receive  stm32f4xx_hal_pcd.o
    0x08000e98   0x08000e98   0x0000007c   Code   RO          165    .text.HAL_PCD_EP_SetStall  stm32f4xx_hal_pcd.o
    0x08000f14   0x08000f14   0x00000044   Code   RO          163    .text.HAL_PCD_EP_Transmit  stm32f4xx_hal_pcd.o
    0x08000f58   0x08000f58   0x00000926   Code   RO          121    .text.HAL_PCD_IRQHandler  stm32f4xx_hal_pcd.o
    0x0800187e   0x0800187e   0x00000002   PAD
    0x08001880   0x08001880   0x00000008   Code   RO         1245    .text.HAL_PCD_ISOINIncompleteCallback  usbd_conf.o
    0x08001888   0x08001888   0x00000008   Code   RO         1243    .text.HAL_PCD_ISOOUTIncompleteCallback  usbd_conf.o
    0x08001890   0x08001890   0x0000013e   Code   RO          109    .text.HAL_PCD_Init  stm32f4xx_hal_pcd.o
    0x080019ce   0x080019ce   0x00000002   PAD
    0x080019d0   0x080019d0   0x0000007e   Code   RO         1225    .text.HAL_PCD_MspInit  usbd_conf.o
    0x08001a4e   0x08001a4e   0x00000002   PAD
    0x08001a50   0x08001a50   0x0000002a   Code   RO         1237    .text.HAL_PCD_ResetCallback  usbd_conf.o
    0x08001a7a   0x08001a7a   0x00000002   PAD
    0x08001a7c   0x08001a7c   0x00000008   Code   RO         1241    .text.HAL_PCD_ResumeCallback  usbd_conf.o
    0x08001a84   0x08001a84   0x00000008   Code   RO         1235    .text.HAL_PCD_SOFCallback  usbd_conf.o
    0x08001a8c   0x08001a8c   0x00000028   Code   RO          153    .text.HAL_PCD_SetAddress  stm32f4xx_hal_pcd.o
    0x08001ab4   0x08001ab4   0x0000000e   Code   RO         1229    .text.HAL_PCD_SetupStageCallback  usbd_conf.o
    0x08001ac2   0x08001ac2   0x00000002   PAD
    0x08001ac4   0x08001ac4   0x0000003e   Code   RO          117    .text.HAL_PCD_Start  stm32f4xx_hal_pcd.o
    0x08001b02   0x08001b02   0x00000002   PAD
    0x08001b04   0x08001b04   0x00000034   Code   RO         1239    .text.HAL_PCD_SuspendCallback  usbd_conf.o
    0x08001b38   0x08001b38   0x00000160   Code   RO          311    .text.HAL_RCC_ClockConfig  stm32f4xx_hal_rcc.o
    0x08001c98   0x08001c98   0x0000000c   Code   RO          321    .text.HAL_RCC_GetHCLKFreq  stm32f4xx_hal_rcc.o
    0x08001ca4   0x08001ca4   0x00000026   Code   RO          323    .text.HAL_RCC_GetPCLK1Freq  stm32f4xx_hal_rcc.o
    0x08001cca   0x08001cca   0x00000002   PAD
    0x08001ccc   0x08001ccc   0x00000026   Code   RO          325    .text.HAL_RCC_GetPCLK2Freq  stm32f4xx_hal_rcc.o
    0x08001cf2   0x08001cf2   0x00000002   PAD
    0x08001cf4   0x08001cf4   0x0000006a   Code   RO          313    .text.HAL_RCC_GetSysClockFreq  stm32f4xx_hal_rcc.o
    0x08001d5e   0x08001d5e   0x00000002   PAD
    0x08001d60   0x08001d60   0x00000374   Code   RO          309    .text.HAL_RCC_OscConfig  stm32f4xx_hal_rcc.o
    0x080020d4   0x080020d4   0x0000002c   Code   RO          582    .text.HAL_SYSTICK_Config  stm32f4xx_hal_cortex.o
    0x08002100   0x08002100   0x000000b6   Code   RO         1005    .text.HAL_TIMEx_MasterConfigSynchronization  stm32f4xx_hal_tim_ex.o
    0x080021b6   0x080021b6   0x00000002   PAD
    0x080021b8   0x080021b8   0x000000b2   Code   RO          824    .text.HAL_TIM_Encoder_Init  stm32f4xx_hal_tim.o
    0x0800226a   0x0800226a   0x00000002   PAD
    0x0800226c   0x0800226c   0x00000062   Code   RO           40    .text.HAL_TIM_Encoder_MspInit  tim.o
    0x080022ce   0x080022ce   0x00000002   PAD
    0x080022d0   0x080022d0   0x000000bc   Code   RO          832    .text.HAL_TIM_Encoder_Start  stm32f4xx_hal_tim.o
    0x0800238c   0x0800238c   0x00000002   Code   RO         1113    .text.HAL_UARTEx_RxEventCallback  stm32f4xx_hal_uart.o
    0x0800238e   0x0800238e   0x00000002   PAD
    0x08002390   0x08002390   0x00000002   Code   RO         1111    .text.HAL_UART_ErrorCallback  stm32f4xx_hal_uart.o
    0x08002392   0x08002392   0x00000002   PAD
    0x08002394   0x08002394   0x00000564   Code   RO         1105    .text.HAL_UART_IRQHandler  stm32f4xx_hal_uart.o
    0x080028f8   0x080028f8   0x0000005e   Code   RO         1029    .text.HAL_UART_Init  stm32f4xx_hal_uart.o
    0x08002956   0x08002956   0x00000002   PAD
    0x08002958   0x08002958   0x0000007c   Code   RO           55    .text.HAL_UART_MspInit  usart.o
    0x080029d4   0x080029d4   0x00000002   Code   RO         1119    .text.HAL_UART_RxCpltCallback  stm32f4xx_hal_uart.o
    0x080029d6   0x080029d6   0x00000002   PAD
    0x080029d8   0x080029d8   0x00000002   Code   RO         1115    .text.HAL_UART_TxCpltCallback  stm32f4xx_hal_uart.o
    0x080029da   0x080029da   0x00000002   PAD
    0x080029dc   0x080029dc   0x00000002   Code   RO           74    .text.HardFault_Handler  stm32f4xx_it.o
    0x080029de   0x080029de   0x00000002   PAD
    0x080029e0   0x080029e0   0x0000008e   Code   RO           29    .text.MX_GPIO_Init  gpio.o
    0x08002a6e   0x08002a6e   0x00000002   PAD
    0x08002a70   0x08002a70   0x0000006a   Code   RO           38    .text.MX_TIM2_Init  tim.o
    0x08002ada   0x08002ada   0x00000002   PAD
    0x08002adc   0x08002adc   0x0000003c   Code   RO           53    .text.MX_USART6_UART_Init  usart.o
    0x08002b18   0x08002b18   0x00000072   Code   RO         1164    .text.MX_USB_DEVICE_Init  usb_device.o
    0x08002b8a   0x08002b8a   0x00000002   PAD
    0x08002b8c   0x08002b8c   0x00000002   Code   RO           76    .text.MemManage_Handler  stm32f4xx_it.o
    0x08002b8e   0x08002b8e   0x00000002   PAD
    0x08002b90   0x08002b90   0x00000002   Code   RO           72    .text.NMI_Handler   stm32f4xx_it.o
    0x08002b92   0x08002b92   0x00000002   PAD
    0x08002b94   0x08002b94   0x0000000c   Code   RO           90    .text.OTG_FS_IRQHandler  stm32f4xx_it.o
    0x08002ba0   0x08002ba0   0x00000002   Code   RO           86    .text.PendSV_Handler  stm32f4xx_it.o
    0x08002ba2   0x08002ba2   0x00000002   PAD
    0x08002ba4   0x08002ba4   0x00000002   Code   RO           82    .text.SVC_Handler   stm32f4xx_it.o
    0x08002ba6   0x08002ba6   0x00000002   PAD
    0x08002ba8   0x08002ba8   0x00000004   Code   RO           88    .text.SysTick_Handler  stm32f4xx_it.o
    0x08002bac   0x08002bac   0x000000ac   Code   RO           15    .text.SystemClock_Config  main.o
    0x08002c58   0x08002c58   0x00000012   Code   RO         1149    .text.SystemInit    system_stm32f4xx.o
    0x08002c6a   0x08002c6a   0x00000002   PAD
    0x08002c6c   0x08002c6c   0x0000013c   Code   RO          714    .text.TIM_Base_SetConfig  stm32f4xx_hal_tim.o
    0x08002da8   0x08002da8   0x0000000c   Code   RO         1109    .text.UART_DMAAbortOnError  stm32f4xx_hal_uart.o
    0x08002db4   0x08002db4   0x000000fe   Code   RO         1107    .text.UART_Receive_IT  stm32f4xx_hal_uart.o
    0x08002eb2   0x08002eb2   0x00000002   PAD
    0x08002eb4   0x08002eb4   0x000000ee   Code   RO         1033    .text.UART_SetConfig  stm32f4xx_hal_uart.o
    0x08002fa2   0x08002fa2   0x00000002   PAD
    0x08002fa4   0x08002fa4   0x0000000c   Code   RO           92    .text.USART6_IRQHandler  stm32f4xx_it.o
    0x08002fb0   0x08002fb0   0x00000076   Code   RO         1404    .text.USBD_CDC_DataIn  usbd_cdc.o
    0x08003026   0x08003026   0x00000002   PAD
    0x08003028   0x08003028   0x0000003c   Code   RO         1406    .text.USBD_CDC_DataOut  usbd_cdc.o
    0x08003064   0x08003064   0x0000005a   Code   RO         1398    .text.USBD_CDC_DeInit  usbd_cdc.o
    0x080030be   0x080030be   0x00000002   PAD
    0x080030c0   0x080030c0   0x0000003c   Code   RO         1402    .text.USBD_CDC_EP0_RxReady  usbd_cdc.o
    0x080030fc   0x080030fc   0x00000010   Code   RO         1414    .text.USBD_CDC_GetDeviceQualifierDescriptor  usbd_cdc.o
    0x0800310c   0x0800310c   0x00000052   Code   RO         1410    .text.USBD_CDC_GetFSCfgDesc  usbd_cdc.o
    0x0800315e   0x0800315e   0x00000002   PAD
    0x08003160   0x08003160   0x00000056   Code   RO         1408    .text.USBD_CDC_GetHSCfgDesc  usbd_cdc.o
    0x080031b6   0x080031b6   0x00000002   PAD
    0x080031b8   0x080031b8   0x00000052   Code   RO         1412    .text.USBD_CDC_GetOtherSpeedCfgDesc  usbd_cdc.o
    0x0800320a   0x0800320a   0x00000002   PAD
    0x0800320c   0x0800320c   0x000000d6   Code   RO         1396    .text.USBD_CDC_Init  usbd_cdc.o
    0x080032e2   0x080032e2   0x00000002   PAD
    0x080032e4   0x080032e4   0x00000034   Code   RO         1424    .text.USBD_CDC_ReceivePacket  usbd_cdc.o
    0x08003318   0x08003318   0x00000018   Code   RO         1416    .text.USBD_CDC_RegisterInterface  usbd_cdc.o
    0x08003330   0x08003330   0x0000001a   Code   RO         1420    .text.USBD_CDC_SetRxBuffer  usbd_cdc.o
    0x0800334a   0x0800334a   0x00000002   PAD
    0x0800334c   0x0800334c   0x0000001e   Code   RO         1418    .text.USBD_CDC_SetTxBuffer  usbd_cdc.o
    0x0800336a   0x0800336a   0x00000002   PAD
    0x0800336c   0x0800336c   0x00000100   Code   RO         1400    .text.USBD_CDC_Setup  usbd_cdc.o
    0x0800346c   0x0800346c   0x0000003e   Code   RO         1422    .text.USBD_CDC_TransmitPacket  usbd_cdc.o
    0x080034aa   0x080034aa   0x00000002   PAD
    0x080034ac   0x080034ac   0x00000012   Code   RO         1311    .text.USBD_ClrClassConfig  usbd_core.o
    0x080034be   0x080034be   0x00000002   PAD
    0x080034c0   0x080034c0   0x00000004   Code   RO         1319    .text.USBD_CoreFindEP  usbd_core.o
    0x080034c4   0x080034c4   0x00000004   Code   RO         1317    .text.USBD_CoreFindIF  usbd_core.o
    0x080034c8   0x080034c8   0x00000010   Code   RO         1380    .text.USBD_CtlContinueRx  usbd_ioreq.o
    0x080034d8   0x080034d8   0x00000010   Code   RO         1376    .text.USBD_CtlContinueSendData  usbd_ioreq.o
    0x080034e8   0x080034e8   0x00000016   Code   RO         1355    .text.USBD_CtlError  usbd_ctlreq.o
    0x080034fe   0x080034fe   0x00000002   PAD
    0x08003500   0x08003500   0x0000001a   Code   RO         1378    .text.USBD_CtlPrepareRx  usbd_ioreq.o
    0x0800351a   0x0800351a   0x00000002   PAD
    0x0800351c   0x0800351c   0x00000016   Code   RO         1384    .text.USBD_CtlReceiveStatus  usbd_ioreq.o
    0x08003532   0x08003532   0x00000002   PAD
    0x08003534   0x08003534   0x0000001a   Code   RO         1374    .text.USBD_CtlSendData  usbd_ioreq.o
    0x0800354e   0x0800354e   0x00000002   PAD
    0x08003550   0x08003550   0x00000016   Code   RO         1382    .text.USBD_CtlSendStatus  usbd_ioreq.o
    0x08003566   0x08003566   0x00000002   PAD
    0x08003568   0x08003568   0x00000024   Code   RO         1183    .text.USBD_FS_ConfigStrDescriptor  usbd_desc.o
    0x0800358c   0x0800358c   0x0000000e   Code   RO         1173    .text.USBD_FS_DeviceDescriptor  usbd_desc.o
    0x0800359a   0x0800359a   0x00000002   PAD
    0x0800359c   0x0800359c   0x00000028   Code   RO         1185    .text.USBD_FS_InterfaceStrDescriptor  usbd_desc.o
    0x080035c4   0x080035c4   0x0000000e   Code   RO         1175    .text.USBD_FS_LangIDStrDescriptor  usbd_desc.o
    0x080035d2   0x080035d2   0x00000002   PAD
    0x080035d4   0x080035d4   0x0000002c   Code   RO         1177    .text.USBD_FS_ManufacturerStrDescriptor  usbd_desc.o
    0x08003600   0x08003600   0x00000030   Code   RO         1179    .text.USBD_FS_ProductStrDescriptor  usbd_desc.o
    0x08003630   0x08003630   0x0000016c   Code   RO         1181    .text.USBD_FS_SerialStrDescriptor  usbd_desc.o
    0x0800379c   0x0800379c   0x00000080   Code   RO         1341    .text.USBD_GetEpDesc  usbd_core.o
    0x0800381c   0x0800381c   0x000000da   Code   RO         1363    .text.USBD_GetString  usbd_ctlreq.o
    0x080038f6   0x080038f6   0x00000002   PAD
    0x080038f8   0x080038f8   0x0000002a   Code   RO         1297    .text.USBD_Init     usbd_core.o
    0x08003922   0x08003922   0x00000002   PAD
    0x08003924   0x08003924   0x00000022   Code   RO         1269    .text.USBD_LL_ClearStallEP  usbd_conf.o
    0x08003946   0x08003946   0x00000002   PAD
    0x08003948   0x08003948   0x00000022   Code   RO         1263    .text.USBD_LL_CloseEP  usbd_conf.o
    0x0800396a   0x0800396a   0x00000002   PAD
    0x0800396c   0x0800396c   0x000000b6   Code   RO         1321    .text.USBD_LL_DataInStage  usbd_core.o
    0x08003a22   0x08003a22   0x00000002   PAD
    0x08003a24   0x08003a24   0x00000078   Code   RO         1315    .text.USBD_LL_DataOutStage  usbd_core.o
    0x08003a9c   0x08003a9c   0x00000004   Code   RO         1337    .text.USBD_LL_DevConnected  usbd_core.o
    0x08003aa0   0x08003aa0   0x00000020   Code   RO         1339    .text.USBD_LL_DevDisconnected  usbd_core.o
    0x08003ac0   0x08003ac0   0x00000008   Code   RO         1279    .text.USBD_LL_GetRxDataSize  usbd_conf.o
    0x08003ac8   0x08003ac8   0x00000070   Code   RO         1251    .text.USBD_LL_Init  usbd_conf.o
    0x08003b38   0x08003b38   0x00000022   Code   RO         1271    .text.USBD_LL_IsStallEP  usbd_conf.o
    0x08003b5a   0x08003b5a   0x00000002   PAD
    0x08003b5c   0x08003b5c   0x00000028   Code   RO         1333    .text.USBD_LL_IsoINIncomplete  usbd_core.o
    0x08003b84   0x08003b84   0x00000028   Code   RO         1335    .text.USBD_LL_IsoOUTIncomplete  usbd_core.o
    0x08003bac   0x08003bac   0x00000028   Code   RO         1261    .text.USBD_LL_OpenEP  usbd_conf.o
    0x08003bd4   0x08003bd4   0x00000022   Code   RO         1277    .text.USBD_LL_PrepareReceive  usbd_conf.o
    0x08003bf6   0x08003bf6   0x00000002   PAD
    0x08003bf8   0x08003bf8   0x00000066   Code   RO         1323    .text.USBD_LL_Reset  usbd_core.o
    0x08003c5e   0x08003c5e   0x00000002   PAD
    0x08003c60   0x08003c60   0x00000014   Code   RO         1329    .text.USBD_LL_Resume  usbd_core.o
    0x08003c74   0x08003c74   0x0000001c   Code   RO         1331    .text.USBD_LL_SOF   usbd_core.o
    0x08003c90   0x08003c90   0x00000008   Code   RO         1325    .text.USBD_LL_SetSpeed  usbd_core.o
    0x08003c98   0x08003c98   0x00000022   Code   RO         1273    .text.USBD_LL_SetUSBAddress  usbd_conf.o
    0x08003cba   0x08003cba   0x00000002   PAD
    0x08003cbc   0x08003cbc   0x00000062   Code   RO         1313    .text.USBD_LL_SetupStage  usbd_core.o
    0x08003d1e   0x08003d1e   0x00000002   PAD
    0x08003d20   0x08003d20   0x00000022   Code   RO         1267    .text.USBD_LL_StallEP  usbd_conf.o
    0x08003d42   0x08003d42   0x00000002   PAD
    0x08003d44   0x08003d44   0x00000022   Code   RO         1257    .text.USBD_LL_Start  usbd_conf.o
    0x08003d66   0x08003d66   0x00000002   PAD
    0x08003d68   0x08003d68   0x00000014   Code   RO         1327    .text.USBD_LL_Suspend  usbd_core.o
    0x08003d7c   0x08003d7c   0x00000022   Code   RO         1275    .text.USBD_LL_Transmit  usbd_conf.o
    0x08003d9e   0x08003d9e   0x00000002   PAD
    0x08003da0   0x08003da0   0x00000016   Code   RO         1361    .text.USBD_ParseSetupRequest  usbd_ctlreq.o
    0x08003db6   0x08003db6   0x00000002   PAD
    0x08003db8   0x08003db8   0x00000042   Code   RO         1301    .text.USBD_RegisterClass  usbd_core.o
    0x08003dfa   0x08003dfa   0x00000002   PAD
    0x08003dfc   0x08003dfc   0x00000010   Code   RO         1309    .text.USBD_SetClassConfig  usbd_core.o
    0x08003e0c   0x08003e0c   0x00000004   Code   RO         1303    .text.USBD_Start    usbd_core.o
    0x08003e10   0x08003e10   0x00000374   Code   RO         1353    .text.USBD_StdDevReq  usbd_ctlreq.o
    0x08004184   0x08004184   0x00000172   Code   RO         1359    .text.USBD_StdEPReq  usbd_ctlreq.o
    0x080042f6   0x080042f6   0x00000002   PAD
    0x080042f8   0x080042f8   0x00000094   Code   RO         1357    .text.USBD_StdItfReq  usbd_ctlreq.o
    0x0800438c   0x0800438c   0x00000002   Code   RO         1283    .text.USBD_static_free  usbd_conf.o
    0x0800438e   0x0800438e   0x00000002   PAD
    0x08004390   0x08004390   0x0000000a   Code   RO         1281    .text.USBD_static_malloc  usbd_conf.o
    0x0800439a   0x0800439a   0x00000002   PAD
    0x0800439c   0x0800439c   0x0000005a   Code   RO         1212    .text.USBVcom_printf  usbd_cdc_if.o
    0x080043f6   0x080043f6   0x00000002   PAD
    0x080043f8   0x080043f8   0x00000082   Code   RO          225    .text.USB_ActivateEndpoint  stm32f4xx_ll_usb.o
    0x0800447a   0x0800447a   0x00000002   PAD
    0x0800447c   0x0800447c   0x00000020   Code   RO          267    .text.USB_ActivateSetup  stm32f4xx_ll_usb.o
    0x0800449c   0x0800449c   0x000001de   Code   RO          203    .text.USB_CoreInit  stm32f4xx_ll_usb.o
    0x0800467a   0x0800467a   0x00000002   PAD
    0x0800467c   0x0800467c   0x00000086   Code   RO          229    .text.USB_DeactivateEndpoint  stm32f4xx_ll_usb.o
    0x08004702   0x08004702   0x00000002   PAD
    0x08004704   0x08004704   0x0000001e   Code   RO          251    .text.USB_DevConnect  stm32f4xx_ll_usb.o
    0x08004722   0x08004722   0x00000002   PAD
    0x08004724   0x08004724   0x0000001e   Code   RO          253    .text.USB_DevDisconnect  stm32f4xx_ll_usb.o
    0x08004742   0x08004742   0x00000002   PAD
    0x08004744   0x08004744   0x00000492   Code   RO          215    .text.USB_DevInit   stm32f4xx_ll_usb.o
    0x08004bd6   0x08004bd6   0x00000002   PAD
    0x08004bd8   0x08004bd8   0x0000000e   Code   RO          209    .text.USB_DisableGlobalInt  stm32f4xx_ll_usb.o
    0x08004be6   0x08004be6   0x00000002   PAD
    0x08004be8   0x08004be8   0x000000fc   Code   RO          237    .text.USB_EP0StartXfer  stm32f4xx_ll_usb.o
    0x08004ce4   0x08004ce4   0x0000005a   Code   RO          269    .text.USB_EP0_OutStart  stm32f4xx_ll_usb.o
    0x08004d3e   0x08004d3e   0x00000002   PAD
    0x08004d40   0x08004d40   0x00000052   Code   RO          245    .text.USB_EPClearStall  stm32f4xx_ll_usb.o
    0x08004d92   0x08004d92   0x00000002   PAD
    0x08004d94   0x08004d94   0x0000003e   Code   RO          243    .text.USB_EPSetStall  stm32f4xx_ll_usb.o
    0x08004dd2   0x08004dd2   0x00000002   PAD
    0x08004dd4   0x08004dd4   0x000001ee   Code   RO          233    .text.USB_EPStartXfer  stm32f4xx_ll_usb.o
    0x08004fc2   0x08004fc2   0x00000002   PAD
    0x08004fc4   0x08004fc4   0x0000010e   Code   RO          239    .text.USB_EPStopXfer  stm32f4xx_ll_usb.o
    0x080050d2   0x080050d2   0x00000002   PAD
    0x080050d4   0x080050d4   0x0000000e   Code   RO          207    .text.USB_EnableGlobalInt  stm32f4xx_ll_usb.o
    0x080050e2   0x080050e2   0x00000002   PAD
    0x080050e4   0x080050e4   0x000000b6   Code   RO          219    .text.USB_FlushTxFifo  stm32f4xx_ll_usb.o
    0x0800519a   0x0800519a   0x00000002   PAD
    0x0800519c   0x0800519c   0x0000001a   Code   RO          223    .text.USB_GetDevSpeed  stm32f4xx_ll_usb.o
    0x080051b6   0x080051b6   0x00000002   PAD
    0x080051b8   0x080051b8   0x00000008   Code   RO          213    .text.USB_GetMode   stm32f4xx_ll_usb.o
    0x080051c0   0x080051c0   0x0000000e   Code   RO          259    .text.USB_ReadDevAllInEpInterrupt  stm32f4xx_ll_usb.o
    0x080051ce   0x080051ce   0x00000002   PAD
    0x080051d0   0x080051d0   0x0000000e   Code   RO          257    .text.USB_ReadDevAllOutEpInterrupt  stm32f4xx_ll_usb.o
    0x080051de   0x080051de   0x00000002   PAD
    0x080051e0   0x080051e0   0x00000024   Code   RO          263    .text.USB_ReadDevInEPInterrupt  stm32f4xx_ll_usb.o
    0x08005204   0x08005204   0x00000010   Code   RO          261    .text.USB_ReadDevOutEPInterrupt  stm32f4xx_ll_usb.o
    0x08005214   0x08005214   0x00000008   Code   RO          255    .text.USB_ReadInterrupts  stm32f4xx_ll_usb.o
    0x0800521c   0x0800521c   0x000000aa   Code   RO          241    .text.USB_ReadPacket  stm32f4xx_ll_usb.o
    0x080052c6   0x080052c6   0x00000002   PAD
    0x080052c8   0x080052c8   0x00000064   Code   RO          211    .text.USB_SetCurrentMode  stm32f4xx_ll_usb.o
    0x0800532c   0x0800532c   0x00000022   Code   RO          249    .text.USB_SetDevAddress  stm32f4xx_ll_usb.o
    0x0800534e   0x0800534e   0x00000002   PAD
    0x08005350   0x08005350   0x00000120   Code   RO          205    .text.USB_SetTurnaroundTime  stm32f4xx_ll_usb.o
    0x08005470   0x08005470   0x0000006a   Code   RO          235    .text.USB_WritePacket  stm32f4xx_ll_usb.o
    0x080054da   0x080054da   0x00000002   PAD
    0x080054dc   0x080054dc   0x00000002   Code   RO           80    .text.UsageFault_Handler  stm32f4xx_it.o
    0x080054de   0x080054de   0x00000002   PAD
    0x080054e0   0x080054e0   0x00000088   Code   RO           13    .text.main          main.o
    0x08005568   0x08005568   0x00000034   Code   RO         1449    i.__0vsnprintf      mc_w.l(printfa.o)
    0x0800559c   0x0800559c   0x0000000e   Code   RO         1520    i.__scatterload_copy  mc_w.l(handlers.o)
    0x080055aa   0x080055aa   0x00000002   Code   RO         1521    i.__scatterload_null  mc_w.l(handlers.o)
    0x080055ac   0x080055ac   0x0000000e   Code   RO         1522    i.__scatterload_zeroinit  mc_w.l(handlers.o)
    0x080055ba   0x080055ba   0x00000002   PAD
    0x080055bc   0x080055bc   0x00000184   Code   RO         1451    i._fp_digits        mc_w.l(printfa.o)
    0x08005740   0x08005740   0x000006dc   Code   RO         1452    i._printf_core      mc_w.l(printfa.o)
    0x08005e1c   0x08005e1c   0x00000024   Code   RO         1453    i._printf_post_padding  mc_w.l(printfa.o)
    0x08005e40   0x08005e40   0x0000002e   Code   RO         1454    i._printf_pre_padding  mc_w.l(printfa.o)
    0x08005e6e   0x08005e6e   0x00000016   Code   RO         1455    i._snputc           mc_w.l(printfa.o)
    0x08005e84   0x08005e84   0x00000010   Data   RO         1154    .rodata.AHBPrescTable  system_stm32f4xx.o
    0x08005e94   0x08005e94   0x00000008   Data   RO         1155    .rodata.APBPrescTable  system_stm32f4xx.o
    0x08005e9c   0x08005e9c   0x00000020   Data   RO         1519    Region$$Table       anon$$obj.o


    Execution Region RW_IRAM2 (Exec base: 0x10000000, Load base: 0x08005fb8, Size: 0x00000000, Max: 0x00010000, ABSOLUTE)

    **** No section assigned to this execution region ****


    Execution Region RW_IRAM1 (Exec base: 0x20000000, Load base: 0x08005ec0, Size: 0x00002198, Max: 0x00030000, ABSOLUTE)

    Exec Addr    Load Addr    Size         Type   Attr      Idx    E Section Name        Object

    0x20000000   0x08005ec0   0x00000008   Data   RW          675    .data..L_MergedGlobals  stm32f4xx_hal.o
    0x20000008   0x08005ec8   0x0000001c   Data   RW         1187    .data.FS_Desc       usbd_desc.o
    0x20000024   0x08005ee4   0x00000004   Data   RW         1153    .data.SystemCoreClock  system_stm32f4xx.o
    0x20000028   0x08005ee8   0x00000038   Data   RW         1426    .data.USBD_CDC      usbd_cdc.o
    0x20000060   0x08005f20   0x00000043   Data   RW         1428    .data.USBD_CDC_CfgDesc  usbd_cdc.o
    0x200000a3   0x08005f63   0x00000001   PAD
    0x200000a4   0x08005f64   0x0000000a   Data   RW         1427    .data.USBD_CDC_DeviceQualifierDesc  usbd_cdc.o
    0x200000ae   0x08005f6e   0x00000002   PAD
    0x200000b0   0x08005f70   0x00000012   Data   RW         1188    .data.USBD_FS_DeviceDesc  usbd_desc.o
    0x200000c2   0x08005f82   0x00000002   PAD
    0x200000c4   0x08005f84   0x00000014   Data   RW         1214    .data.USBD_Interface_fops_FS  usbd_cdc_if.o
    0x200000d8   0x08005f98   0x00000004   Data   RW         1189    .data.USBD_LangIDDesc  usbd_desc.o
    0x200000dc   0x08005f9c   0x0000001a   Data   RW         1190    .data.USBD_StringSerial  usbd_desc.o
    0x200000f6   0x08005fb6   0x00000002   PAD
    0x200000f8        -       0x00000004   Zero   RW           19    .bss.TIMcnt         main.o
    0x200000fc        -       0x00000001   Zero   RW         1365    .bss.USBD_SetConfig.cfgidx  usbd_ctlreq.o
    0x200000fd   0x08005fb6   0x00000003   PAD
    0x20000100        -       0x00000200   Zero   RW         1191    .bss.USBD_StrDesc   usbd_desc.o
    0x20000300        -       0x00000220   Zero   RW         1288    .bss.USBD_static_malloc.mem  usbd_conf.o
    0x20000520        -       0x00000800   Zero   RW         1215    .bss.UserRxBufferFS  usbd_cdc_if.o
    0x20000d20        -       0x00000800   Zero   RW         1216    .bss.UserTxBufferFS  usbd_cdc_if.o
    0x20001520        -       0x000002dc   Zero   RW         1166    .bss.hUsbDeviceFS   usb_device.o
    0x200017fc        -       0x0000050c   Zero   RW         1287    .bss.hpcd_USB_OTG_FS  usbd_conf.o
    0x20001d08        -       0x00000048   Zero   RW           44    .bss.htim2          tim.o
    0x20001d50        -       0x00000044   Zero   RW           63    .bss.huart6         usart.o
    0x20001d94        -       0x00000004   Zero   RW          674    .bss.uwTick         stm32f4xx_hal.o
    0x20001d98        -       0x00000400   Zero   RW            1    STACK               startup_stm32f427xx.o


==============================================================================

Image component sizes


      Code (inc. data)   RO Data    RW Data    ZI Data      Debug   Object Name

       142          0          0          0          0       2196   gpio.o
       318         36          0          0          4       4166   main.o
        36          8        428          0       1024        832   startup_stm32f427xx.o
       204          0          0          8          4       7652   stm32f4xx_hal.o
       200          0          0          0          0      10644   stm32f4xx_hal_cortex.o
       178          0          0          0          0      10592   stm32f4xx_hal_dma.o
       448          0          0          0          0       5296   stm32f4xx_hal_gpio.o
        56          0          0          0          0       1495   stm32f4xx_hal_msp.o
      3336          0          0          0          0      16879   stm32f4xx_hal_pcd.o
       244          0          0          0          0       4600   stm32f4xx_hal_pcd_ex.o
      1430          0          0          0          0       7399   stm32f4xx_hal_rcc.o
       682          0          0          0          0      55029   stm32f4xx_hal_tim.o
       182          0          0          0          0      21234   stm32f4xx_hal_tim_ex.o
      1986          0          0          0          0      31711   stm32f4xx_hal_uart.o
        44          0          0          0          0       6134   stm32f4xx_it.o
      4284          0          0          0          0      32451   stm32f4xx_ll_usb.o
        18          0         24          4          0       2686   system_stm32f4xx.o
       204          0          0          0         72       5871   tim.o
       184          0          0          0         68       7736   usart.o
       114          0          0          0        732       3178   usb_device.o
      1258         12          0        133          0      11463   usbd_cdc.o
       194         12          0         20       4096       5763   usbd_cdc_if.o
       768          0          0          0       1836      18409   usbd_conf.o
       976          0          0          0          0      10850   usbd_core.o
      1664         34          0          0          1      10236   usbd_ctlreq.o
       560         72          0         76        512       4227   usbd_desc.o
       128          0          0          0          0       4691   usbd_ioreq.o

    ----------------------------------------------------------------------
     20036        174        484        248       8352     303420   Object Totals
         0          0         32          0          0          0   (incl. Generated)
       198          0          0          7          3          0   (incl. Padding)

    ----------------------------------------------------------------------

      Code (inc. data)   RO Data    RW Data    ZI Data      Debug   Library Member Name

         0          0          0          0          0          0   entry.o
         0          0          0          0          0          0   entry10a.o
         0          0          0          0          0          0   entry11a.o
         8          4          0          0          0          0   entry2.o
         4          0          0          0          0          0   entry5.o
         0          0          0          0          0          0   entry7b.o
         0          0          0          0          0          0   entry8b.o
         8          4          0          0          0          0   entry9a.o
        30          0          0          0          0          0   handlers.o
        36          8          0          0          0         68   init.o
         0          0          0          0          0          0   iusefp.o
        30          0          0          0          0         68   llshl.o
        36          0          0          0          0         68   llsshr.o
        32          0          0          0          0         68   llushr.o
        36          0          0          0          0        108   memseta.o
      2300         86          0          0          0        516   printfa.o
        44          0          0          0          0         80   uidiv.o
        98          0          0          0          0         92   uldiv.o
        48          0          0          0          0         68   cdrcmple.o
       334          0          0          0          0        148   dadd.o
       222          0          0          0          0        100   ddiv.o
       186          0          0          0          0        176   depilogue.o
        48          0          0          0          0         68   dfixul.o
       228          0          0          0          0         96   dmul.o

    ----------------------------------------------------------------------
      3732        102          0          0          0       1724   Library Totals
         4          0          0          0          0          0   (incl. Padding)

    ----------------------------------------------------------------------

      Code (inc. data)   RO Data    RW Data    ZI Data      Debug   Library Name

      2662        102          0          0          0       1068   mc_w.l
      1066          0          0          0          0        656   mf_w.l

    ----------------------------------------------------------------------
      3732        102          0          0          0       1724   Library Totals

    ----------------------------------------------------------------------

==============================================================================


      Code (inc. data)   RO Data    RW Data    ZI Data      Debug   

     23768        276        484        248       8352     303964   Grand Totals
     23768        276        484        248       8352     303964   ELF Image Totals
     23768        276        484        248          0          0   ROM Totals

==============================================================================

    Total RO  Size (Code + RO Data)                24252 (  23.68kB)
    Total RW  Size (RW Data + ZI Data)              8600 (   8.40kB)
    Total ROM Size (Code + RO Data + RW Data)      24500 (  23.93kB)

==============================================================================

