Component: Arm Compiler for Embedded 6.19 Tool: armlink [5e73cb00]

==============================================================================

Section Cross References

    startup_stm32f427xx.o(STACK) refers (Special) to heapauxi.o(.text) for __use_two_region_memory
    startup_stm32f427xx.o(HEAP) refers (Special) to heapauxi.o(.text) for __use_two_region_memory
    startup_stm32f427xx.o(RESET) refers (Special) to heapauxi.o(.text) for __use_two_region_memory
    startup_stm32f427xx.o(RESET) refers to startup_stm32f427xx.o(STACK) for __initial_sp
    startup_stm32f427xx.o(RESET) refers to startup_stm32f427xx.o(.text) for Reset_Handler
    startup_stm32f427xx.o(RESET) refers to stm32f4xx_it.o(.text.NMI_Handler) for NMI_Handler
    startup_stm32f427xx.o(RESET) refers to stm32f4xx_it.o(.text.HardFault_Handler) for HardFault_Handler
    startup_stm32f427xx.o(RESET) refers to stm32f4xx_it.o(.text.MemManage_Handler) for MemManage_Handler
    startup_stm32f427xx.o(RESET) refers to stm32f4xx_it.o(.text.BusFault_Handler) for BusFault_Handler
    startup_stm32f427xx.o(RESET) refers to stm32f4xx_it.o(.text.UsageFault_Handler) for UsageFault_Handler
    startup_stm32f427xx.o(RESET) refers to stm32f4xx_it.o(.text.SVC_Handler) for SVC_Handler
    startup_stm32f427xx.o(RESET) refers to stm32f4xx_it.o(.text.DebugMon_Handler) for DebugMon_Handler
    startup_stm32f427xx.o(RESET) refers to stm32f4xx_it.o(.text.PendSV_Handler) for PendSV_Handler
    startup_stm32f427xx.o(RESET) refers to stm32f4xx_it.o(.text.SysTick_Handler) for SysTick_Handler
    startup_stm32f427xx.o(RESET) refers to stm32f4xx_it.o(.text.TIM6_DAC_IRQHandler) for TIM6_DAC_IRQHandler
    startup_stm32f427xx.o(RESET) refers to stm32f4xx_it.o(.text.TIM7_IRQHandler) for TIM7_IRQHandler
    startup_stm32f427xx.o(RESET) refers to stm32f4xx_it.o(.text.OTG_FS_IRQHandler) for OTG_FS_IRQHandler
    startup_stm32f427xx.o(RESET) refers to stm32f4xx_it.o(.text.USART6_IRQHandler) for USART6_IRQHandler
    startup_stm32f427xx.o(.text) refers (Special) to heapauxi.o(.text) for __use_two_region_memory
    startup_stm32f427xx.o(.text) refers to system_stm32f4xx.o(.text.SystemInit) for SystemInit
    startup_stm32f427xx.o(.text) refers to __main.o(!!!main) for __main
    startup_stm32f427xx.o(.text) refers to startup_stm32f427xx.o(HEAP) for Heap_Mem
    startup_stm32f427xx.o(.text) refers to startup_stm32f427xx.o(STACK) for Stack_Mem
    main.o(.text.main) refers to stm32f4xx_hal.o(.text.HAL_Init) for HAL_Init
    main.o(.text.main) refers to main.o(.text._Z18SystemClock_Configv) for SystemClock_Config()
    main.o(.text.main) refers to gpio.o(.text.MX_GPIO_Init) for MX_GPIO_Init
    main.o(.text.main) refers to usart.o(.text.MX_USART6_UART_Init) for MX_USART6_UART_Init
    main.o(.text.main) refers to tim.o(.text.MX_TIM2_Init) for MX_TIM2_Init
    main.o(.text.main) refers to tim.o(.text.MX_TIM9_Init) for MX_TIM9_Init
    main.o(.text.main) refers to tim.o(.text.MX_TIM6_Init) for MX_TIM6_Init
    main.o(.text.main) refers to tim.o(.text.MX_TIM8_Init) for MX_TIM8_Init
    main.o(.text.main) refers to tim.o(.text.MX_TIM3_Init) for MX_TIM3_Init
    main.o(.text.main) refers to tim.o(.text.MX_TIM4_Init) for MX_TIM4_Init
    main.o(.text.main) refers to tim.o(.text.MX_TIM5_Init) for MX_TIM5_Init
    main.o(.text.main) refers to tim.o(.text.MX_TIM7_Init) for MX_TIM7_Init
    main.o(.text.main) refers to usb_device.o(.text.MX_USB_DEVICE_Init) for MX_USB_DEVICE_Init
    main.o(.text.main) refers to spi.o(.text.MX_SPI5_Init) for MX_SPI5_Init
    main.o(.text.main) refers to imu.o(.text.mpu_device_init) for mpu_device_init
    main.o(.text.main) refers to tim.o(.bss.htim2) for htim2
    main.o(.text.main) refers to stm32f4xx_hal_tim.o(.text.HAL_TIM_Encoder_Start) for HAL_TIM_Encoder_Start
    main.o(.text.main) refers to tim.o(.bss.htim4) for htim4
    main.o(.text.main) refers to tim.o(.bss.htim5) for htim5
    main.o(.text.main) refers to tim.o(.bss.htim8) for htim8
    main.o(.text.main) refers to tim.o(.bss.htim9) for htim9
    main.o(.text.main) refers to stm32f4xx_hal_tim.o(.text.HAL_TIM_PWM_Start) for HAL_TIM_PWM_Start
    main.o(.text.main) refers to tim.o(.bss.htim3) for htim3
    main.o(.text.main) refers to encoder_control.o(.text.WheelsInit) for WheelsInit
    main.o(.text.main) refers to tim.o(.bss.htim6) for htim6
    main.o(.text.main) refers to stm32f4xx_hal_tim.o(.text.HAL_TIM_Base_Start_IT) for HAL_TIM_Base_Start_IT
    main.o(.text.main) refers to tim.o(.bss.htim7) for htim7
    main.o(.text.main) refers to stm32f4xx_hal.o(.text.HAL_Delay) for HAL_Delay
    main.o(.text.main) refers to stm32f4xx_hal_gpio.o(.text.HAL_GPIO_TogglePin) for HAL_GPIO_TogglePin
    main.o(.ARM.exidx.text.main) refers to main.o(.text.main) for [Anonymous Symbol]
    main.o(.text._Z18SystemClock_Configv) refers to stm32f4xx_hal_rcc.o(.text.HAL_RCC_OscConfig) for HAL_RCC_OscConfig
[...]
    USBD_CDC_RegisterInterface               0x080061b9   Thumb Code    24  usbd_cdc.o(.text.USBD_CDC_RegisterInterface)
    USBD_CDC_SetRxBuffer                     0x080061d1   Thumb Code    26  usbd_cdc.o(.text.USBD_CDC_SetRxBuffer)
    USBD_CDC_SetTxBuffer                     0x080061ed   Thumb Code    30  usbd_cdc.o(.text.USBD_CDC_SetTxBuffer)
    USBD_CDC_TransmitPacket                  0x0800630d   Thumb Code    62  usbd_cdc.o(.text.USBD_CDC_TransmitPacket)
    USBD_ClrClassConfig                      0x0800634d   Thumb Code    18  usbd_core.o(.text.USBD_ClrClassConfig)
    USBD_CoreFindEP                          0x08006361   Thumb Code     4  usbd_core.o(.text.USBD_CoreFindEP)
    USBD_CoreFindIF                          0x08006365   Thumb Code     4  usbd_core.o(.text.USBD_CoreFindIF)
    USBD_CtlContinueRx                       0x08006369   Thumb Code    16  usbd_ioreq.o(.text.USBD_CtlContinueRx)
    USBD_CtlContinueSendData                 0x08006379   Thumb Code    16  usbd_ioreq.o(.text.USBD_CtlContinueSendData)
    USBD_CtlError                            0x08006389   Thumb Code    22  usbd_ctlreq.o(.text.USBD_CtlError)
    USBD_CtlPrepareRx                        0x080063a1   Thumb Code    26  usbd_ioreq.o(.text.USBD_CtlPrepareRx)
    USBD_CtlReceiveStatus                    0x080063bd   Thumb Code    22  usbd_ioreq.o(.text.USBD_CtlReceiveStatus)
    USBD_CtlSendData                         0x080063d5   Thumb Code    26  usbd_ioreq.o(.text.USBD_CtlSendData)
    USBD_CtlSendStatus                       0x080063f1   Thumb Code    22  usbd_ioreq.o(.text.USBD_CtlSendStatus)
    USBD_FS_ConfigStrDescriptor              0x08006409   Thumb Code    24  usbd_desc.o(.text.USBD_FS_ConfigStrDescriptor)
    USBD_FS_DeviceDescriptor                 0x0800642d   Thumb Code    14  usbd_desc.o(.text.USBD_FS_DeviceDescriptor)
    USBD_FS_InterfaceStrDescriptor           0x0800643d   Thumb Code    24  usbd_desc.o(.text.USBD_FS_InterfaceStrDescriptor)
    USBD_FS_LangIDStrDescriptor              0x08006465   Thumb Code    14  usbd_desc.o(.text.USBD_FS_LangIDStrDescriptor)
    USBD_FS_ManufacturerStrDescriptor        0x08006475   Thumb Code    24  usbd_desc.o(.text.USBD_FS_ManufacturerStrDescriptor)
    USBD_FS_ProductStrDescriptor             0x080064a1   Thumb Code    24  usbd_desc.o(.text.USBD_FS_ProductStrDescriptor)
    USBD_FS_SerialStrDescriptor              0x080064d1   Thumb Code   364  usbd_desc.o(.text.USBD_FS_SerialStrDescriptor)
    USBD_GetEpDesc                           0x0800663d   Thumb Code   128  usbd_core.o(.text.USBD_GetEpDesc)
    USBD_GetString                           0x080066bd   Thumb Code   218  usbd_ctlreq.o(.text.USBD_GetString)
    USBD_Init                                0x08006799   Thumb Code    42  usbd_core.o(.text.USBD_Init)
    USBD_LL_ClearStallEP                     0x080067c5   Thumb Code    34  usbd_conf.o(.text.USBD_LL_ClearStallEP)
    USBD_LL_CloseEP                          0x080067e9   Thumb Code    34  usbd_conf.o(.text.USBD_LL_CloseEP)
    USBD_LL_DataInStage                      0x0800680d   Thumb Code   182  usbd_core.o(.text.USBD_LL_DataInStage)
    USBD_LL_DataOutStage                     0x080068c5   Thumb Code   120  usbd_core.o(.text.USBD_LL_DataOutStage)
    USBD_LL_DevConnected                     0x0800693d   Thumb Code     4  usbd_core.o(.text.USBD_LL_DevConnected)
    USBD_LL_DevDisconnected                  0x08006941   Thumb Code    32  usbd_core.o(.text.USBD_LL_DevDisconnected)
    USBD_LL_GetRxDataSize                    0x08006961   Thumb Code     8  usbd_conf.o(.text.USBD_LL_GetRxDataSize)
    USBD_LL_Init                             0x08006969   Thumb Code   112  usbd_conf.o(.text.USBD_LL_Init)
    USBD_LL_IsStallEP                        0x080069d9   Thumb Code    34  usbd_conf.o(.text.USBD_LL_IsStallEP)
    USBD_LL_IsoINIncomplete                  0x080069fd   Thumb Code    40  usbd_core.o(.text.USBD_LL_IsoINIncomplete)
    USBD_LL_IsoOUTIncomplete                 0x08006a25   Thumb Code    40  usbd_core.o(.text.USBD_LL_IsoOUTIncomplete)
    USBD_LL_OpenEP                           0x08006a4d   Thumb Code    40  usbd_conf.o(.text.USBD_LL_OpenEP)
    USBD_LL_PrepareReceive                   0x08006a75   Thumb Code    34  usbd_conf.o(.text.USBD_LL_PrepareReceive)
    USBD_LL_Reset                            0x08006a99   Thumb Code   102  usbd_core.o(.text.USBD_LL_Reset)
    USBD_LL_Resume                           0x08006b01   Thumb Code    20  usbd_core.o(.text.USBD_LL_Resume)
    USBD_LL_SOF                              0x08006b15   Thumb Code    28  usbd_core.o(.text.USBD_LL_SOF)
    USBD_LL_SetSpeed                         0x08006b31   Thumb Code     8  usbd_core.o(.text.USBD_LL_SetSpeed)
    USBD_LL_SetUSBAddress                    0x08006b39   Thumb Code    34  usbd_conf.o(.text.USBD_LL_SetUSBAddress)
    USBD_LL_SetupStage                       0x08006b5d   Thumb Code    98  usbd_core.o(.text.USBD_LL_SetupStage)
    USBD_LL_StallEP                          0x08006bc1   Thumb Code    34  usbd_conf.o(.text.USBD_LL_StallEP)
    USBD_LL_Start                            0x08006be5   Thumb Code    34  usbd_conf.o(.text.USBD_LL_Start)
    USBD_LL_Suspend                          0x08006c09   Thumb Code    20  usbd_core.o(.text.USBD_LL_Suspend)
    USBD_LL_Transmit                         0x08006c1d   Thumb Code    34  usbd_conf.o(.text.USBD_LL_Transmit)
    USBD_ParseSetupRequest                   0x08006c41   Thumb Code    22  usbd_ctlreq.o(.text.USBD_ParseSetupRequest)
    USBD_RegisterClass                       0x08006c59   Thumb Code    66  usbd_core.o(.text.USBD_RegisterClass)
    USBD_SetClassConfig                      0x08006c9d   Thumb Code    16  usbd_core.o(.text.USBD_SetClassConfig)
    USBD_Start                               0x08006cad   Thumb Code     4  usbd_core.o(.text.USBD_Start)
    USBD_StdDevReq                           0x08006cb1   Thumb Code   884  usbd_ctlreq.o(.text.USBD_StdDevReq)
    USBD_StdEPReq                            0x08007025   Thumb Code   370  usbd_ctlreq.o(.text.USBD_StdEPReq)
    USBD_StdItfReq                           0x08007199   Thumb Code   148  usbd_ctlreq.o(.text.USBD_StdItfReq)
    USBD_static_free                         0x0800722d   Thumb Code     2  usbd_conf.o(.text.USBD_static_free)
    USBD_static_malloc                       0x08007231   Thumb Code    10  usbd_conf.o(.text.USBD_static_malloc)
    USBVcomParser                            0x0800723d   Thumb Code   388  usbd_cdc_if.o(.text.USBVcomParser)
    USBVcom_printf                           0x08007441   Thumb Code    90  usbd_cdc_if.o(.text.USBVcom_printf)
    USB_ActivateEndpoint                     0x0800749d   Thumb Code   130  stm32f4xx_ll_usb.o(.text.USB_ActivateEndpoint)
    USB_ActivateSetup                        0x08007521   Thumb Code    32  stm32f4xx_ll_usb.o(.text.USB_ActivateSetup)
    USB_CoreInit                             0x08007541   Thumb Code   478  stm32f4xx_ll_usb.o(.text.USB_CoreInit)
    USB_DeactivateEndpoint                   0x08007721   Thumb Code   134  stm32f4xx_ll_usb.o(.text.USB_DeactivateEndpoint)
    USB_DevConnect                           0x080077a9   Thumb Code    30  stm32f4xx_ll_usb.o(.text.USB_DevConnect)
    USB_DevDisconnect                        0x080077c9   Thumb Code    30  stm32f4xx_ll_usb.o(.text.USB_DevDisconnect)
    USB_DevInit                              0x080077e9   Thumb Code  1170  stm32f4xx_ll_usb.o(.text.USB_DevInit)
    USB_DisableGlobalInt                     0x08007c7d   Thumb Code    14  stm32f4xx_ll_usb.o(.text.USB_DisableGlobalInt)
    USB_EP0StartXfer                         0x08007c8d   Thumb Code   252  stm32f4xx_ll_usb.o(.text.USB_EP0StartXfer)
    USB_EP0_OutStart                         0x08007d89   Thumb Code    90  stm32f4xx_ll_usb.o(.text.USB_EP0_OutStart)
    USB_EPClearStall                         0x08007de5   Thumb Code    82  stm32f4xx_ll_usb.o(.text.USB_EPClearStall)
    USB_EPSetStall                           0x08007e39   Thumb Code    62  stm32f4xx_ll_usb.o(.text.USB_EPSetStall)
    USB_EPStartXfer                          0x08007e79   Thumb Code   494  stm32f4xx_ll_usb.o(.text.USB_EPStartXfer)
    USB_EPStopXfer                           0x08008069   Thumb Code   270  stm32f4xx_ll_usb.o(.text.USB_EPStopXfer)
    USB_EnableGlobalInt                      0x08008179   Thumb Code    14  stm32f4xx_ll_usb.o(.text.USB_EnableGlobalInt)
    USB_FlushTxFifo                          0x08008189   Thumb Code   182  stm32f4xx_ll_usb.o(.text.USB_FlushTxFifo)
    USB_GetDevSpeed                          0x08008241   Thumb Code    26  stm32f4xx_ll_usb.o(.text.USB_GetDevSpeed)
    USB_GetMode                              0x0800825d   Thumb Code     8  stm32f4xx_ll_usb.o(.text.USB_GetMode)
    USB_ReadDevAllInEpInterrupt              0x08008265   Thumb Code    14  stm32f4xx_ll_usb.o(.text.USB_ReadDevAllInEpInterrupt)
    USB_ReadDevAllOutEpInterrupt             0x08008275   Thumb Code    14  stm32f4xx_ll_usb.o(.text.USB_ReadDevAllOutEpInterrupt)
    USB_ReadDevInEPInterrupt                 0x08008285   Thumb Code    36  stm32f4xx_ll_usb.o(.text.USB_ReadDevInEPInterrupt)
    USB_ReadDevOutEPInterrupt                0x080082a9   Thumb Code    16  stm32f4xx_ll_usb.o(.text.USB_ReadDevOutEPInterrupt)
    USB_ReadInterrupts                       0x080082b9   Thumb Code     8  stm32f4xx_ll_usb.o(.text.USB_ReadInterrupts)
    USB_ReadPacket                           0x080082c1   Thumb Code   170  stm32f4xx_ll_usb.o(.text.USB_ReadPacket)
    USB_SetCurrentMode                       0x0800836d   Thumb Code   100  stm32f4xx_ll_usb.o(.text.USB_SetCurrentMode)
    USB_SetDevAddress                        0x080083d1   Thumb Code    34  stm32f4xx_ll_usb.o(.text.USB_SetDevAddress)
    USB_SetTurnaroundTime                    0x080083f5   Thumb Code   288  stm32f4xx_ll_usb.o(.text.USB_SetTurnaroundTime)
    USB_WritePacket                          0x08008515   Thumb Code   106  stm32f4xx_ll_usb.o(.text.USB_WritePacket)
    UsageFault_Handler                       0x08008581   Thumb Code     2  stm32f4xx_it.o(.text.UsageFault_Handler)
    WheelControlCallback                     0x08008585   Thumb Code   224  encoder_control.o(.text.WheelControlCallback)
    Wheels2Speed                             0x08008665   Thumb Code   108  mecanum.o(.text.Wheels2Speed)
    WheelsInit                               0x080086d1   Thumb Code   182  encoder_control.o(.text.WheelsInit)
    SystemClock_Config()                     0x08008789   Thumb Code   168  main.o(.text._Z18SystemClock_Configv)
    main                                     0x08008831   Thumb Code   220  main.o(.text.main)
    mpu_device_init                          0x0800890d   Thumb Code   210  imu.o(.text.mpu_device_init)
    mpu_get_data                             0x080089e1   Thumb Code   324  imu.o(.text.mpu_get_data)
    mpu_offset_call                          0x08008b25   Thumb Code   362  imu.o(.text.mpu_offset_call)
    _btod_d2e                                0x08008c8f   Thumb Code    62  btod.o(CL$$btod_d2e)
    _d2e_denorm_low                          0x08008ccd   Thumb Code    70  btod.o(CL$$btod_d2e_denorm_low)
    _d2e_norm_op1                            0x08008d13   Thumb Code    96  btod.o(CL$$btod_d2e_norm_op1)
    __btod_div_common                        0x08008d75   Thumb Code   696  btod.o(CL$$btod_div_common)
    _e2d                                     0x080090ad   Thumb Code   122  btod.o(CL$$btod_e2d)
    _e2e                                     0x08009131   Thumb Code   220  btod.o(CL$$btod_e2e)
    _btod_ediv                               0x0800920d   Thumb Code    42  btod.o(CL$$btod_ediv)
    _btod_edivd                              0x08009237   Thumb Code    42  btod.o(CL$$btod_edivd)
    _btod_emul                               0x08009261   Thumb Code    42  btod.o(CL$$btod_emul)
    _btod_emuld                              0x0800928b   Thumb Code    42  btod.o(CL$$btod_emuld)
    __btod_mult_common                       0x080092b5   Thumb Code   580  btod.o(CL$$btod_mult_common)
    __ARM_fpclassify                         0x080094f9   Thumb Code    48  fpclassify.o(i.__ARM_fpclassify)
    __hardfp___mathlib_tofloat               0x08009529   Thumb Code   232  narrow.o(i.__hardfp___mathlib_tofloat)
    __hardfp_atof                            0x08009621   Thumb Code    46  atof.o(i.__hardfp_atof)
    __hardfp_ldexp                           0x08009659   Thumb Code   200  ldexp.o(i.__hardfp_ldexp)
    __hardfp_roundf                          0x08009729   Thumb Code   154  roundf.o(i.__hardfp_roundf)
    __mathlib_dbl_overflow                   0x080097c9   Thumb Code    24  dunder.o(i.__mathlib_dbl_overflow)
    __mathlib_dbl_underflow                  0x080097e9   Thumb Code    24  dunder.o(i.__mathlib_dbl_underflow)
    __mathlib_narrow                         0x08009809   Thumb Code    18  narrow.o(i.__mathlib_narrow)
    __support_ldexp                          0x0800981b   Thumb Code    20  ldexp.o(i.__support_ldexp)
    _is_digit                                0x0800982f   Thumb Code    14  __printf_wp.o(i._is_digit)
    frexp                                    0x08009841   Thumb Code   118  frexp.o(i.frexp)
    _get_lc_numeric                          0x080098cd   Thumb Code    44  lc_numeric_c.o(locale$$code)
    _get_lc_ctype                            0x080098f9   Thumb Code    44  lc_ctype_c.o(locale$$code)
    __aeabi_d2f                              0x08009925   Thumb Code     0  d2f.o(x$fpl$d2f)
    _d2f                                     0x08009925   Thumb Code    98  d2f.o(x$fpl$d2f)
    __fpl_dcheck_NaN1                        0x08009989   Thumb Code    10  dcheck1.o(x$fpl$dcheck1)
    __fpl_dcmp_Inf                           0x08009999   Thumb Code    24  dcmpi.o(x$fpl$dcmpinf)
    __aeabi_cdcmpeq                          0x080099b1   Thumb Code     0  deqf.o(x$fpl$deqf)
    _dcmpeq                                  0x080099b1   Thumb Code   120  deqf.o(x$fpl$deqf)
    __aeabi_i2d                              0x08009a29   Thumb Code     0  dflt_clz.o(x$fpl$dflt)
    _dflt                                    0x08009a29   Thumb Code    46  dflt_clz.o(x$fpl$dflt)
    __aeabi_cdcmple                          0x08009a59   Thumb Code     0  dleqf.o(x$fpl$dleqf)
    _dcmple                                  0x08009a59   Thumb Code   120  dleqf.o(x$fpl$dleqf)
    __fpl_dcmple_InfNaN                      0x08009abb   Thumb Code     0  dleqf.o(x$fpl$dleqf)
    __aeabi_dmul                             0x08009ad1   Thumb Code     0  dmul.o(x$fpl$dmul)
    _dmul                                    0x08009ad1   Thumb Code   332  dmul.o(x$fpl$dmul)
    __fpl_dnaninf                            0x08009c25   Thumb Code   156  dnaninf.o(x$fpl$dnaninf)
    __fpl_dretinf                            0x08009cc1   Thumb Code    12  dretinf.o(x$fpl$dretinf)
    __aeabi_cdrcmple                         0x08009ccd   Thumb Code     0  drleqf.o(x$fpl$drleqf)
    _drcmple                                 0x08009ccd   Thumb Code   108  drleqf.o(x$fpl$drleqf)
    __aeabi_f2d                              0x08009d39   Thumb Code     0  f2d.o(x$fpl$f2d)
    _f2d                                     0x08009d39   Thumb Code    86  f2d.o(x$fpl$f2d)
    __fpl_fnaninf                            0x08009d8f   Thumb Code   140  fnaninf.o(x$fpl$fnaninf)
    _fp_init                                 0x08009e1b   Thumb Code    26  fpinit.o(x$fpl$fpinit)
    __fplib_config_fpu_vfp                   0x08009e33   Thumb Code     0  fpinit.o(x$fpl$fpinit)
    __fplib_config_pureend_doubles           0x08009e33   Thumb Code     0  fpinit.o(x$fpl$fpinit)
    __fpl_fretinf                            0x08009e35   Thumb Code    10  fretinf.o(x$fpl$fretinf)
    _frnd                                    0x08009e41   Thumb Code    96  frnd.o(x$fpl$frnd)
    __ieee_status                            0x08009ea1   Thumb Code     6  istatus.o(x$fpl$ieeestatus)
    _printf_fp_dec                           0x08009ea7   Thumb Code     4  printf1.o(x$fpl$printf1)
    _printf_fp_hex                           0x08009eab   Thumb Code     4  printf2.o(x$fpl$printf2)
    __fpl_return_NaN                         0x08009eaf   Thumb Code   100  retnan.o(x$fpl$retnan)
    __ARM_scalbn                             0x08009f13   Thumb Code    92  scalbn.o(x$fpl$scalbn)
    _scanf_real                              0x08009f6f   Thumb Code     4  scanf1.o(x$fpl$scanf1)
    _scanf_hex_real                          0x08009f73   Thumb Code     4  scanf2.o(x$fpl$scanf2)
    _scanf_infnan                            0x08009f77   Thumb Code     4  scanf2.o(x$fpl$scanf2)
    __fpl_cmpreturn                          0x08009f7b   Thumb Code    48  trapv.o(x$fpl$trapveneer)
    __I$use$fp                               0x08009faa   Number         0  usenofp.o(x$fpl$usenofp)
    AHBPrescTable                            0x0800a0bc   Data          16  system_stm32f4xx.o(.rodata.AHBPrescTable)
    APBPrescTable                            0x0800a0cc   Data           8  system_stm32f4xx.o(.rodata.APBPrescTable)
    Region$$Table$$Base                      0x0800a0d8   Number         0  anon$$obj.o(Region$$Table)
    Region$$Table$$Limit                     0x0800a0f8   Number         0  anon$$obj.o(Region$$Table)
    __aeabi_HUGE_VAL                         0x0800a0f8   Data           0  fpconst.o(c$$dinf)
    __aeabi_HUGE_VALL                        0x0800a0f8   Data           0  fpconst.o(c$$dinf)
    __aeabi_INFINITY                         0x0800a0f8   Data           0  fpconst.o(c$$dinf)
    __dInf                                   0x0800a0f8   Data           0  fpconst.o(c$$dinf)
    __huge_val                               0x0800a0f8   Data           0  fpconst.o(c$$dinf)
    __dbl_max                                0x0800a100   Data           0  fpconst.o(c$$dmax)
    __ctype                                  0x0800a131   Data           0  lc_ctype_c.o(locale$$data)
    uwTickFreq                               0x20000004   Data           1  stm32f4xx_hal.o(.data..L_MergedGlobals)
    uwTickPrio                               0x20000008   Data           4  stm32f4xx_hal.o(.data..L_MergedGlobals)
    fKp                                      0x2000000c   Data           4  encoder_control.o(.data..L_MergedGlobals)
    fKi                                      0x20000010   Data           4  encoder_control.o(.data..L_MergedGlobals)
    FS_Desc                                  0x20000014   Data          28  usbd_desc.o(.data.FS_Desc)
    SystemCoreClock                          0x20000030   Data           4  system_stm32f4xx.o(.data.SystemCoreClock)
    USBD_CDC                                 0x20000034   Data          56  usbd_cdc.o(.data.USBD_CDC)
    USBD_FS_DeviceDesc                       0x200000bc   Data          18  usbd_desc.o(.data.USBD_FS_DeviceDesc)
    USBD_Interface_fops_FS                   0x200000d0   Data          20  usbd_cdc_if.o(.data.USBD_Interface_fops_FS)
    USBD_LangIDDesc                          0x200000e4   Data           4  usbd_desc.o(.data.USBD_LangIDDesc)
    USBD_StringSerial                        0x200000e8   Data          26  usbd_desc.o(.data.USBD_StringSerial)
    nPpr                                     0x20000104   Data           4  encoder_control.o(.data.nPpr)
    __libspace_start                         0x20000118   Data          96  libspace.o(.bss)
    __temporary_stack_top$libspace           0x20000178   Data           0  libspace.o(.bss)
    id                                       0x2000017a   Data           1  imu.o(.bss..L_MergedGlobals)
    mpu_buff                                 0x2000017b   Data          14  imu.o(.bss..L_MergedGlobals)
    mpu_data                                 0x2000018a   Data          26  imu.o(.bss..L_MergedGlobals)
    imu                                      0x200001a4   Data          52  imu.o(.bss..L_MergedGlobals)
    wheelRB                                  0x200001d8   Data          44  encoder_control.o(.bss..L_MergedGlobals.1)
    wheelLB                                  0x20000204   Data          44  encoder_control.o(.bss..L_MergedGlobals.1)
    wheelRF                                  0x20000230   Data          44  encoder_control.o(.bss..L_MergedGlobals.2)
    wheelLF                                  0x2000025c   Data          44  encoder_control.o(.bss..L_MergedGlobals.2)
    CarSpeedActual                           0x20000288   Data          12  mecanum.o(.bss.CarSpeedActual)
    CarSpeedTarget                           0x20000294   Data          12  mecanum.o(.bss.CarSpeedTarget)
    USBD_StrDesc                             0x200002a4   Data         512  usbd_desc.o(.bss.USBD_StrDesc)
    UserRxBufferFS                           0x200006c4   Data        2048  usbd_cdc_if.o(.bss.UserRxBufferFS)
    UserTxBufferFS                           0x20000ec4   Data        2048  usbd_cdc_if.o(.bss.UserTxBufferFS)
    hUsbDeviceFS                             0x200016c4   Data         732  usb_device.o(.bss.hUsbDeviceFS)
    hpcd_USB_OTG_FS                          0x200019a0   Data        1292  usbd_conf.o(.bss.hpcd_USB_OTG_FS)
    hspi5                                    0x20001eac   Data          88  spi.o(.bss.hspi5)
    htim2                                    0x20001f04   Data          72  tim.o(.bss.htim2)
    htim3                                    0x20001f4c   Data          72  tim.o(.bss.htim3)
    htim4                                    0x20001f94   Data          72  tim.o(.bss.htim4)
    htim5                                    0x20001fdc   Data          72  tim.o(.bss.htim5)
    htim6                                    0x20002024   Data          72  tim.o(.bss.htim6)
    htim7                                    0x2000206c   Data          72  tim.o(.bss.htim7)
    htim8                                    0x200020b4   Data          72  tim.o(.bss.htim8)
    htim9                                    0x200020fc   Data          72  tim.o(.bss.htim9)
    huart6                                   0x20002144   Data          68  usart.o(.bss.huart6)
    uwTick                                   0x20002188   Data           4  stm32f4xx_hal.o(.bss.uwTick)



==============================================================================

Memory Map of the image

  Image Entry point : 0x080001ad

  Load Region LR_IROM1 (Base: 0x08000000, Size: 0x0000a350, Max: 0x00200000, ABSOLUTE)

    Execution Region ER_IROM1 (Exec base: 0x08000000, Load base: 0x08000000, Size: 0x0000a234, Max: 0x00200000, ABSOLUTE)

    Exec Addr    Load Addr    Size         Type   Attr      Idx    E Section Name        Object

    0x08000000   0x08000000   0x000001ac   Data   RO            3    RESET               startup_stm32f427xx.o
    0x080001ac   0x080001ac   0x00000008   Code   RO         1691  * !!!main             c_w.l(__main.o)
    0x080001b4   0x080001b4   0x00000034   Code   RO         2180    !!!scatter          c_w.l(__scatter.o)
    0x080001e8   0x080001e8   0x0000001a   Code   RO         2182    !!handler_copy      c_w.l(__scatter_copy.o)
    0x08000202   0x08000202   0x00000002   PAD
    0x08000204   0x08000204   0x0000001c   Code   RO         2184    !!handler_zi        c_w.l(__scatter_zi.o)
    0x08000220   0x08000220   0x00000000   Code   RO         1803    .ARM.Collect$$_printf_percent$$00000000  c_w.l(_printf_percent.o)
    0x08000220   0x08000220   0x00000006   Code   RO         1792    .ARM.Collect$$_printf_percent$$00000001  c_w.l(_printf_n.o)
    0x08000226   0x08000226   0x00000006   Code   RO         1794    .ARM.Collect$$_printf_percent$$00000002  c_w.l(_printf_p.o)
    0x0800022c   0x0800022c   0x00000006   Code   RO         1799    .ARM.Collect$$_printf_percent$$00000003  c_w.l(_printf_f.o)
    0x08000232   0x08000232   0x00000006   Code   RO         1800    .ARM.Collect$$_printf_percent$$00000004  c_w.l(_printf_e.o)
    0x08000238   0x08000238   0x00000006   Code   RO         1801    .ARM.Collect$$_printf_percent$$00000005  c_w.l(_printf_g.o)
    0x0800023e   0x0800023e   0x00000006   Code   RO         1802    .ARM.Collect$$_printf_percent$$00000006  c_w.l(_printf_a.o)
    0x08000244   0x08000244   0x0000000a   Code   RO         1807    .ARM.Collect$$_printf_percent$$00000007  c_w.l(_printf_ll.o)
    0x0800024e   0x0800024e   0x00000006   Code   RO         1796    .ARM.Collect$$_printf_percent$$00000008  c_w.l(_printf_i.o)
    0x08000254   0x08000254   0x00000006   Code   RO         1797    .ARM.Collect$$_printf_percent$$00000009  c_w.l(_printf_d.o)
    0x0800025a   0x0800025a   0x00000006   Code   RO         1798    .ARM.Collect$$_printf_percent$$0000000A  c_w.l(_printf_u.o)
    0x08000260   0x08000260   0x00000006   Code   RO         1795    .ARM.Collect$$_printf_percent$$0000000B  c_w.l(_printf_o.o)
    0x08000266   0x08000266   0x00000006   Code   RO         1793    .ARM.Collect$$_printf_percent$$0000000C  c_w.l(_printf_x.o)
    0x0800026c   0x0800026c   0x00000006   Code   RO         1804    .ARM.Collect$$_printf_percent$$0000000D  c_w.l(_printf_lli.o)
    0x08000272   0x08000272   0x00000006   Code   RO         1805    .ARM.Collect$$_printf_percent$$0000000E  c_w.l(_printf_lld.o)
    0x08000278   0x08000278   0x00000006   Code   RO         1806    .ARM.Collect$$_printf_percent$$0000000F  c_w.l(_printf_llu.o)
    0x0800027e   0x0800027e   0x00000006   Code   RO         1811    .ARM.Collect$$_printf_percent$$00000010  c_w.l(_printf_llo.o)
    0x08000284   0x08000284   0x00000006   Code   RO         1812    .ARM.Collect$$_printf_percent$$00000011  c_w.l(_printf_llx.o)
    0x0800028a   0x0800028a   0x0000000a   Code   RO         1808    .ARM.Collect$$_printf_percent$$00000012  c_w.l(_printf_l.o)
    0x08000294   0x08000294   0x00000006   Code   RO         1790    .ARM.Collect$$_printf_percent$$00000013  c_w.l(_printf_c.o)
    0x0800029a   0x0800029a   0x00000006   Code   RO         1791    .ARM.Collect$$_printf_percent$$00000014  c_w.l(_printf_s.o)
    0x080002a0   0x080002a0   0x00000006   Code   RO         1809    .ARM.Collect$$_printf_percent$$00000015  c_w.l(_printf_lc.o)
    0x080002a6   0x080002a6   0x00000006   Code   RO         1810    .ARM.Collect$$_printf_percent$$00000016  c_w.l(_printf_ls.o)
    0x080002ac   0x080002ac   0x00000004   Code   RO         1879    .ARM.Collect$$_printf_percent$$00000017  c_w.l(_printf_percent_end.o)
    0x080002b0   0x080002b0   0x00000002   Code   RO         1951    .ARM.Collect$$libinit$$00000000  c_w.l(libinit.o)
    0x080002b2   0x080002b2   0x00000004   Code   RO         1952    .ARM.Collect$$libinit$$00000001  c_w.l(libinit2.o)
    0x080002b6   0x080002b6   0x00000000   Code   RO         1955    .ARM.Collect$$libinit$$00000004  c_w.l(libinit2.o)
    0x080002b6   0x080002b6   0x00000000   Code   RO         1957    .ARM.Collect$$libinit$$00000006  c_w.l(libinit2.o)
    0x080002b6   0x080002b6   0x00000000   Code   RO         1960    .ARM.Collect$$libinit$$0000000C  c_w.l(libinit2.o)
    0x080002b6   0x080002b6   0x00000000   Code   RO         1962    .ARM.Collect$$libinit$$0000000E  c_w.l(libinit2.o)
    0x080002b6   0x080002b6   0x00000000   Code   RO         1964    .ARM.Collect$$libinit$$00000010  c_w.l(libinit2.o)
    0x080002b6   0x080002b6   0x00000006   Code   RO         1965    .ARM.Collect$$libinit$$00000011  c_w.l(libinit2.o)
    0x080002bc   0x080002bc   0x00000000   Code   RO         1967    .ARM.Collect$$libinit$$00000013  c_w.l(libinit2.o)
    0x080002bc   0x080002bc   0x0000000c   Code   RO         1968    .ARM.Collect$$libinit$$00000014  c_w.l(libinit2.o)
    0x080002c8   0x080002c8   0x00000000   Code   RO         1969    .ARM.Collect$$libinit$$00000015  c_w.l(libinit2.o)
    0x080002c8   0x080002c8   0x00000000   Code   RO         1971    .ARM.Collect$$libinit$$00000017  c_w.l(libinit2.o)
    0x080002c8   0x080002c8   0x0000000a   Code   RO         1972    .ARM.Collect$$libinit$$00000018  c_w.l(libinit2.o)
    0x080002d2   0x080002d2   0x00000000   Code   RO         1973    .ARM.Collect$$libinit$$00000019  c_w.l(libinit2.o)
    0x080002d2   0x080002d2   0x00000000   Code   RO         1975    .ARM.Collect$$libinit$$0000001B  c_w.l(libinit2.o)
    0x080002d2   0x080002d2   0x00000000   Code   RO         1977    .ARM.Collect$$libinit$$0000001D  c_w.l(libinit2.o)
    0x080002d2   0x080002d2   0x00000000   Code   RO         1979    .ARM.Collect$$libinit$$0000001F  c_w.l(libinit2.o)
    0x080002d2   0x080002d2   0x00000000   Code   RO         1981    .ARM.Collect$$libinit$$00000021  c_w.l(libinit2.o)
    0x080002d2   0x080002d2   0x00000000   Code   RO         1983    .ARM.Collect$$libinit$$00000023  c_w.l(libinit2.o)
    0x080002d2   0x080002d2   0x00000000   Code   RO         1985    .ARM.Collect$$libinit$$00000025  c_w.l(libinit2.o)
    0x080002d2   0x080002d2   0x00000000   Code   RO         1987    .ARM.Collect$$libinit$$00000027  c_w.l(libinit2.o)
    0x080002d2   0x080002d2   0x00000000   Code   RO         1991    .ARM.Collect$$libinit$$0000002E  c_w.l(libinit2.o)
    0x080002d2   0x080002d2   0x00000000   Code   RO         1993    .ARM.Collect$$libinit$$00000030  c_w.l(libinit2.o)
    0x080002d2   0x080002d2   0x00000000   Code   RO         1995    .ARM.Collect$$libinit$$00000032  c_w.l(libinit2.o)
    0x080002d2   0x080002d2   0x00000000   Code   RO         1997    .ARM.Collect$$libinit$$00000034  c_w.l(libinit2.o)
    0x080002d2   0x080002d2   0x00000002   Code   RO         1998    .ARM.Collect$$libinit$$00000035  c_w.l(libinit2.o)
    0x080002d4   0x080002d4   0x00000002   Code   RO         2101    .ARM.Collect$$libshutdown$$00000000  c_w.l(libshutdown.o)
    0x080002d6   0x080002d6   0x00000000   Code   RO         2131    .ARM.Collect$$libshutdown$$00000002  c_w.l(libshutdown2.o)
    0x080002d6   0x080002d6   0x00000000   Code   RO         2133    .ARM.Collect$$libshutdown$$00000004  c_w.l(libshutdown2.o)
    0x080002d6   0x080002d6   0x00000000   Code   RO         2136    .ARM.Collect$$libshutdown$$00000007  c_w.l(libshutdown2.o)
    0x080002d6   0x080002d6   0x00000000   Code   RO         2139    .ARM.Collect$$libshutdown$$0000000A  c_w.l(libshutdown2.o)
    0x080002d6   0x080002d6   0x00000000   Code   RO         2141    .ARM.Collect$$libshutdown$$0000000C  c_w.l(libshutdown2.o)
    0x080002d6   0x080002d6   0x00000000   Code   RO         2144    .ARM.Collect$$libshutdown$$0000000F  c_w.l(libshutdown2.o)
    0x080002d6   0x080002d6   0x00000002   Code   RO         2145    .ARM.Collect$$libshutdown$$00000010  c_w.l(libshutdown2.o)
    0x080002d8   0x080002d8   0x00000000   Code   RO         1715    .ARM.Collect$$rtentry$$00000000  c_w.l(__rtentry.o)
    0x080002d8   0x080002d8   0x00000000   Code   RO         1839    .ARM.Collect$$rtentry$$00000002  c_w.l(__rtentry2.o)
    0x080002d8   0x080002d8   0x00000006   Code   RO         1851    .ARM.Collect$$rtentry$$00000004  c_w.l(__rtentry4.o)
    0x080002de   0x080002de   0x00000000   Code   RO         1841    .ARM.Collect$$rtentry$$00000009  c_w.l(__rtentry2.o)
    0x080002de   0x080002de   0x00000004   Code   RO         1842    .ARM.Collect$$rtentry$$0000000A  c_w.l(__rtentry2.o)
    0x080002e2   0x080002e2   0x00000000   Code   RO         1844    .ARM.Collect$$rtentry$$0000000C  c_w.l(__rtentry2.o)
    0x080002e2   0x080002e2   0x00000008   Code   RO         1845    .ARM.Collect$$rtentry$$0000000D  c_w.l(__rtentry2.o)
    0x080002ea   0x080002ea   0x00000002   Code   RO         2003    .ARM.Collect$$rtexit$$00000000  c_w.l(rtexit.o)
    0x080002ec   0x080002ec   0x00000000   Code   RO         2048    .ARM.Collect$$rtexit$$00000002  c_w.l(rtexit2.o)
    0x080002ec   0x080002ec   0x00000004   Code   RO         2049    .ARM.Collect$$rtexit$$00000003  c_w.l(rtexit2.o)
    0x080002f0   0x080002f0   0x00000006   Code   RO         2050    .ARM.Collect$$rtexit$$00000004  c_w.l(rtexit2.o)
    0x080002f6   0x080002f6   0x00000002   PAD
    0x080002f8   0x080002f8   0x00000040   Code   RO            4    .text               startup_stm32f427xx.o
    0x08000338   0x08000338   0x000000f0   Code   RO         1674    .text               c_w.l(lludivv7m.o)
    0x08000428   0x08000428   0x0000003c   Code   RO         1676    .text               c_w.l(vsnprintf.o)
    0x08000464   0x08000464   0x0000000c   Code   RO         1678    .text               c_w.l(strtok.o)
    0x08000470   0x08000470   0x00000048   Code   RO         1681    .text               c_w.l(strcpy.o)
    0x080004b8   0x080004b8   0x0000003e   Code   RO         1683    .text               c_w.l(strlen.o)
    0x080004f6   0x080004f6   0x0000004e   Code   RO         1685    .text               c_w.l(rt_memclr_w.o)
    0x08000544   0x08000544   0x00000056   Code   RO         1687    .text               c_w.l(strncpy.o)
    0x0800059a   0x0800059a   0x00000006   Code   RO         1689    .text               c_w.l(heapauxi.o)
    0x080005a0   0x080005a0   0x00000016   Code   RO         1720    .text               c_w.l(_rserrno.o)
    0x080005b6   0x080005b6   0x0000004e   Code   RO         1724    .text               c_w.l(_printf_pad.o)
    0x08000604   0x08000604   0x00000024   Code   RO         1726    .text               c_w.l(_printf_truncate.o)
    0x08000628   0x08000628   0x00000052   Code   RO         1728    .text               c_w.l(_printf_str.o)
    0x0800067a   0x0800067a   0x00000002   PAD
    0x0800067c   0x0800067c   0x00000078   Code   RO         1730    .text               c_w.l(_printf_dec.o)
    0x080006f4   0x080006f4   0x00000028   Code   RO         1732    .text               c_w.l(_printf_charcount.o)
    0x0800071c   0x0800071c   0x00000030   Code   RO         1734    .text               c_w.l(_printf_char_common.o)
    0x0800074c   0x0800074c   0x00000010   Code   RO         1736    .text               c_w.l(_snputc.o)
    0x0800075c   0x0800075c   0x000000bc   Code   RO         1738    .text               c_w.l(_printf_wctomb.o)
    0x08000818   0x08000818   0x0000007c   Code   RO         1741    .text               c_w.l(_printf_longlong_dec.o)
    0x08000894   0x08000894   0x00000070   Code   RO         1747    .text               c_w.l(_printf_oct_int_ll.o)
    0x08000904   0x08000904   0x00000094   Code   RO         1767    .text               c_w.l(_printf_hex_int_ll_ptr.o)
    0x08000998   0x08000998   0x00000188   Code   RO         1787    .text               c_w.l(__printf_flags_ss_wp.o)
    0x08000b20   0x08000b20   0x000000b0   Code   RO         1813    .text               c_w.l(strtod.o)
    0x08000bd0   0x08000bd0   0x00000044   Code   RO         1815    .text               c_w.l(strtok_int.o)
    0x08000c14   0x08000c14   0x00000044   Code   RO         1817    .text               c_w.l(rt_memclr.o)
    0x08000c58   0x08000c58   0x00000008   Code   RO         1858    .text               c_w.l(rt_errno_addr_intlibspace.o)
    0x08000c60   0x08000c60   0x0000008a   Code   RO         1860    .text               c_w.l(lludiv10.o)
    0x08000cea   0x08000cea   0x00000012   Code   RO         1862    .text               c_w.l(isspace.o)
    0x08000cfc   0x08000cfc   0x000000b2   Code   RO         1864    .text               c_w.l(_printf_intcommon.o)
    0x08000dae   0x08000dae   0x0000041c   Code   RO         1866    .text               c_w.l(_printf_fp_dec.o)
    0x080011ca   0x080011ca   0x00000002   PAD
    0x080011cc   0x080011cc   0x000002fc   Code   RO         1870    .text               c_w.l(_printf_fp_hex.o)
    0x080014c8   0x080014c8   0x0000002c   Code   RO         1875    .text               c_w.l(_printf_char.o)
    0x080014f4   0x080014f4   0x0000002c   Code   RO         1877    .text               c_w.l(_printf_wchar.o)
    0x08001520   0x08001520   0x00000040   Code   RO         1880    .text               c_w.l(_sgetc.o)
    0x08001560   0x08001560   0x00000048   Code   RO         1882    .text               c_w.l(_c16rtomb.o)
    0x080015a8   0x080015a8   0x00000020   Code   RO         1887    .text               c_w.l(strcspn.o)
    0x080015c8   0x080015c8   0x0000001c   Code   RO         1889    .text               c_w.l(strspn.o)
    0x080015e4   0x080015e4   0x00000008   Code   RO         1893    .text               c_w.l(libspace.o)
    0x080015ec   0x080015ec   0x0000004a   Code   RO         1896    .text               c_w.l(sys_stackheap_outer.o)
    0x08001636   0x08001636   0x00000002   PAD
    0x08001638   0x08001638   0x00000010   Code   RO         1898    .text               c_w.l(rt_ctype_table.o)
    0x08001648   0x08001648   0x00000008   Code   RO         1903    .text               c_w.l(rt_locale_intlibspace.o)
    0x08001650   0x08001650   0x00000080   Code   RO         1905    .text               c_w.l(_printf_fp_infnan.o)
    0x080016d0   0x080016d0   0x000004f8   Code   RO         1907    .text               c_w.l(scanf_fp.o)
    0x08001bc8   0x08001bc8   0x000000e4   Code   RO         1911    .text               c_w.l(bigflt0.o)
    0x08001cac   0x08001cac   0x00000012   Code   RO         1938    .text               c_w.l(exit.o)
    0x08001cbe   0x08001cbe   0x00000002   PAD
    0x08001cc0   0x08001cc0   0x0000007c   Code   RO         1944    .text               c_w.l(strcmpv7em.o)
    0x08001d3c   0x08001d3c   0x00000026   Code   RO         2007    .text               c_w.l(llshl.o)
    0x08001d62   0x08001d62   0x00000002   PAD
    0x08001d64   0x08001d64   0x0000000c   Code   RO         2043    .text               c_w.l(sys_exit.o)
    0x08001d70   0x08001d70   0x00000320   Code   RO         2056    .text               c_w.l(scanf_hexfp.o)
    0x08002090   0x08002090   0x00000134   Code   RO         2058    .text               c_w.l(scanf_infnan.o)
    0x080021c4   0x080021c4   0x00000002   Code   RO         2086    .text               c_w.l(use_no_semi.o)
    0x080021c6   0x080021c6   0x00000000   Code   RO         2088    .text               c_w.l(indicate_semi.o)
    0x080021c6   0x080021c6   0x0000001c   Code   RO         2091    .text               c_w.l(_chval.o)
    0x080021e2   0x080021e2   0x00000002   PAD
    0x080021e4   0x080021e4   0x00000002   Code   RO          118    .text.BusFault_Handler  stm32f4xx_it.o
    0x080021e6   0x080021e6   0x00000002   PAD
    0x080021e8   0x080021e8   0x00000004   Code   RO         1365    .text.CDC_Control_FS  usbd_cdc_if.o
    0x080021ec   0x080021ec   0x00000004   Code   RO         1363    .text.CDC_DeInit_FS  usbd_cdc_if.o
    0x080021f0   0x080021f0   0x0000002c   Code   RO         1361    .text.CDC_Init_FS   usbd_cdc_if.o
    0x0800221c   0x0800221c   0x00000032   Code   RO         1367    .text.CDC_Receive_FS  usbd_cdc_if.o
    0x0800224e   0x0800224e   0x00000002   PAD
    0x08002250   0x08002250   0x00000004   Code   RO         1369    .text.CDC_TransmitCplt_FS  usbd_cdc_if.o
    0x08002254   0x08002254   0x00000002   Code   RO          124    .text.DebugMon_Handler  stm32f4xx_it.o
    0x08002256   0x08002256   0x00000002   PAD
    0x08002258   0x08002258   0x0000000a   Code   RO           15    .text.Error_Handler  main.o
    0x08002262   0x08002262   0x00000002   PAD
    0x08002264   0x08002264   0x0000008e   Code   RO          524    .text.HAL_DMA_Abort  stm32f4xx_hal_dma.o
    0x080022f2   0x080022f2   0x00000002   PAD
    0x080022f4   0x080022f4   0x00000024   Code   RO          526    .text.HAL_DMA_Abort_IT  stm32f4xx_hal_dma.o
    0x08002318   0x08002318   0x00000028   Code   RO          683    .text.HAL_Delay     stm32f4xx_hal.o
    0x08002340   0x08002340   0x000001a6   Code   RO          478    .text.HAL_GPIO_Init  stm32f4xx_hal_gpio.o
    0x080024e6   0x080024e6   0x00000002   PAD
    0x080024e8   0x080024e8   0x00000010   Code   RO          486    .text.HAL_GPIO_TogglePin  stm32f4xx_hal_gpio.o
    0x080024f8   0x080024f8   0x0000000a   Code   RO          484    .text.HAL_GPIO_WritePin  stm32f4xx_hal_gpio.o
    0x08002502   0x08002502   0x00000002   PAD
    0x08002504   0x08002504   0x0000000c   Code   RO          675    .text.HAL_GetTick   stm32f4xx_hal.o
    0x08002510   0x08002510   0x0000001a   Code   RO          673    .text.HAL_IncTick   stm32f4xx_hal.o
    0x0800252a   0x0800252a   0x00000002   PAD
    0x0800252c   0x0800252c   0x00000036   Code   RO          663    .text.HAL_Init      stm32f4xx_hal.o
    0x08002562   0x08002562   0x00000002   PAD
    0x08002564   0x08002564   0x00000048   Code   RO          665    .text.HAL_InitTick  stm32f4xx_hal.o
    0x080025ac   0x080025ac   0x00000038   Code   RO          148    .text.HAL_MspInit   stm32f4xx_hal_msp.o
    0x080025e4   0x080025e4   0x00000026   Code   RO          621    .text.HAL_NVIC_EnableIRQ  stm32f4xx_hal_cortex.o
    0x0800260a   0x0800260a   0x00000002   PAD
    0x0800260c   0x0800260c   0x00000056   Code   RO          619    .text.HAL_NVIC_SetPriority  stm32f4xx_hal_cortex.o
    0x08002662   0x08002662   0x00000002   PAD
    0x08002664   0x08002664   0x00000020   Code   RO          617    .text.HAL_NVIC_SetPriorityGrouping  stm32f4xx_hal_cortex.o
    0x08002684   0x08002684   0x00000002   Code   RO          238    .text.HAL_PCDEx_LPM_Callback  stm32f4xx_hal_pcd_ex.o
    0x08002686   0x08002686   0x00000002   PAD
    0x08002688   0x08002688   0x00000008   Code   RO          236    .text.HAL_PCDEx_SetRxFiFo  stm32f4xx_hal_pcd_ex.o
    0x08002690   0x08002690   0x000000ea   Code   RO          234    .text.HAL_PCDEx_SetTxFiFo  stm32f4xx_hal_pcd_ex.o
    0x0800277a   0x0800277a   0x00000002   PAD
    0x0800277c   0x0800277c   0x00000008   Code   RO         1411    .text.HAL_PCD_ConnectCallback  usbd_conf.o
    0x08002784   0x08002784   0x00000014   Code   RO         1397    .text.HAL_PCD_DataInStageCallback  usbd_conf.o
    0x08002798   0x08002798   0x00000016   Code   RO         1395    .text.HAL_PCD_DataOutStageCallback  usbd_conf.o
    0x080027ae   0x080027ae   0x00000002   PAD
    0x080027b0   0x080027b0   0x00000008   Code   RO         1413    .text.HAL_PCD_DisconnectCallback  usbd_conf.o
    0x080027b8   0x080027b8   0x00000050   Code   RO          204    .text.HAL_PCD_EP_Close  stm32f4xx_hal_pcd.o
    0x08002808   0x08002808   0x00000068   Code   RO          214    .text.HAL_PCD_EP_ClrStall  stm32f4xx_hal_pcd.o
    0x08002870   0x08002870   0x00000012   Code   RO          208    .text.HAL_PCD_EP_GetRxCount  stm32f4xx_hal_pcd.o
    0x08002882   0x08002882   0x00000002   PAD
    0x08002884   0x08002884   0x00000068   Code   RO          202    .text.HAL_PCD_EP_Open  stm32f4xx_hal_pcd.o
    0x080028ec   0x080028ec   0x0000004c   Code   RO          206    .text.HAL_PCD_EP_Receive  stm32f4xx_hal_pcd.o
    0x08002938   0x08002938   0x0000007c   Code   RO          212    .text.HAL_PCD_EP_SetStall  stm32f4xx_hal_pcd.o
    0x080029b4   0x080029b4   0x00000044   Code   RO          210    .text.HAL_PCD_EP_Transmit  stm32f4xx_hal_pcd.o
    0x080029f8   0x080029f8   0x00000926   Code   RO          168    .text.HAL_PCD_IRQHandler  stm32f4xx_hal_pcd.o
    0x0800331e   0x0800331e   0x00000002   PAD
    0x08003320   0x08003320   0x00000008   Code   RO         1409    .text.HAL_PCD_ISOINIncompleteCallback  usbd_conf.o
    0x08003328   0x08003328   0x00000008   Code   RO         1407    .text.HAL_PCD_ISOOUTIncompleteCallback  usbd_conf.o
    0x08003330   0x08003330   0x0000013e   Code   RO          156    .text.HAL_PCD_Init  stm32f4xx_hal_pcd.o
    0x0800346e   0x0800346e   0x00000002   PAD
    0x08003470   0x08003470   0x0000007e   Code   RO         1389    .text.HAL_PCD_MspInit  usbd_conf.o
    0x080034ee   0x080034ee   0x00000002   PAD
    0x080034f0   0x080034f0   0x0000002a   Code   RO         1401    .text.HAL_PCD_ResetCallback  usbd_conf.o
    0x0800351a   0x0800351a   0x00000002   PAD
    0x0800351c   0x0800351c   0x00000008   Code   RO         1405    .text.HAL_PCD_ResumeCallback  usbd_conf.o
    0x08003524   0x08003524   0x00000008   Code   RO         1399    .text.HAL_PCD_SOFCallback  usbd_conf.o
    0x0800352c   0x0800352c   0x00000028   Code   RO          200    .text.HAL_PCD_SetAddress  stm32f4xx_hal_pcd.o
    0x08003554   0x08003554   0x0000000e   Code   RO         1393    .text.HAL_PCD_SetupStageCallback  usbd_conf.o
    0x08003562   0x08003562   0x00000002   PAD
    0x08003564   0x08003564   0x0000003e   Code   RO          164    .text.HAL_PCD_Start  stm32f4xx_hal_pcd.o
    0x080035a2   0x080035a2   0x00000002   PAD
    0x080035a4   0x080035a4   0x00000034   Code   RO         1403    .text.HAL_PCD_SuspendCallback  usbd_conf.o
    0x080035d8   0x080035d8   0x00000160   Code   RO          358    .text.HAL_RCC_ClockConfig  stm32f4xx_hal_rcc.o
    0x08003738   0x08003738   0x0000000c   Code   RO          368    .text.HAL_RCC_GetHCLKFreq  stm32f4xx_hal_rcc.o
    0x08003744   0x08003744   0x00000026   Code   RO          370    .text.HAL_RCC_GetPCLK1Freq  stm32f4xx_hal_rcc.o
    0x0800376a   0x0800376a   0x00000002   PAD
    0x0800376c   0x0800376c   0x00000026   Code   RO          372    .text.HAL_RCC_GetPCLK2Freq  stm32f4xx_hal_rcc.o
    0x08003792   0x08003792   0x00000002   PAD
    0x08003794   0x08003794   0x0000006a   Code   RO          360    .text.HAL_RCC_GetSysClockFreq  stm32f4xx_hal_rcc.o
    0x080037fe   0x080037fe   0x00000002   PAD
    0x08003800   0x08003800   0x00000374   Code   RO          356    .text.HAL_RCC_OscConfig  stm32f4xx_hal_rcc.o
    0x08003b74   0x08003b74   0x000000b4   Code   RO          757    .text.HAL_SPI_Init  stm32f4xx_hal_spi.o
    0x08003c28   0x08003c28   0x0000006c   Code   RO           36    .text.HAL_SPI_MspInit  spi.o
    0x08003c94   0x08003c94   0x00000318   Code   RO          769    .text.HAL_SPI_TransmitReceive  stm32f4xx_hal_spi.o
    0x08003fac   0x08003fac   0x0000002c   Code   RO          629    .text.HAL_SYSTICK_Config  stm32f4xx_hal_cortex.o
    0x08003fd8   0x08003fd8   0x00000002   Code   RO         1176    .text.HAL_TIMEx_BreakCallback  stm32f4xx_hal_tim_ex.o
    0x08003fda   0x08003fda   0x00000002   PAD
    0x08003fdc   0x08003fdc   0x00000002   Code   RO         1172    .text.HAL_TIMEx_CommutCallback  stm32f4xx_hal_tim_ex.o
    0x08003fde   0x08003fde   0x00000002   PAD
    0x08003fe0   0x08003fe0   0x000000b6   Code   RO         1166    .text.HAL_TIMEx_MasterConfigSynchronization  stm32f4xx_hal_tim_ex.o
    0x08004096   0x08004096   0x00000002   PAD
    0x08004098   0x08004098   0x0000005a   Code   RO          871    .text.HAL_TIM_Base_Init  stm32f4xx_hal_tim.o
    0x080040f2   0x080040f2   0x00000002   PAD
    0x080040f4   0x080040f4   0x0000007c   Code   RO           71    .text.HAL_TIM_Base_MspInit  tim.o
    0x08004170   0x08004170   0x000000aa   Code   RO          885    .text.HAL_TIM_Base_Start_IT  stm32f4xx_hal_tim.o
    0x0800421a   0x0800421a   0x00000002   PAD
    0x0800421c   0x0800421c   0x000000b2   Code   RO          985    .text.HAL_TIM_Encoder_Init  stm32f4xx_hal_tim.o
    0x080042ce   0x080042ce   0x00000002   PAD
    0x080042d0   0x080042d0   0x0000016e   Code   RO           67    .text.HAL_TIM_Encoder_MspInit  tim.o
    0x0800443e   0x0800443e   0x00000002   PAD
    0x08004440   0x08004440   0x000000bc   Code   RO          993    .text.HAL_TIM_Encoder_Start  stm32f4xx_hal_tim.o
    0x080044fc   0x080044fc   0x00000002   Code   RO         1007    .text.HAL_TIM_IC_CaptureCallback  stm32f4xx_hal_tim.o
    0x080044fe   0x080044fe   0x00000002   PAD
    0x08004500   0x08004500   0x00000170   Code   RO         1005    .text.HAL_TIM_IRQHandler  stm32f4xx_hal_tim.o
    0x08004670   0x08004670   0x00000002   Code   RO         1009    .text.HAL_TIM_OC_DelayElapsedCallback  stm32f4xx_hal_tim.o
    0x08004672   0x08004672   0x00000002   PAD
    0x08004674   0x08004674   0x00000222   Code   RO         1025    .text.HAL_TIM_PWM_ConfigChannel  stm32f4xx_hal_tim.o
    0x08004896   0x08004896   0x00000002   PAD
    0x08004898   0x08004898   0x0000005a   Code   RO          925    .text.HAL_TIM_PWM_Init  stm32f4xx_hal_tim.o
    0x080048f2   0x080048f2   0x00000002   PAD
    0x080048f4   0x080048f4   0x00000062   Code   RO           69    .text.HAL_TIM_PWM_MspInit  tim.o
    0x08004956   0x08004956   0x00000002   PAD
    0x08004958   0x08004958   0x00000002   Code   RO         1011    .text.HAL_TIM_PWM_PulseFinishedCallback  stm32f4xx_hal_tim.o
    0x0800495a   0x0800495a   0x00000002   PAD
    0x0800495c   0x0800495c   0x00000112   Code   RO          933    .text.HAL_TIM_PWM_Start  stm32f4xx_hal_tim.o
    0x08004a6e   0x08004a6e   0x00000002   PAD
    0x08004a70   0x08004a70   0x00000118   Code   RO          138    .text.HAL_TIM_PeriodElapsedCallback  stm32f4xx_it.o
    0x08004b88   0x08004b88   0x00000002   Code   RO         1015    .text.HAL_TIM_TriggerCallback  stm32f4xx_hal_tim.o
    0x08004b8a   0x08004b8a   0x00000002   PAD
    0x08004b8c   0x08004b8c   0x00000002   Code   RO         1274    .text.HAL_UARTEx_RxEventCallback  stm32f4xx_hal_uart.o
    0x08004b8e   0x08004b8e   0x00000002   PAD
    0x08004b90   0x08004b90   0x00000002   Code   RO         1272    .text.HAL_UART_ErrorCallback  stm32f4xx_hal_uart.o
    0x08004b92   0x08004b92   0x00000002   PAD
    0x08004b94   0x08004b94   0x00000564   Code   RO         1266    .text.HAL_UART_IRQHandler  stm32f4xx_hal_uart.o
    0x080050f8   0x080050f8   0x0000005e   Code   RO         1190    .text.HAL_UART_Init  stm32f4xx_hal_uart.o
    0x08005156   0x08005156   0x00000002   PAD
    0x08005158   0x08005158   0x0000007c   Code   RO           97    .text.HAL_UART_MspInit  usart.o
    0x080051d4   0x080051d4   0x00000002   Code   RO          101    .text.HAL_UART_RxCpltCallback  usart.o
    0x080051d6   0x080051d6   0x00000002   PAD
    0x080051d8   0x080051d8   0x00000002   Code   RO         1276    .text.HAL_UART_TxCpltCallback  stm32f4xx_hal_uart.o
    0x080051da   0x080051da   0x00000002   PAD
    0x080051dc   0x080051dc   0x00000002   Code   RO          114    .text.HardFault_Handler  stm32f4xx_it.o
    0x080051de   0x080051de   0x00000002   PAD
    0x080051e0   0x080051e0   0x0000013e   Code   RO           25    .text.MX_GPIO_Init  gpio.o
    0x0800531e   0x0800531e   0x00000002   PAD
    0x08005320   0x08005320   0x0000004c   Code   RO           34    .text.MX_SPI5_Init  spi.o
    0x0800536c   0x0800536c   0x00000066   Code   RO           49    .text.MX_TIM2_Init  tim.o
    0x080053d2   0x080053d2   0x00000002   PAD
    0x080053d4   0x080053d4   0x0000010e   Code   RO           51    .text.MX_TIM3_Init  tim.o
    0x080054e2   0x080054e2   0x00000002   PAD
    0x080054e4   0x080054e4   0x0000006a   Code   RO           55    .text.MX_TIM4_Init  tim.o
    0x0800554e   0x0800554e   0x00000002   PAD
    0x08005550   0x08005550   0x0000006a   Code   RO           57    .text.MX_TIM5_Init  tim.o
    0x080055ba   0x080055ba   0x00000002   PAD
    0x080055bc   0x080055bc   0x00000054   Code   RO           59    .text.MX_TIM6_Init  tim.o
    0x08005610   0x08005610   0x00000054   Code   RO           61    .text.MX_TIM7_Init  tim.o
    0x08005664   0x08005664   0x00000070   Code   RO           63    .text.MX_TIM8_Init  tim.o
    0x080056d4   0x080056d4   0x000000f2   Code   RO           65    .text.MX_TIM9_Init  tim.o
    0x080057c6   0x080057c6   0x00000002   PAD
    0x080057c8   0x080057c8   0x0000003c   Code   RO           95    .text.MX_USART6_UART_Init  usart.o
    0x08005804   0x08005804   0x00000072   Code   RO         1325    .text.MX_USB_DEVICE_Init  usb_device.o
    0x08005876   0x08005876   0x00000002   PAD
    0x08005878   0x08005878   0x00000002   Code   RO          116    .text.MemManage_Handler  stm32f4xx_it.o
    0x0800587a   0x0800587a   0x00000002   PAD
    0x0800587c   0x0800587c   0x00000002   Code   RO          112    .text.NMI_Handler   stm32f4xx_it.o
    0x0800587e   0x0800587e   0x00000002   PAD
    0x08005880   0x08005880   0x0000000c   Code   RO          134    .text.OTG_FS_IRQHandler  stm32f4xx_it.o
    0x0800588c   0x0800588c   0x00000002   Code   RO          126    .text.PendSV_Handler  stm32f4xx_it.o
    0x0800588e   0x0800588e   0x00000002   PAD
    0x08005890   0x08005890   0x000000e4   Code   RO          861    .text.SPI_WaitFlagStateUntilTimeout  stm32f4xx_hal_spi.o
    0x08005974   0x08005974   0x00000002   Code   RO          122    .text.SVC_Handler   stm32f4xx_it.o
    0x08005976   0x08005976   0x00000002   PAD
    0x08005978   0x08005978   0x0000006c   Code   RO         1628    .text.Speed2Wheels  mecanum.o
    0x080059e4   0x080059e4   0x000000f8   Code   RO         1609    .text.SpeedInnerControl  encoder_control.o
    0x08005adc   0x08005adc   0x00000004   Code   RO          128    .text.SysTick_Handler  stm32f4xx_it.o
    0x08005ae0   0x08005ae0   0x00000012   Code   RO         1310    .text.SystemInit    system_stm32f4xx.o
    0x08005af2   0x08005af2   0x00000002   PAD
    0x08005af4   0x08005af4   0x0000000c   Code   RO          130    .text.TIM6_DAC_IRQHandler  stm32f4xx_it.o
    0x08005b00   0x08005b00   0x0000000c   Code   RO          132    .text.TIM7_IRQHandler  stm32f4xx_it.o
    0x08005b0c   0x08005b0c   0x0000013c   Code   RO          875    .text.TIM_Base_SetConfig  stm32f4xx_hal_tim.o
    0x08005c48   0x08005c48   0x0000000c   Code   RO         1270    .text.UART_DMAAbortOnError  stm32f4xx_hal_uart.o
    0x08005c54   0x08005c54   0x000000fe   Code   RO         1268    .text.UART_Receive_IT  stm32f4xx_hal_uart.o
    0x08005d52   0x08005d52   0x00000002   PAD
    0x08005d54   0x08005d54   0x000000ee   Code   RO         1194    .text.UART_SetConfig  stm32f4xx_hal_uart.o
    0x08005e42   0x08005e42   0x00000002   PAD
    0x08005e44   0x08005e44   0x0000000c   Code   RO          136    .text.USART6_IRQHandler  stm32f4xx_it.o
    0x08005e50   0x08005e50   0x00000076   Code   RO         1568    .text.USBD_CDC_DataIn  usbd_cdc.o
    0x08005ec6   0x08005ec6   0x00000002   PAD
    0x08005ec8   0x08005ec8   0x0000003c   Code   RO         1570    .text.USBD_CDC_DataOut  usbd_cdc.o
    0x08005f04   0x08005f04   0x0000005a   Code   RO         1562    .text.USBD_CDC_DeInit  usbd_cdc.o
    0x08005f5e   0x08005f5e   0x00000002   PAD
    0x08005f60   0x08005f60   0x0000003c   Code   RO         1566    .text.USBD_CDC_EP0_RxReady  usbd_cdc.o
    0x08005f9c   0x08005f9c   0x00000010   Code   RO         1578    .text.USBD_CDC_GetDeviceQualifierDescriptor  usbd_cdc.o
    0x08005fac   0x08005fac   0x00000052   Code   RO         1574    .text.USBD_CDC_GetFSCfgDesc  usbd_cdc.o
    0x08005ffe   0x08005ffe   0x00000002   PAD
    0x08006000   0x08006000   0x00000056   Code   RO         1572    .text.USBD_CDC_GetHSCfgDesc  usbd_cdc.o
    0x08006056   0x08006056   0x00000002   PAD
    0x08006058   0x08006058   0x00000052   Code   RO         1576    .text.USBD_CDC_GetOtherSpeedCfgDesc  usbd_cdc.o
    0x080060aa   0x080060aa   0x00000002   PAD
    0x080060ac   0x080060ac   0x000000d6   Code   RO         1560    .text.USBD_CDC_Init  usbd_cdc.o
    0x08006182   0x08006182   0x00000002   PAD
    0x08006184   0x08006184   0x00000034   Code   RO         1588    .text.USBD_CDC_ReceivePacket  usbd_cdc.o
    0x080061b8   0x080061b8   0x00000018   Code   RO         1580    .text.USBD_CDC_RegisterInterface  usbd_cdc.o
    0x080061d0   0x080061d0   0x0000001a   Code   RO         1584    .text.USBD_CDC_SetRxBuffer  usbd_cdc.o
    0x080061ea   0x080061ea   0x00000002   PAD
    0x080061ec   0x080061ec   0x0000001e   Code   RO         1582    .text.USBD_CDC_SetTxBuffer  usbd_cdc.o
    0x0800620a   0x0800620a   0x00000002   PAD
    0x0800620c   0x0800620c   0x00000100   Code   RO         1564    .text.USBD_CDC_Setup  usbd_cdc.o
    0x0800630c   0x0800630c   0x0000003e   Code   RO         1586    .text.USBD_CDC_TransmitPacket  usbd_cdc.o
    0x0800634a   0x0800634a   0x00000002   PAD
    0x0800634c   0x0800634c   0x00000012   Code   RO         1475    .text.USBD_ClrClassConfig  usbd_core.o
    0x0800635e   0x0800635e   0x00000002   PAD
    0x08006360   0x08006360   0x00000004   Code   RO         1483    .text.USBD_CoreFindEP  usbd_core.o
    0x08006364   0x08006364   0x00000004   Code   RO         1481    .text.USBD_CoreFindIF  usbd_core.o
    0x08006368   0x08006368   0x00000010   Code   RO         1544    .text.USBD_CtlContinueRx  usbd_ioreq.o
    0x08006378   0x08006378   0x00000010   Code   RO         1540    .text.USBD_CtlContinueSendData  usbd_ioreq.o
    0x08006388   0x08006388   0x00000016   Code   RO         1519    .text.USBD_CtlError  usbd_ctlreq.o
    0x0800639e   0x0800639e   0x00000002   PAD
    0x080063a0   0x080063a0   0x0000001a   Code   RO         1542    .text.USBD_CtlPrepareRx  usbd_ioreq.o
    0x080063ba   0x080063ba   0x00000002   PAD
    0x080063bc   0x080063bc   0x00000016   Code   RO         1548    .text.USBD_CtlReceiveStatus  usbd_ioreq.o
    0x080063d2   0x080063d2   0x00000002   PAD
    0x080063d4   0x080063d4   0x0000001a   Code   RO         1538    .text.USBD_CtlSendData  usbd_ioreq.o
    0x080063ee   0x080063ee   0x00000002   PAD
    0x080063f0   0x080063f0   0x00000016   Code   RO         1546    .text.USBD_CtlSendStatus  usbd_ioreq.o
    0x08006406   0x08006406   0x00000002   PAD
    0x08006408   0x08006408   0x00000024   Code   RO         1344    .text.USBD_FS_ConfigStrDescriptor  usbd_desc.o
    0x0800642c   0x0800642c   0x0000000e   Code   RO         1334    .text.USBD_FS_DeviceDescriptor  usbd_desc.o
    0x0800643a   0x0800643a   0x00000002   PAD
    0x0800643c   0x0800643c   0x00000028   Code   RO         1346    .text.USBD_FS_InterfaceStrDescriptor  usbd_desc.o
    0x08006464   0x08006464   0x0000000e   Code   RO         1336    .text.USBD_FS_LangIDStrDescriptor  usbd_desc.o
    0x08006472   0x08006472   0x00000002   PAD
    0x08006474   0x08006474   0x0000002c   Code   RO         1338    .text.USBD_FS_ManufacturerStrDescriptor  usbd_desc.o
    0x080064a0   0x080064a0   0x00000030   Code   RO         1340    .text.USBD_FS_ProductStrDescriptor  usbd_desc.o
    0x080064d0   0x080064d0   0x0000016c   Code   RO         1342    .text.USBD_FS_SerialStrDescriptor  usbd_desc.o
    0x0800663c   0x0800663c   0x00000080   Code   RO         1505    .text.USBD_GetEpDesc  usbd_core.o
    0x080066bc   0x080066bc   0x000000da   Code   RO         1527    .text.USBD_GetString  usbd_ctlreq.o
    0x08006796   0x08006796   0x00000002   PAD
    0x08006798   0x08006798   0x0000002a   Code   RO         1461    .text.USBD_Init     usbd_core.o
    0x080067c2   0x080067c2   0x00000002   PAD
    0x080067c4   0x080067c4   0x00000022   Code   RO         1433    .text.USBD_LL_ClearStallEP  usbd_conf.o
    0x080067e6   0x080067e6   0x00000002   PAD
    0x080067e8   0x080067e8   0x00000022   Code   RO         1427    .text.USBD_LL_CloseEP  usbd_conf.o
    0x0800680a   0x0800680a   0x00000002   PAD
    0x0800680c   0x0800680c   0x000000b6   Code   RO         1485    .text.USBD_LL_DataInStage  usbd_core.o
    0x080068c2   0x080068c2   0x00000002   PAD
    0x080068c4   0x080068c4   0x00000078   Code   RO         1479    .text.USBD_LL_DataOutStage  usbd_core.o
    0x0800693c   0x0800693c   0x00000004   Code   RO         1501    .text.USBD_LL_DevConnected  usbd_core.o
    0x08006940   0x08006940   0x00000020   Code   RO         1503    .text.USBD_LL_DevDisconnected  usbd_core.o
    0x08006960   0x08006960   0x00000008   Code   RO         1443    .text.USBD_LL_GetRxDataSize  usbd_conf.o
    0x08006968   0x08006968   0x00000070   Code   RO         1415    .text.USBD_LL_Init  usbd_conf.o
    0x080069d8   0x080069d8   0x00000022   Code   RO         1435    .text.USBD_LL_IsStallEP  usbd_conf.o
    0x080069fa   0x080069fa   0x00000002   PAD
    0x080069fc   0x080069fc   0x00000028   Code   RO         1497    .text.USBD_LL_IsoINIncomplete  usbd_core.o
    0x08006a24   0x08006a24   0x00000028   Code   RO         1499    .text.USBD_LL_IsoOUTIncomplete  usbd_core.o
    0x08006a4c   0x08006a4c   0x00000028   Code   RO         1425    .text.USBD_LL_OpenEP  usbd_conf.o
    0x08006a74   0x08006a74   0x00000022   Code   RO         1441    .text.USBD_LL_PrepareReceive  usbd_conf.o
    0x08006a96   0x08006a96   0x00000002   PAD
    0x08006a98   0x08006a98   0x00000066   Code   RO         1487    .text.USBD_LL_Reset  usbd_core.o
    0x08006afe   0x08006afe   0x00000002   PAD
    0x08006b00   0x08006b00   0x00000014   Code   RO         1493    .text.USBD_LL_Resume  usbd_core.o
    0x08006b14   0x08006b14   0x0000001c   Code   RO         1495    .text.USBD_LL_SOF   usbd_core.o
    0x08006b30   0x08006b30   0x00000008   Code   RO         1489    .text.USBD_LL_SetSpeed  usbd_core.o
    0x08006b38   0x08006b38   0x00000022   Code   RO         1437    .text.USBD_LL_SetUSBAddress  usbd_conf.o
    0x08006b5a   0x08006b5a   0x00000002   PAD
    0x08006b5c   0x08006b5c   0x00000062   Code   RO         1477    .text.USBD_LL_SetupStage  usbd_core.o
    0x08006bbe   0x08006bbe   0x00000002   PAD
    0x08006bc0   0x08006bc0   0x00000022   Code   RO         1431    .text.USBD_LL_StallEP  usbd_conf.o
    0x08006be2   0x08006be2   0x00000002   PAD
    0x08006be4   0x08006be4   0x00000022   Code   RO         1421    .text.USBD_LL_Start  usbd_conf.o
    0x08006c06   0x08006c06   0x00000002   PAD
    0x08006c08   0x08006c08   0x00000014   Code   RO         1491    .text.USBD_LL_Suspend  usbd_core.o
    0x08006c1c   0x08006c1c   0x00000022   Code   RO         1439    .text.USBD_LL_Transmit  usbd_conf.o
    0x08006c3e   0x08006c3e   0x00000002   PAD
    0x08006c40   0x08006c40   0x00000016   Code   RO         1525    .text.USBD_ParseSetupRequest  usbd_ctlreq.o
    0x08006c56   0x08006c56   0x00000002   PAD
    0x08006c58   0x08006c58   0x00000042   Code   RO         1465    .text.USBD_RegisterClass  usbd_core.o
    0x08006c9a   0x08006c9a   0x00000002   PAD
    0x08006c9c   0x08006c9c   0x00000010   Code   RO         1473    .text.USBD_SetClassConfig  usbd_core.o
    0x08006cac   0x08006cac   0x00000004   Code   RO         1467    .text.USBD_Start    usbd_core.o
    0x08006cb0   0x08006cb0   0x00000374   Code   RO         1517    .text.USBD_StdDevReq  usbd_ctlreq.o
    0x08007024   0x08007024   0x00000172   Code   RO         1523    .text.USBD_StdEPReq  usbd_ctlreq.o
    0x08007196   0x08007196   0x00000002   PAD
    0x08007198   0x08007198   0x00000094   Code   RO         1521    .text.USBD_StdItfReq  usbd_ctlreq.o
    0x0800722c   0x0800722c   0x00000002   Code   RO         1447    .text.USBD_static_free  usbd_conf.o
    0x0800722e   0x0800722e   0x00000002   PAD
    0x08007230   0x08007230   0x0000000a   Code   RO         1445    .text.USBD_static_malloc  usbd_conf.o
    0x0800723a   0x0800723a   0x00000002   PAD
    0x0800723c   0x0800723c   0x00000204   Code   RO         1375    .text.USBVcomParser  usbd_cdc_if.o
    0x08007440   0x08007440   0x0000005a   Code   RO         1373    .text.USBVcom_printf  usbd_cdc_if.o
    0x0800749a   0x0800749a   0x00000002   PAD
    0x0800749c   0x0800749c   0x00000082   Code   RO          272    .text.USB_ActivateEndpoint  stm32f4xx_ll_usb.o
    0x0800751e   0x0800751e   0x00000002   PAD
    0x08007520   0x08007520   0x00000020   Code   RO          314    .text.USB_ActivateSetup  stm32f4xx_ll_usb.o
    0x08007540   0x08007540   0x000001de   Code   RO          250    .text.USB_CoreInit  stm32f4xx_ll_usb.o
    0x0800771e   0x0800771e   0x00000002   PAD
    0x08007720   0x08007720   0x00000086   Code   RO          276    .text.USB_DeactivateEndpoint  stm32f4xx_ll_usb.o
    0x080077a6   0x080077a6   0x00000002   PAD
    0x080077a8   0x080077a8   0x0000001e   Code   RO          298    .text.USB_DevConnect  stm32f4xx_ll_usb.o
    0x080077c6   0x080077c6   0x00000002   PAD
    0x080077c8   0x080077c8   0x0000001e   Code   RO          300    .text.USB_DevDisconnect  stm32f4xx_ll_usb.o
    0x080077e6   0x080077e6   0x00000002   PAD
    0x080077e8   0x080077e8   0x00000492   Code   RO          262    .text.USB_DevInit   stm32f4xx_ll_usb.o
    0x08007c7a   0x08007c7a   0x00000002   PAD
    0x08007c7c   0x08007c7c   0x0000000e   Code   RO          256    .text.USB_DisableGlobalInt  stm32f4xx_ll_usb.o
    0x08007c8a   0x08007c8a   0x00000002   PAD
    0x08007c8c   0x08007c8c   0x000000fc   Code   RO          284    .text.USB_EP0StartXfer  stm32f4xx_ll_usb.o
    0x08007d88   0x08007d88   0x0000005a   Code   RO          316    .text.USB_EP0_OutStart  stm32f4xx_ll_usb.o
    0x08007de2   0x08007de2   0x00000002   PAD
    0x08007de4   0x08007de4   0x00000052   Code   RO          292    .text.USB_EPClearStall  stm32f4xx_ll_usb.o
    0x08007e36   0x08007e36   0x00000002   PAD
    0x08007e38   0x08007e38   0x0000003e   Code   RO          290    .text.USB_EPSetStall  stm32f4xx_ll_usb.o
    0x08007e76   0x08007e76   0x00000002   PAD
    0x08007e78   0x08007e78   0x000001ee   Code   RO          280    .text.USB_EPStartXfer  stm32f4xx_ll_usb.o
    0x08008066   0x08008066   0x00000002   PAD
    0x08008068   0x08008068   0x0000010e   Code   RO          286    .text.USB_EPStopXfer  stm32f4xx_ll_usb.o
    0x08008176   0x08008176   0x00000002   PAD
    0x08008178   0x08008178   0x0000000e   Code   RO          254    .text.USB_EnableGlobalInt  stm32f4xx_ll_usb.o
    0x08008186   0x08008186   0x00000002   PAD
    0x08008188   0x08008188   0x000000b6   Code   RO          266    .text.USB_FlushTxFifo  stm32f4xx_ll_usb.o
    0x0800823e   0x0800823e   0x00000002   PAD
    0x08008240   0x08008240   0x0000001a   Code   RO          270    .text.USB_GetDevSpeed  stm32f4xx_ll_usb.o
    0x0800825a   0x0800825a   0x00000002   PAD
    0x0800825c   0x0800825c   0x00000008   Code   RO          260    .text.USB_GetMode   stm32f4xx_ll_usb.o
    0x08008264   0x08008264   0x0000000e   Code   RO          306    .text.USB_ReadDevAllInEpInterrupt  stm32f4xx_ll_usb.o
    0x08008272   0x08008272   0x00000002   PAD
    0x08008274   0x08008274   0x0000000e   Code   RO          304    .text.USB_ReadDevAllOutEpInterrupt  stm32f4xx_ll_usb.o
    0x08008282   0x08008282   0x00000002   PAD
    0x08008284   0x08008284   0x00000024   Code   RO          310    .text.USB_ReadDevInEPInterrupt  stm32f4xx_ll_usb.o
    0x080082a8   0x080082a8   0x00000010   Code   RO          308    .text.USB_ReadDevOutEPInterrupt  stm32f4xx_ll_usb.o
    0x080082b8   0x080082b8   0x00000008   Code   RO          302    .text.USB_ReadInterrupts  stm32f4xx_ll_usb.o
    0x080082c0   0x080082c0   0x000000aa   Code   RO          288    .text.USB_ReadPacket  stm32f4xx_ll_usb.o
    0x0800836a   0x0800836a   0x00000002   PAD
    0x0800836c   0x0800836c   0x00000064   Code   RO          258    .text.USB_SetCurrentMode  stm32f4xx_ll_usb.o
    0x080083d0   0x080083d0   0x00000022   Code   RO          296    .text.USB_SetDevAddress  stm32f4xx_ll_usb.o
    0x080083f2   0x080083f2   0x00000002   PAD
    0x080083f4   0x080083f4   0x00000120   Code   RO          252    .text.USB_SetTurnaroundTime  stm32f4xx_ll_usb.o
    0x08008514   0x08008514   0x0000006a   Code   RO          282    .text.USB_WritePacket  stm32f4xx_ll_usb.o
    0x0800857e   0x0800857e   0x00000002   PAD
    0x08008580   0x08008580   0x00000002   Code   RO          120    .text.UsageFault_Handler  stm32f4xx_it.o
    0x08008582   0x08008582   0x00000002   PAD
    0x08008584   0x08008584   0x000000e0   Code   RO         1611    .text.WheelControlCallback  encoder_control.o
    0x08008664   0x08008664   0x0000006c   Code   RO         1630    .text.Wheels2Speed  mecanum.o
    0x080086d0   0x080086d0   0x000000b6   Code   RO         1601    .text.WheelsInit    encoder_control.o
    0x08008786   0x08008786   0x00000002   PAD
    0x08008788   0x08008788   0x000000a8   Code   RO           13    .text._Z18SystemClock_Configv  main.o
    0x08008830   0x08008830   0x000000dc   Code   RO           11    .text.main          main.o
    0x0800890c   0x0800890c   0x000000d2   Code   RO         1656    .text.mpu_device_init  imu.o
    0x080089de   0x080089de   0x00000002   PAD
    0x080089e0   0x080089e0   0x00000144   Code   RO         1650    .text.mpu_get_data  imu.o
    0x08008b24   0x08008b24   0x0000016a   Code   RO         1658    .text.mpu_offset_call  imu.o
    0x08008c8e   0x08008c8e   0x0000003e   Code   RO         1914    CL$$btod_d2e        c_w.l(btod.o)
    0x08008ccc   0x08008ccc   0x00000046   Code   RO         1916    CL$$btod_d2e_denorm_low  c_w.l(btod.o)
    0x08008d12   0x08008d12   0x00000060   Code   RO         1915    CL$$btod_d2e_norm_op1  c_w.l(btod.o)
    0x08008d72   0x08008d72   0x00000002   PAD
    0x08008d74   0x08008d74   0x00000338   Code   RO         1924    CL$$btod_div_common  c_w.l(btod.o)
    0x080090ac   0x080090ac   0x00000084   Code   RO         1922    CL$$btod_e2d        c_w.l(btod.o)
    0x08009130   0x08009130   0x000000dc   Code   RO         1921    CL$$btod_e2e        c_w.l(btod.o)
    0x0800920c   0x0800920c   0x0000002a   Code   RO         1918    CL$$btod_ediv       c_w.l(btod.o)
    0x08009236   0x08009236   0x0000002a   Code   RO         1920    CL$$btod_edivd      c_w.l(btod.o)
    0x08009260   0x08009260   0x0000002a   Code   RO         1917    CL$$btod_emul       c_w.l(btod.o)
    0x0800928a   0x0800928a   0x0000002a   Code   RO         1919    CL$$btod_emuld      c_w.l(btod.o)
    0x080092b4   0x080092b4   0x00000244   Code   RO         1923    CL$$btod_mult_common  c_w.l(btod.o)
    0x080094f8   0x080094f8   0x00000030   Code   RO         2001    i.__ARM_fpclassify  m_wm.l(fpclassify.o)
    0x08009528   0x08009528   0x000000f8   Code   RO         2035    i.__hardfp___mathlib_tofloat  m_wm.l(narrow.o)
    0x08009620   0x08009620   0x00000038   Code   RO         1705    i.__hardfp_atof     m_wm.l(atof.o)
    0x08009658   0x08009658   0x000000d0   Code   RO         2106    i.__hardfp_ldexp    m_wm.l(ldexp.o)
    0x08009728   0x08009728   0x0000009a   Code   RO         1711    i.__hardfp_roundf   m_wm.l(roundf.o)
    0x080097c2   0x080097c2   0x00000006   PAD
    0x080097c8   0x080097c8   0x00000020   Code   RO         2152    i.__mathlib_dbl_overflow  m_wm.l(dunder.o)
    0x080097e8   0x080097e8   0x00000020   Code   RO         2154    i.__mathlib_dbl_underflow  m_wm.l(dunder.o)
    0x08009808   0x08009808   0x00000012   Code   RO         2036    i.__mathlib_narrow  m_wm.l(narrow.o)
    0x0800981a   0x0800981a   0x00000014   Code   RO         2108    i.__support_ldexp   m_wm.l(ldexp.o)
    0x0800982e   0x0800982e   0x0000000e   Code   RO         1780    i._is_digit         c_w.l(__printf_wp.o)
    0x0800983c   0x0800983c   0x00000004   PAD
    0x08009840   0x08009840   0x0000008c   Code   RO         2074    i.frexp             m_wm.l(frexp.o)
    0x080098cc   0x080098cc   0x0000002c   Code   RO         1885    locale$$code        c_w.l(lc_numeric_c.o)
    0x080098f8   0x080098f8   0x0000002c   Code   RO         2015    locale$$code        c_w.l(lc_ctype_c.o)
    0x08009924   0x08009924   0x00000062   Code   RO         1693    x$fpl$d2f           fz_wm.l(d2f.o)
    0x08009986   0x08009986   0x00000002   PAD
    0x08009988   0x08009988   0x00000010   Code   RO         2168    x$fpl$dcheck1       fz_wm.l(dcheck1.o)
    0x08009998   0x08009998   0x00000018   Code   RO         2102    x$fpl$dcmpinf       fz_wm.l(dcmpi.o)
    0x080099b0   0x080099b0   0x00000078   Code   RO         2068    x$fpl$deqf          fz_wm.l(deqf.o)
    0x08009a28   0x08009a28   0x0000002e   Code   RO         1696    x$fpl$dflt          fz_wm.l(dflt_clz.o)
    0x08009a56   0x08009a56   0x00000002   PAD
    0x08009a58   0x08009a58   0x00000078   Code   RO         2104    x$fpl$dleqf         fz_wm.l(dleqf.o)
    0x08009ad0   0x08009ad0   0x00000154   Code   RO         1701    x$fpl$dmul          fz_wm.l(dmul.o)
    0x08009c24   0x08009c24   0x0000009c   Code   RO         1819    x$fpl$dnaninf       fz_wm.l(dnaninf.o)
    0x08009cc0   0x08009cc0   0x0000000c   Code   RO         1821    x$fpl$dretinf       fz_wm.l(dretinf.o)
    0x08009ccc   0x08009ccc   0x0000006c   Code   RO         2070    x$fpl$drleqf        fz_wm.l(drleqf.o)
    0x08009d38   0x08009d38   0x00000056   Code   RO         1703    x$fpl$f2d           fz_wm.l(f2d.o)
    0x08009d8e   0x08009d8e   0x0000008c   Code   RO         1823    x$fpl$fnaninf       fz_wm.l(fnaninf.o)
    0x08009e1a   0x08009e1a   0x0000001a   Code   RO         2027    x$fpl$fpinit        fz_wm.l(fpinit.o)
    0x08009e34   0x08009e34   0x0000000a   Code   RO         1825    x$fpl$fretinf       fz_wm.l(fretinf.o)
    0x08009e3e   0x08009e3e   0x00000002   PAD
    0x08009e40   0x08009e40   0x00000060   Code   RO         1827    x$fpl$frnd          fz_wm.l(frnd.o)
    0x08009ea0   0x08009ea0   0x00000006   Code   RO         1999    x$fpl$ieeestatus    fz_wm.l(istatus.o)
    0x08009ea6   0x08009ea6   0x00000004   Code   RO         1829    x$fpl$printf1       fz_wm.l(printf1.o)
    0x08009eaa   0x08009eaa   0x00000004   Code   RO         1831    x$fpl$printf2       fz_wm.l(printf2.o)
    0x08009eae   0x08009eae   0x00000064   Code   RO         2174    x$fpl$retnan        fz_wm.l(retnan.o)
    0x08009f12   0x08009f12   0x0000005c   Code   RO         2146    x$fpl$scalbn        fz_wm.l(scalbn.o)
    0x08009f6e   0x08009f6e   0x00000004   Code   RO         1891    x$fpl$scanf1        fz_wm.l(scanf1.o)
    0x08009f72   0x08009f72   0x00000008   Code   RO         2029    x$fpl$scanf2        fz_wm.l(scanf2.o)
    0x08009f7a   0x08009f7a   0x00000030   Code   RO         2176    x$fpl$trapveneer    fz_wm.l(trapv.o)
    0x08009faa   0x08009faa   0x00000000   Code   RO         1837    x$fpl$usenofp       fz_wm.l(usenofp.o)
    0x08009faa   0x08009faa   0x00000002   PAD
    0x08009fac   0x08009fac   0x00000008   Data   RO         1739    .constdata          c_w.l(_printf_wctomb.o)
    0x08009fb4   0x08009fb4   0x00000028   Data   RO         1768    .constdata          c_w.l(_printf_hex_int_ll_ptr.o)
    0x08009fdc   0x08009fdc   0x00000011   Data   RO         1788    .constdata          c_w.l(__printf_flags_ss_wp.o)
    0x08009fed   0x08009fed   0x00000026   Data   RO         1871    .constdata          c_w.l(_printf_fp_hex.o)
    0x0800a013   0x0800a013   0x00000001   PAD
    0x0800a014   0x0800a014   0x00000094   Data   RO         1912    .constdata          c_w.l(bigflt0.o)
    0x0800a0a8   0x0800a0a8   0x00000014   Data   RO         1660    .rodata..L__const.mpu_device_init.MPU6500_Init_Data  imu.o
    0x0800a0bc   0x0800a0bc   0x00000010   Data   RO         1315    .rodata.AHBPrescTable  system_stm32f4xx.o
    0x0800a0cc   0x0800a0cc   0x00000008   Data   RO         1316    .rodata.APBPrescTable  system_stm32f4xx.o
    0x0800a0d4   0x0800a0d4   0x00000002   Data   RO         1378    .rodata.str1.1      usbd_cdc_if.o
    0x0800a0d6   0x0800a0d6   0x00000002   PAD
    0x0800a0d8   0x0800a0d8   0x00000020   Data   RO         2179    Region$$Table       anon$$obj.o
    0x0800a0f8   0x0800a0f8   0x00000008   Data   RO         2023    c$$dinf             fz_wm.l(fpconst.o)
    0x0800a100   0x0800a100   0x00000008   Data   RO         2026    c$$dmax             fz_wm.l(fpconst.o)
    0x0800a108   0x0800a108   0x0000001c   Data   RO         1884    locale$$data        c_w.l(lc_numeric_c.o)
    0x0800a124   0x0800a124   0x00000110   Data   RO         2014    locale$$data        c_w.l(lc_ctype_c.o)


    Execution Region RW_IRAM2 (Exec base: 0x10000000, Load base: 0x0800a350, Size: 0x00000000, Max: 0x00010000, ABSOLUTE)

    **** No section assigned to this execution region ****


    Execution Region RW_IRAM1 (Exec base: 0x20000000, Load base: 0x0800a238, Size: 0x00002790, Max: 0x00030000, ABSOLUTE)

    Exec Addr    Load Addr    Size         Type   Attr      Idx    E Section Name        Object

    0x20000000   0x0800a238   0x00000004   Data   RW         1679    .data               c_w.l(strtok.o)
    0x20000004   0x0800a23c   0x00000008   Data   RW          722    .data..L_MergedGlobals  stm32f4xx_hal.o
    0x2000000c   0x0800a244   0x00000008   Data   RW         1617    .data..L_MergedGlobals  encoder_control.o
    0x20000014   0x0800a24c   0x0000001c   Data   RW         1348    .data.FS_Desc       usbd_desc.o
    0x20000030   0x0800a268   0x00000004   Data   RW         1314    .data.SystemCoreClock  system_stm32f4xx.o
    0x20000034   0x0800a26c   0x00000038   Data   RW         1590    .data.USBD_CDC      usbd_cdc.o
    0x2000006c   0x0800a2a4   0x00000043   Data   RW         1592    .data.USBD_CDC_CfgDesc  usbd_cdc.o
    0x200000af   0x0800a2e7   0x00000001   PAD
    0x200000b0   0x0800a2e8   0x0000000a   Data   RW         1591    .data.USBD_CDC_DeviceQualifierDesc  usbd_cdc.o
    0x200000ba   0x0800a2f2   0x00000002   PAD
    0x200000bc   0x0800a2f4   0x00000012   Data   RW         1349    .data.USBD_FS_DeviceDesc  usbd_desc.o
    0x200000ce   0x0800a306   0x00000002   PAD
    0x200000d0   0x0800a308   0x00000014   Data   RW         1377    .data.USBD_Interface_fops_FS  usbd_cdc_if.o
    0x200000e4   0x0800a31c   0x00000004   Data   RW         1350    .data.USBD_LangIDDesc  usbd_desc.o
    0x200000e8   0x0800a320   0x0000001a   Data   RW         1351    .data.USBD_StringSerial  usbd_desc.o
    0x20000102   0x0800a33a   0x00000002   PAD
    0x20000104   0x0800a33c   0x00000004   Data   RW         1616    .data.nPpr          encoder_control.o
    0x20000108   0x0800a340   0x0000000e   Data   RW         1662    .data.tx_buff       imu.o
    0x20000116   0x0800a34e   0x00000002   PAD
    0x20000118        -       0x00000060   Zero   RW         1894    .bss                c_w.l(libspace.o)
    0x20000178        -       0x00000060   Zero   RW         1663    .bss..L_MergedGlobals  imu.o
    0x200001d8        -       0x00000058   Zero   RW         1618    .bss..L_MergedGlobals.1  encoder_control.o
    0x20000230        -       0x00000058   Zero   RW         1619    .bss..L_MergedGlobals.2  encoder_control.o
    0x20000288        -       0x0000000c   Zero   RW         1635    .bss.CarSpeedActual  mecanum.o
    0x20000294        -       0x0000000c   Zero   RW         1634    .bss.CarSpeedTarget  mecanum.o
    0x200002a0        -       0x00000001   Zero   RW         1529    .bss.USBD_SetConfig.cfgidx  usbd_ctlreq.o
    0x200002a1   0x0800a34e   0x00000003   PAD
    0x200002a4        -       0x00000200   Zero   RW         1352    .bss.USBD_StrDesc   usbd_desc.o
    0x200004a4        -       0x00000220   Zero   RW         1452    .bss.USBD_static_malloc.mem  usbd_conf.o
    0x200006c4        -       0x00000800   Zero   RW         1379    .bss.UserRxBufferFS  usbd_cdc_if.o
    0x20000ec4        -       0x00000800   Zero   RW         1380    .bss.UserTxBufferFS  usbd_cdc_if.o
    0x200016c4        -       0x000002dc   Zero   RW         1327    .bss.hUsbDeviceFS   usb_device.o
    0x200019a0        -       0x0000050c   Zero   RW         1451    .bss.hpcd_USB_OTG_FS  usbd_conf.o
    0x20001eac        -       0x00000058   Zero   RW           40    .bss.hspi5          spi.o
    0x20001f04        -       0x00000048   Zero   RW           79    .bss.htim2          tim.o
    0x20001f4c        -       0x00000048   Zero   RW           80    .bss.htim3          tim.o
    0x20001f94        -       0x00000048   Zero   RW           81    .bss.htim4          tim.o
    0x20001fdc        -       0x00000048   Zero   RW           82    .bss.htim5          tim.o
    0x20002024        -       0x00000048   Zero   RW           83    .bss.htim6          tim.o
    0x2000206c        -       0x00000048   Zero   RW           84    .bss.htim7          tim.o
    0x200020b4        -       0x00000048   Zero   RW           85    .bss.htim8          tim.o
    0x200020fc        -       0x00000048   Zero   RW           86    .bss.htim9          tim.o
    0x20002144        -       0x00000044   Zero   RW          103    .bss.huart6         usart.o
    0x20002188        -       0x00000004   Zero   RW          721    .bss.uwTick         stm32f4xx_hal.o
    0x2000218c   0x0800a34e   0x00000004   PAD
    0x20002190        -       0x00000200   Zero   RW            2    HEAP                startup_stm32f427xx.o
    0x20002390        -       0x00000400   Zero   RW            1    STACK               startup_stm32f427xx.o


==============================================================================

Image component sizes


      Code (inc. data)   RO Data    RW Data    ZI Data      Debug   Object Name

       654          8          0         12        176       6870   encoder_control.o
       318          0          0          0          0       2378   gpio.o
       896         12         20         14         96       5117   imu.o
       398          0          0          0          0      11686   main.o
       216         12          0          0         24       1027   mecanum.o
       184          0          0          0         88       5102   spi.o
        64         26        428          0       1536        852   startup_stm32f427xx.o
       204          0          0          8          4       7663   stm32f4xx_hal.o
       200          0          0          0          0      10655   stm32f4xx_hal_cortex.o
       178          0          0          0          0      10603   stm32f4xx_hal_dma.o
       448          0          0          0          0       5307   stm32f4xx_hal_gpio.o
        56          0          0          0          0       1506   stm32f4xx_hal_msp.o
      3336          0          0          0          0      16890   stm32f4xx_hal_pcd.o
       244          0          0          0          0       4611   stm32f4xx_hal_pcd_ex.o
      1430          0          0          0          0       7410   stm32f4xx_hal_rcc.o
      1200          0          0          0          0      26053   stm32f4xx_hal_spi.o
      2228          4          0          0          0      55040   stm32f4xx_hal_tim.o
       186          0          0          0          0      21245   stm32f4xx_hal_tim_ex.o
      1984          0          0          0          0      31722   stm32f4xx_hal_uart.o
       348         52          0          0          0       8351   stm32f4xx_it.o
      4284          0          0          0          0      32462   stm32f4xx_ll_usb.o
        18          0         24          4          0       2697   system_stm32f4xx.o
      1694          0          0          0        576      11572   tim.o
       186          0          0          0         68       7210   usart.o
       114          0          0          0        732       3189   usb_device.o
      1258         12          0        133          0      11474   usbd_cdc.o
       712        128          2         20       4096       6589   usbd_cdc_if.o
       768          0          0          0       1836      18420   usbd_conf.o
       976          0          0          0          0      10861   usbd_core.o
      1664         34          0          0          1      10247   usbd_ctlreq.o
       560         72          0         76        512       4238   usbd_desc.o
       128          0          0          0          0       4702   usbd_ioreq.o

    ----------------------------------------------------------------------
     27370        360        508        276       9752     363749   Object Totals
         0          0         32          0          0          0   (incl. Generated)
       236          0          2          9          7          0   (incl. Padding)

    ----------------------------------------------------------------------

      Code (inc. data)   RO Data    RW Data    ZI Data      Debug   Library Member Name

         8          0          0          0          0         68   __main.o
       392          4         17          0          0         92   __printf_flags_ss_wp.o
        14          0          0          0          0         68   __printf_wp.o
         0          0          0          0          0          0   __rtentry.o
        12          0          0          0          0          0   __rtentry2.o
         6          0          0          0          0          0   __rtentry4.o
        52          8          0          0          0          0   __scatter.o
        26          0          0          0          0          0   __scatter_copy.o
        28          0          0          0          0          0   __scatter_zi.o
        72          0          0          0          0         96   _c16rtomb.o
        28          0          0          0          0         68   _chval.o
         6          0          0          0          0          0   _printf_a.o
         6          0          0          0          0          0   _printf_c.o
        44          0          0          0          0        108   _printf_char.o
        48          6          0          0          0         96   _printf_char_common.o
        40          0          0          0          0         68   _printf_charcount.o
         6          0          0          0          0          0   _printf_d.o
       120         16          0          0          0         92   _printf_dec.o
         6          0          0          0          0          0   _printf_e.o
         6          0          0          0          0          0   _printf_f.o
      1052          0          0          0          0        148   _printf_fp_dec.o
       764          8         38          0          0        100   _printf_fp_hex.o
       128         16          0          0          0         84   _printf_fp_infnan.o
         6          0          0          0          0          0   _printf_g.o
       148          4         40          0          0        160   _printf_hex_int_ll_ptr.o
         6          0          0          0          0          0   _printf_i.o
       178          0          0          0          0         88   _printf_intcommon.o
        10          0          0          0          0          0   _printf_l.o
         6          0          0          0          0          0   _printf_lc.o
        10          0          0          0          0          0   _printf_ll.o
         6          0          0          0          0          0   _printf_lld.o
         6          0          0          0          0          0   _printf_lli.o
         6          0          0          0          0          0   _printf_llo.o
         6          0          0          0          0          0   _printf_llu.o
         6          0          0          0          0          0   _printf_llx.o
       124         16          0          0          0         92   _printf_longlong_dec.o
         6          0          0          0          0          0   _printf_ls.o
         6          0          0          0          0          0   _printf_n.o
         6          0          0          0          0          0   _printf_o.o
       112          8          0          0          0        124   _printf_oct_int_ll.o
         6          0          0          0          0          0   _printf_p.o
        78          0          0          0          0        108   _printf_pad.o
         0          0          0          0          0          0   _printf_percent.o
         4          0          0          0          0          0   _printf_percent_end.o
         6          0          0          0          0          0   _printf_s.o
        82          0          0          0          0         80   _printf_str.o
        36          0          0          0          0         84   _printf_truncate.o
         6          0          0          0          0          0   _printf_u.o
        44          0          0          0          0        108   _printf_wchar.o
       188          6          8          0          0         92   _printf_wctomb.o
         6          0          0          0          0          0   _printf_x.o
        22          0          0          0          0        100   _rserrno.o
        64          0          0          0          0         84   _sgetc.o
        16          0          0          0          0         68   _snputc.o
       228          4        148          0          0         96   bigflt0.o
      2152        136          0          0          0        956   btod.o
        18          0          0          0          0         80   exit.o
         6          0          0          0          0        152   heapauxi.o
         0          0          0          0          0          0   indicate_semi.o
        18          0          0          0          0         76   isspace.o
        44         10        272          0          0         76   lc_ctype_c.o
        44         10         28          0          0         76   lc_numeric_c.o
         2          0          0          0          0          0   libinit.o
        34          0          0          0          0          0   libinit2.o
         2          0          0          0          0          0   libshutdown.o
         2          0          0          0          0          0   libshutdown2.o
         8          4          0          0         96         68   libspace.o
        38          0          0          0          0         68   llshl.o
       138          0          0          0          0         80   lludiv10.o
       240          0          0          0          0        100   lludivv7m.o
        16          4          0          0          0         76   rt_ctype_table.o
         8          4          0          0          0         68   rt_errno_addr_intlibspace.o
         8          4          0          0          0         68   rt_locale_intlibspace.o
        68          0          0          0          0         68   rt_memclr.o
        78          0          0          0          0         80   rt_memclr_w.o
         2          0          0          0          0          0   rtexit.o
        10          0          0          0          0          0   rtexit2.o
      1272         16          0          0          0        168   scanf_fp.o
       800         14          0          0          0        100   scanf_hexfp.o
       308         16          0          0          0        100   scanf_infnan.o
       124          0          0          0          0         88   strcmpv7em.o
        72          0          0          0          0         80   strcpy.o
        32          0          0          0          0         80   strcspn.o
        62          0          0          0          0         76   strlen.o
        86          0          0          0          0         76   strncpy.o
        28          0          0          0          0         80   strspn.o
       176         14          0          0          0        124   strtod.o
        12          6          0          4          0         68   strtok.o
        68          4          0          0          0         84   strtok_int.o
        12          4          0          0          0         68   sys_exit.o
        74          0          0          0          0         80   sys_stackheap_outer.o
         2          0          0          0          0         68   use_no_semi.o
        60          4          0          0          0         80   vsnprintf.o
        98          4          0          0          0        140   d2f.o
        16          4          0          0          0        116   dcheck1.o
        24          0          0          0          0        116   dcmpi.o
       120          4          0          0          0        140   deqf.o
        46          0          0          0          0        116   dflt_clz.o
       120          4          0          0          0        140   dleqf.o
       340         12          0          0          0        152   dmul.o
       156          4          0          0          0        140   dnaninf.o
        12          0          0          0          0        116   dretinf.o
       108          0          0          0          0        128   drleqf.o
        86          4          0          0          0        132   f2d.o
       140          4          0          0          0        132   fnaninf.o
         0          0         16          0          0          0   fpconst.o
        26          0          0          0          0        116   fpinit.o
        10          0          0          0          0        116   fretinf.o
        96          4          0          0          0        124   frnd.o
         6          0          0          0          0        116   istatus.o
         4          0          0          0          0        116   printf1.o
         4          0          0          0          0        116   printf2.o
       100          0          0          0          0        116   retnan.o
        92          0          0          0          0        116   scalbn.o
         4          0          0          0          0        116   scanf1.o
         8          0          0          0          0        132   scanf2.o
        48          0          0          0          0        116   trapv.o
         0          0          0          0          0          0   usenofp.o
        56         10          0          0          0        132   atof.o
        64         16          0          0          0        248   dunder.o
        48          0          0          0          0        124   fpclassify.o
       140         22          0          0          0        132   frexp.o
       228          8          0          0          0        308   ldexp.o
       266         16          0          0          0        308   narrow.o
       154          0          0          0          0        140   roundf.o

    ----------------------------------------------------------------------
     13078        462        568          4         96      10144   Library Totals
        36          0          1          0          0          0   (incl. Padding)

    ----------------------------------------------------------------------

      Code (inc. data)   RO Data    RW Data    ZI Data      Debug   Library Name

     10422        346        551          4         96       5884   c_w.l
      1664         44         16          0          0       2868   fz_wm.l
       956         72          0          0          0       1392   m_wm.l

    ----------------------------------------------------------------------
     13078        462        568          4         96      10144   Library Totals

    ----------------------------------------------------------------------

==============================================================================


      Code (inc. data)   RO Data    RW Data    ZI Data      Debug   

     40448        822       1076        280       9848     366969   Grand Totals
     40448        822       1076        280       9848     366969   ELF Image Totals
     40448        822       1076        280          0          0   ROM Totals

==============================================================================

    Total RO  Size (Code + RO Data)                41524 (  40.55kB)
    Total RW  Size (RW Data + ZI Data)             10128 (   9.89kB)
    Total ROM Size (Code + RO Data + RW Data)      41804 (  40.82kB)

==============================================================================

