Component: Arm Compiler for Embedded 6.19 Tool: armlink [5e73cb00]

==============================================================================

Section Cross References

    startup_stm32f427xx.o(STACK) refers (Special) to heapauxi.o(.text) for __use_two_region_memory
    startup_stm32f427xx.o(HEAP) refers (Special) to heapauxi.o(.text) for __use_two_region_memory
    startup_stm32f427xx.o(RESET) refers (Special) to heapauxi.o(.text) for __use_two_region_memory
    startup_stm32f427xx.o(RESET) refers to startup_stm32f427xx.o(STACK) for __initial_sp
    startup_stm32f427xx.o(RESET) refers to startup_stm32f427xx.o(.text) for Reset_Handler
    startup_stm32f427xx.o(RESET) refers to stm32f4xx_it.o(.text.NMI_Handler) for NMI_Handler
    startup_stm32f427xx.o(RESET) refers to stm32f4xx_it.o(.text.HardFault_Handler) for HardFault_Handler
    startup_stm32f427xx.o(RESET) refers to stm32f4xx_it.o(.text.MemManage_Handler) for MemManage_Handler
    startup_stm32f427xx.o(RESET) refers to stm32f4xx_it.o(.text.BusFault_Handler) for BusFault_Handler
    startup_stm32f427xx.o(RESET) refers to stm32f4xx_it.o(.text.UsageFault_Handler) for UsageFault_Handler
    startup_stm32f427xx.o(RESET) refers to stm32f4xx_it.o(.text.SVC_Handler) for SVC_Handler
    startup_stm32f427xx.o(RESET) refers to stm32f4xx_it.o(.text.DebugMon_Handler) for DebugMon_Handler
    startup_stm32f427xx.o(RESET) refers to stm32f4xx_it.o(.text.PendSV_Handler) for PendSV_Handler
    startup_stm32f427xx.o(RESET) refers to stm32f4xx_it.o(.text.SysTick_Handler) for SysTick_Handler
    startup_stm32f427xx.o(RESET) refers to stm32f4xx_it.o(.text.OTG_FS_IRQHandler) for OTG_FS_IRQHandler
    startup_stm32f427xx.o(RESET) refers to stm32f4xx_it.o(.text.USART6_IRQHandler) for USART6_IRQHandler
    startup_stm32f427xx.o(.text) refers (Special) to heapauxi.o(.text) for __use_two_region_memory
    startup_stm32f427xx.o(.text) refers to system_stm32f4xx.o(.text.SystemInit) for SystemInit
    startup_stm32f427xx.o(.text) refers to __main.o(!!!main) for __main
    startup_stm32f427xx.o(.text) refers to startup_stm32f427xx.o(HEAP) for Heap_Mem
    startup_stm32f427xx.o(.text) refers to startup_stm32f427xx.o(STACK) for Stack_Mem
    main.o(.text._Z13GetTimEncoderv) refers to tim.o(.bss.htim2) for htim2
    main.o(.ARM.exidx.text._Z13GetTimEncoderv) refers to main.o(.text._Z13GetTimEncoderv) for [Anonymous Symbol]
    main.o(.text.main) refers to stm32f4xx_hal.o(.text.HAL_Init) for HAL_Init
    main.o(.text.main) refers to main.o(.text._Z18SystemClock_Configv) for SystemClock_Config()
    main.o(.text.main) refers to gpio.o(.text.MX_GPIO_Init) for MX_GPIO_Init
    main.o(.text.main) refers to usart.o(.text.MX_USART6_UART_Init) for MX_USART6_UART_Init
    main.o(.text.main) refers to tim.o(.text.MX_TIM2_Init) for MX_TIM2_Init
    main.o(.text.main) refers to usb_device.o(.text.MX_USB_DEVICE_Init) for MX_USB_DEVICE_Init
    main.o(.text.main) refers to tim.o(.text.MX_TIM9_Init) for MX_TIM9_Init
    main.o(.text.main) refers to tim.o(.bss.htim2) for htim2
    main.o(.text.main) refers to stm32f4xx_hal_tim.o(.text.HAL_TIM_Encoder_Start) for HAL_TIM_Encoder_Start
    main.o(.text.main) refers to tim.o(.bss.htim9) for htim9
    main.o(.text.main) refers to stm32f4xx_hal_tim.o(.text.HAL_TIM_PWM_Start) for HAL_TIM_PWM_Start
    main.o(.text.main) refers to main.o(.bss.TIMcnt) for TIMcnt
    main.o(.text.main) refers to stm32f4xx_hal.o(.text.HAL_Delay) for HAL_Delay
    main.o(.text.main) refers to usbd_cdc_if.o(.text.USBVcom_printf) for USBVcom_printf
    main.o(.text.main) refers to stm32f4xx_hal_gpio.o(.text.HAL_GPIO_TogglePin) for HAL_GPIO_TogglePin
    main.o(.ARM.exidx.text.main) refers to main.o(.text.main) for [Anonymous Symbol]
    main.o(.text._Z18SystemClock_Configv) refers to stm32f4xx_hal_rcc.o(.text.HAL_RCC_OscConfig) for HAL_RCC_OscConfig
    main.o(.text._Z18SystemClock_Configv) refers to stm32f4xx_hal_rcc.o(.text.HAL_RCC_ClockConfig) for HAL_RCC_ClockConfig
    main.o(.ARM.exidx.text._Z18SystemClock_Configv) refers to main.o(.text._Z18SystemClock_Configv) for [Anonymous Symbol]
    main.o(.ARM.exidx.text.Error_Handler) refers to main.o(.text.Error_Handler) for [Anonymous Symbol]
    gpio.o(.text.MX_GPIO_Init) refers to stm32f4xx_hal_gpio.o(.text.HAL_GPIO_WritePin) for HAL_GPIO_WritePin
    gpio.o(.text.MX_GPIO_Init) refers to stm32f4xx_hal_gpio.o(.text.HAL_GPIO_Init) for HAL_GPIO_Init
    gpio.o(.ARM.exidx.text.MX_GPIO_Init) refers to gpio.o(.text.MX_GPIO_Init) for [Anonymous Symbol]
    tim.o(.text.MX_TIM2_Init) refers to tim.o(.bss.htim2) for htim2
    tim.o(.text.MX_TIM2_Init) refers to stm32f4xx_hal_tim.o(.text.HAL_TIM_Encoder_Init) for HAL_TIM_Encoder_Init
    tim.o(.text.MX_TIM2_Init) refers to main.o(.text.Error_Handler) for Error_Handler
    tim.o(.text.MX_TIM2_Init) refers to stm32f4xx_hal_tim_ex.o(.text.HAL_TIMEx_MasterConfigSynchronization) for HAL_TIMEx_MasterConfigSynchronization
[...]
    __user_perproc_libspace                  0x08001511   Thumb Code     0  libspace.o(.text)
    __user_perthread_libspace                0x08001511   Thumb Code     0  libspace.o(.text)
    __user_setup_stackheap                   0x08001519   Thumb Code    74  sys_stackheap_outer.o(.text)
    __rt_ctype_table                         0x08001565   Thumb Code    16  rt_ctype_table.o(.text)
    __rt_locale                              0x08001575   Thumb Code     8  rt_locale_intlibspace.o(.text)
    _printf_fp_infnan                        0x0800157d   Thumb Code   112  _printf_fp_infnan.o(.text)
    _scanf_really_real                       0x08001849   Thumb Code   684  scanf_fp.o(.text)
    _btod_etento                             0x08001af5   Thumb Code   224  bigflt0.o(.text)
    exit                                     0x08001bd9   Thumb Code    18  exit.o(.text)
    strcmp                                   0x08001bf1   Thumb Code   124  strcmpv7em.o(.text)
    __aeabi_llsl                             0x08001c6d   Thumb Code     0  llshl.o(.text)
    _ll_shift_l                              0x08001c6d   Thumb Code    38  llshl.o(.text)
    _sys_exit                                0x08001c95   Thumb Code     8  sys_exit.o(.text)
    _scanf_really_hex_real                   0x08001ca1   Thumb Code   786  scanf_hexfp.o(.text)
    _scanf_really_infnan                     0x08001fc1   Thumb Code   292  scanf_infnan.o(.text)
    __I$use$semihosting                      0x080020f5   Thumb Code     0  use_no_semi.o(.text)
    __use_no_semihosting_swi                 0x080020f5   Thumb Code     2  use_no_semi.o(.text)
    __semihosting_library_function           0x080020f7   Thumb Code     0  indicate_semi.o(.text)
    _chval                                   0x080020f7   Thumb Code    28  _chval.o(.text)
    BusFault_Handler                         0x08002115   Thumb Code     2  stm32f4xx_it.o(.text.BusFault_Handler)
    DebugMon_Handler                         0x080021c5   Thumb Code     2  stm32f4xx_it.o(.text.DebugMon_Handler)
    Error_Handler                            0x080021c9   Thumb Code    10  main.o(.text.Error_Handler)
    HAL_DMA_Abort                            0x080021d5   Thumb Code   142  stm32f4xx_hal_dma.o(.text.HAL_DMA_Abort)
    HAL_DMA_Abort_IT                         0x08002265   Thumb Code    36  stm32f4xx_hal_dma.o(.text.HAL_DMA_Abort_IT)
    HAL_Delay                                0x08002289   Thumb Code    40  stm32f4xx_hal.o(.text.HAL_Delay)
    HAL_GPIO_Init                            0x080022b1   Thumb Code   422  stm32f4xx_hal_gpio.o(.text.HAL_GPIO_Init)
    HAL_GPIO_TogglePin                       0x08002459   Thumb Code    16  stm32f4xx_hal_gpio.o(.text.HAL_GPIO_TogglePin)
    HAL_GPIO_WritePin                        0x08002469   Thumb Code    10  stm32f4xx_hal_gpio.o(.text.HAL_GPIO_WritePin)
    HAL_GetTick                              0x08002475   Thumb Code    12  stm32f4xx_hal.o(.text.HAL_GetTick)
    HAL_IncTick                              0x08002481   Thumb Code    26  stm32f4xx_hal.o(.text.HAL_IncTick)
    HAL_Init                                 0x0800249d   Thumb Code    54  stm32f4xx_hal.o(.text.HAL_Init)
    HAL_InitTick                             0x080024d5   Thumb Code    72  stm32f4xx_hal.o(.text.HAL_InitTick)
    HAL_MspInit                              0x0800251d   Thumb Code    56  stm32f4xx_hal_msp.o(.text.HAL_MspInit)
    HAL_NVIC_EnableIRQ                       0x08002555   Thumb Code    38  stm32f4xx_hal_cortex.o(.text.HAL_NVIC_EnableIRQ)
    HAL_NVIC_SetPriority                     0x0800257d   Thumb Code    86  stm32f4xx_hal_cortex.o(.text.HAL_NVIC_SetPriority)
    HAL_NVIC_SetPriorityGrouping             0x080025d5   Thumb Code    32  stm32f4xx_hal_cortex.o(.text.HAL_NVIC_SetPriorityGrouping)
    HAL_PCDEx_LPM_Callback                   0x080025f5   Thumb Code     2  stm32f4xx_hal_pcd_ex.o(.text.HAL_PCDEx_LPM_Callback)
    HAL_PCDEx_SetRxFiFo                      0x080025f9   Thumb Code     8  stm32f4xx_hal_pcd_ex.o(.text.HAL_PCDEx_SetRxFiFo)
    HAL_PCDEx_SetTxFiFo                      0x08002601   Thumb Code   234  stm32f4xx_hal_pcd_ex.o(.text.HAL_PCDEx_SetTxFiFo)
    HAL_PCD_ConnectCallback                  0x080026ed   Thumb Code     8  usbd_conf.o(.text.HAL_PCD_ConnectCallback)
    HAL_PCD_DataInStageCallback              0x080026f5   Thumb Code    20  usbd_conf.o(.text.HAL_PCD_DataInStageCallback)
    HAL_PCD_DataOutStageCallback             0x08002709   Thumb Code    22  usbd_conf.o(.text.HAL_PCD_DataOutStageCallback)
    HAL_PCD_DisconnectCallback               0x08002721   Thumb Code     8  usbd_conf.o(.text.HAL_PCD_DisconnectCallback)
    HAL_PCD_EP_Close                         0x08002729   Thumb Code    80  stm32f4xx_hal_pcd.o(.text.HAL_PCD_EP_Close)
    HAL_PCD_EP_ClrStall                      0x08002779   Thumb Code   104  stm32f4xx_hal_pcd.o(.text.HAL_PCD_EP_ClrStall)
    HAL_PCD_EP_GetRxCount                    0x080027e1   Thumb Code    18  stm32f4xx_hal_pcd.o(.text.HAL_PCD_EP_GetRxCount)
    HAL_PCD_EP_Open                          0x080027f5   Thumb Code   104  stm32f4xx_hal_pcd.o(.text.HAL_PCD_EP_Open)
    HAL_PCD_EP_Receive                       0x0800285d   Thumb Code    76  stm32f4xx_hal_pcd.o(.text.HAL_PCD_EP_Receive)
    HAL_PCD_EP_SetStall                      0x080028a9   Thumb Code   124  stm32f4xx_hal_pcd.o(.text.HAL_PCD_EP_SetStall)
    HAL_PCD_EP_Transmit                      0x08002925   Thumb Code    68  stm32f4xx_hal_pcd.o(.text.HAL_PCD_EP_Transmit)
    HAL_PCD_IRQHandler                       0x08002969   Thumb Code  2342  stm32f4xx_hal_pcd.o(.text.HAL_PCD_IRQHandler)
    HAL_PCD_ISOINIncompleteCallback          0x08003291   Thumb Code     8  usbd_conf.o(.text.HAL_PCD_ISOINIncompleteCallback)
    HAL_PCD_ISOOUTIncompleteCallback         0x08003299   Thumb Code     8  usbd_conf.o(.text.HAL_PCD_ISOOUTIncompleteCallback)
    HAL_PCD_Init                             0x080032a1   Thumb Code   318  stm32f4xx_hal_pcd.o(.text.HAL_PCD_Init)
    HAL_PCD_MspInit                          0x080033e1   Thumb Code   126  usbd_conf.o(.text.HAL_PCD_MspInit)
    HAL_PCD_ResetCallback                    0x08003461   Thumb Code    42  usbd_conf.o(.text.HAL_PCD_ResetCallback)
    HAL_PCD_ResumeCallback                   0x0800348d   Thumb Code     8  usbd_conf.o(.text.HAL_PCD_ResumeCallback)
    HAL_PCD_SOFCallback                      0x08003495   Thumb Code     8  usbd_conf.o(.text.HAL_PCD_SOFCallback)
    HAL_PCD_SetAddress                       0x0800349d   Thumb Code    40  stm32f4xx_hal_pcd.o(.text.HAL_PCD_SetAddress)
    HAL_PCD_SetupStageCallback               0x080034c5   Thumb Code    14  usbd_conf.o(.text.HAL_PCD_SetupStageCallback)
    HAL_PCD_Start                            0x080034d5   Thumb Code    62  stm32f4xx_hal_pcd.o(.text.HAL_PCD_Start)
    HAL_PCD_SuspendCallback                  0x08003515   Thumb Code    52  usbd_conf.o(.text.HAL_PCD_SuspendCallback)
    HAL_RCC_ClockConfig                      0x08003549   Thumb Code   352  stm32f4xx_hal_rcc.o(.text.HAL_RCC_ClockConfig)
    HAL_RCC_GetHCLKFreq                      0x080036a9   Thumb Code    12  stm32f4xx_hal_rcc.o(.text.HAL_RCC_GetHCLKFreq)
    HAL_RCC_GetPCLK1Freq                     0x080036b5   Thumb Code    38  stm32f4xx_hal_rcc.o(.text.HAL_RCC_GetPCLK1Freq)
    HAL_RCC_GetPCLK2Freq                     0x080036dd   Thumb Code    38  stm32f4xx_hal_rcc.o(.text.HAL_RCC_GetPCLK2Freq)
    HAL_RCC_GetSysClockFreq                  0x08003705   Thumb Code   106  stm32f4xx_hal_rcc.o(.text.HAL_RCC_GetSysClockFreq)
    HAL_RCC_OscConfig                        0x08003771   Thumb Code   884  stm32f4xx_hal_rcc.o(.text.HAL_RCC_OscConfig)
    HAL_SYSTICK_Config                       0x08003ae5   Thumb Code    44  stm32f4xx_hal_cortex.o(.text.HAL_SYSTICK_Config)
    HAL_TIMEx_MasterConfigSynchronization    0x08003b11   Thumb Code   182  stm32f4xx_hal_tim_ex.o(.text.HAL_TIMEx_MasterConfigSynchronization)
    HAL_TIM_Encoder_Init                     0x08003bc9   Thumb Code   178  stm32f4xx_hal_tim.o(.text.HAL_TIM_Encoder_Init)
    HAL_TIM_Encoder_MspInit                  0x08003c7d   Thumb Code    98  tim.o(.text.HAL_TIM_Encoder_MspInit)
    HAL_TIM_Encoder_Start                    0x08003ce1   Thumb Code   188  stm32f4xx_hal_tim.o(.text.HAL_TIM_Encoder_Start)
    HAL_TIM_PWM_ConfigChannel                0x08003d9d   Thumb Code   546  stm32f4xx_hal_tim.o(.text.HAL_TIM_PWM_ConfigChannel)
    HAL_TIM_PWM_Init                         0x08003fc1   Thumb Code    90  stm32f4xx_hal_tim.o(.text.HAL_TIM_PWM_Init)
    HAL_TIM_PWM_MspInit                      0x0800401d   Thumb Code    54  tim.o(.text.HAL_TIM_PWM_MspInit)
    HAL_TIM_PWM_Start                        0x08004055   Thumb Code   274  stm32f4xx_hal_tim.o(.text.HAL_TIM_PWM_Start)
    HAL_UARTEx_RxEventCallback               0x08004169   Thumb Code     2  stm32f4xx_hal_uart.o(.text.HAL_UARTEx_RxEventCallback)
    HAL_UART_ErrorCallback                   0x0800416d   Thumb Code     2  stm32f4xx_hal_uart.o(.text.HAL_UART_ErrorCallback)
    HAL_UART_IRQHandler                      0x08004171   Thumb Code  1380  stm32f4xx_hal_uart.o(.text.HAL_UART_IRQHandler)
    HAL_UART_Init                            0x080046d5   Thumb Code    94  stm32f4xx_hal_uart.o(.text.HAL_UART_Init)
    HAL_UART_MspInit                         0x08004735   Thumb Code   124  usart.o(.text.HAL_UART_MspInit)
    HAL_UART_RxCpltCallback                  0x080047b1   Thumb Code     2  usart.o(.text.HAL_UART_RxCpltCallback)
    HAL_UART_TxCpltCallback                  0x080047b5   Thumb Code     2  stm32f4xx_hal_uart.o(.text.HAL_UART_TxCpltCallback)
    HardFault_Handler                        0x080047b9   Thumb Code     2  stm32f4xx_it.o(.text.HardFault_Handler)
    MX_GPIO_Init                             0x080047bd   Thumb Code   172  gpio.o(.text.MX_GPIO_Init)
    MX_TIM2_Init                             0x08004869   Thumb Code   104  tim.o(.text.MX_TIM2_Init)
    MX_TIM9_Init                             0x080048d1   Thumb Code   172  tim.o(.text.MX_TIM9_Init)
    MX_USART6_UART_Init                      0x0800497d   Thumb Code    60  usart.o(.text.MX_USART6_UART_Init)
    MX_USB_DEVICE_Init                       0x080049b9   Thumb Code   114  usb_device.o(.text.MX_USB_DEVICE_Init)
    MemManage_Handler                        0x08004a2d   Thumb Code     2  stm32f4xx_it.o(.text.MemManage_Handler)
    NMI_Handler                              0x08004a31   Thumb Code     2  stm32f4xx_it.o(.text.NMI_Handler)
    OTG_FS_IRQHandler                        0x08004a35   Thumb Code    12  stm32f4xx_it.o(.text.OTG_FS_IRQHandler)
    PendSV_Handler                           0x08004a41   Thumb Code     2  stm32f4xx_it.o(.text.PendSV_Handler)
    SVC_Handler                              0x08004a45   Thumb Code     2  stm32f4xx_it.o(.text.SVC_Handler)
    SysTick_Handler                          0x08004a49   Thumb Code     4  stm32f4xx_it.o(.text.SysTick_Handler)
    SystemInit                               0x08004a4d   Thumb Code    18  system_stm32f4xx.o(.text.SystemInit)
    TIM_Base_SetConfig                       0x08004a61   Thumb Code   316  stm32f4xx_hal_tim.o(.text.TIM_Base_SetConfig)
    USART6_IRQHandler                        0x08004d99   Thumb Code    12  stm32f4xx_it.o(.text.USART6_IRQHandler)
    USBD_CDC_GetDeviceQualifierDescriptor    0x08004ef1   Thumb Code    16  usbd_cdc.o(.text.USBD_CDC_GetDeviceQualifierDescriptor)
    USBD_CDC_ReceivePacket                   0x080050d9   Thumb Code    52  usbd_cdc.o(.text.USBD_CDC_ReceivePacket)
    USBD_CDC_RegisterInterface               0x0800510d   Thumb Code    24  usbd_cdc.o(.text.USBD_CDC_RegisterInterface)
    USBD_CDC_SetRxBuffer                     0x08005125   Thumb Code    26  usbd_cdc.o(.text.USBD_CDC_SetRxBuffer)
    USBD_CDC_SetTxBuffer                     0x08005141   Thumb Code    30  usbd_cdc.o(.text.USBD_CDC_SetTxBuffer)
    USBD_CDC_TransmitPacket                  0x08005261   Thumb Code    62  usbd_cdc.o(.text.USBD_CDC_TransmitPacket)
    USBD_ClrClassConfig                      0x080052a1   Thumb Code    18  usbd_core.o(.text.USBD_ClrClassConfig)
    USBD_CoreFindEP                          0x080052b5   Thumb Code     4  usbd_core.o(.text.USBD_CoreFindEP)
    USBD_CoreFindIF                          0x080052b9   Thumb Code     4  usbd_core.o(.text.USBD_CoreFindIF)
    USBD_CtlContinueRx                       0x080052bd   Thumb Code    16  usbd_ioreq.o(.text.USBD_CtlContinueRx)
    USBD_CtlContinueSendData                 0x080052cd   Thumb Code    16  usbd_ioreq.o(.text.USBD_CtlContinueSendData)
    USBD_CtlError                            0x080052dd   Thumb Code    22  usbd_ctlreq.o(.text.USBD_CtlError)
    USBD_CtlPrepareRx                        0x080052f5   Thumb Code    26  usbd_ioreq.o(.text.USBD_CtlPrepareRx)
    USBD_CtlReceiveStatus                    0x08005311   Thumb Code    22  usbd_ioreq.o(.text.USBD_CtlReceiveStatus)
    USBD_CtlSendData                         0x08005329   Thumb Code    26  usbd_ioreq.o(.text.USBD_CtlSendData)
    USBD_CtlSendStatus                       0x08005345   Thumb Code    22  usbd_ioreq.o(.text.USBD_CtlSendStatus)
    USBD_FS_ConfigStrDescriptor              0x0800535d   Thumb Code    24  usbd_desc.o(.text.USBD_FS_ConfigStrDescriptor)
    USBD_FS_DeviceDescriptor                 0x08005381   Thumb Code    14  usbd_desc.o(.text.USBD_FS_DeviceDescriptor)
    USBD_FS_InterfaceStrDescriptor           0x08005391   Thumb Code    24  usbd_desc.o(.text.USBD_FS_InterfaceStrDescriptor)
    USBD_FS_LangIDStrDescriptor              0x080053b9   Thumb Code    14  usbd_desc.o(.text.USBD_FS_LangIDStrDescriptor)
    USBD_FS_ManufacturerStrDescriptor        0x080053c9   Thumb Code    24  usbd_desc.o(.text.USBD_FS_ManufacturerStrDescriptor)
    USBD_FS_ProductStrDescriptor             0x080053f5   Thumb Code    24  usbd_desc.o(.text.USBD_FS_ProductStrDescriptor)
    USBD_FS_SerialStrDescriptor              0x08005425   Thumb Code   364  usbd_desc.o(.text.USBD_FS_SerialStrDescriptor)
    USBD_GetEpDesc                           0x08005591   Thumb Code   128  usbd_core.o(.text.USBD_GetEpDesc)
    USBD_GetString                           0x08005611   Thumb Code   218  usbd_ctlreq.o(.text.USBD_GetString)
    USBD_Init                                0x080056ed   Thumb Code    42  usbd_core.o(.text.USBD_Init)
    USBD_LL_ClearStallEP                     0x08005719   Thumb Code    34  usbd_conf.o(.text.USBD_LL_ClearStallEP)
    USBD_LL_CloseEP                          0x0800573d   Thumb Code    34  usbd_conf.o(.text.USBD_LL_CloseEP)
    USBD_LL_DataInStage                      0x08005761   Thumb Code   182  usbd_core.o(.text.USBD_LL_DataInStage)
    USBD_LL_DataOutStage                     0x08005819   Thumb Code   120  usbd_core.o(.text.USBD_LL_DataOutStage)
    USBD_LL_DevConnected                     0x08005891   Thumb Code     4  usbd_core.o(.text.USBD_LL_DevConnected)
    USBD_LL_DevDisconnected                  0x08005895   Thumb Code    32  usbd_core.o(.text.USBD_LL_DevDisconnected)
    USBD_LL_GetRxDataSize                    0x080058b5   Thumb Code     8  usbd_conf.o(.text.USBD_LL_GetRxDataSize)
    USBD_LL_Init                             0x080058bd   Thumb Code   112  usbd_conf.o(.text.USBD_LL_Init)
    USBD_LL_IsStallEP                        0x0800592d   Thumb Code    34  usbd_conf.o(.text.USBD_LL_IsStallEP)
    USBD_LL_IsoINIncomplete                  0x08005951   Thumb Code    40  usbd_core.o(.text.USBD_LL_IsoINIncomplete)
    USBD_LL_IsoOUTIncomplete                 0x08005979   Thumb Code    40  usbd_core.o(.text.USBD_LL_IsoOUTIncomplete)
    USBD_LL_OpenEP                           0x080059a1   Thumb Code    40  usbd_conf.o(.text.USBD_LL_OpenEP)
    USBD_LL_PrepareReceive                   0x080059c9   Thumb Code    34  usbd_conf.o(.text.USBD_LL_PrepareReceive)
    USBD_LL_Reset                            0x080059ed   Thumb Code   102  usbd_core.o(.text.USBD_LL_Reset)
    USBD_LL_Resume                           0x08005a55   Thumb Code    20  usbd_core.o(.text.USBD_LL_Resume)
    USBD_LL_SOF                              0x08005a69   Thumb Code    28  usbd_core.o(.text.USBD_LL_SOF)
    USBD_LL_SetSpeed                         0x08005a85   Thumb Code     8  usbd_core.o(.text.USBD_LL_SetSpeed)
    USBD_LL_SetUSBAddress                    0x08005a8d   Thumb Code    34  usbd_conf.o(.text.USBD_LL_SetUSBAddress)
    USBD_LL_SetupStage                       0x08005ab1   Thumb Code    98  usbd_core.o(.text.USBD_LL_SetupStage)
    USBD_LL_StallEP                          0x08005b15   Thumb Code    34  usbd_conf.o(.text.USBD_LL_StallEP)
    USBD_LL_Start                            0x08005b39   Thumb Code    34  usbd_conf.o(.text.USBD_LL_Start)
    USBD_LL_Suspend                          0x08005b5d   Thumb Code    20  usbd_core.o(.text.USBD_LL_Suspend)
    USBD_LL_Transmit                         0x08005b71   Thumb Code    34  usbd_conf.o(.text.USBD_LL_Transmit)
    USBD_ParseSetupRequest                   0x08005b95   Thumb Code    22  usbd_ctlreq.o(.text.USBD_ParseSetupRequest)
    USBD_RegisterClass                       0x08005bad   Thumb Code    66  usbd_core.o(.text.USBD_RegisterClass)
    USBD_SetClassConfig                      0x08005bf1   Thumb Code    16  usbd_core.o(.text.USBD_SetClassConfig)
    USBD_Start                               0x08005c01   Thumb Code     4  usbd_core.o(.text.USBD_Start)
    USBD_StdDevReq                           0x08005c05   Thumb Code   884  usbd_ctlreq.o(.text.USBD_StdDevReq)
    USBD_StdEPReq                            0x08005f79   Thumb Code   370  usbd_ctlreq.o(.text.USBD_StdEPReq)
    USBD_StdItfReq                           0x080060ed   Thumb Code   148  usbd_ctlreq.o(.text.USBD_StdItfReq)
    USBD_static_free                         0x08006181   Thumb Code     2  usbd_conf.o(.text.USBD_static_free)
    USBD_static_malloc                       0x08006185   Thumb Code    10  usbd_conf.o(.text.USBD_static_malloc)
    USBVcom_printf                           0x08006191   Thumb Code    90  usbd_cdc_if.o(.text.USBVcom_printf)
    USB_ActivateEndpoint                     0x080061ed   Thumb Code   130  stm32f4xx_ll_usb.o(.text.USB_ActivateEndpoint)
    USB_ActivateSetup                        0x08006271   Thumb Code    32  stm32f4xx_ll_usb.o(.text.USB_ActivateSetup)
    USB_CoreInit                             0x08006291   Thumb Code   478  stm32f4xx_ll_usb.o(.text.USB_CoreInit)
    USB_DeactivateEndpoint                   0x08006471   Thumb Code   134  stm32f4xx_ll_usb.o(.text.USB_DeactivateEndpoint)
    USB_DevConnect                           0x080064f9   Thumb Code    30  stm32f4xx_ll_usb.o(.text.USB_DevConnect)
    USB_DevDisconnect                        0x08006519   Thumb Code    30  stm32f4xx_ll_usb.o(.text.USB_DevDisconnect)
    USB_DevInit                              0x08006539   Thumb Code  1170  stm32f4xx_ll_usb.o(.text.USB_DevInit)
    USB_DisableGlobalInt                     0x080069cd   Thumb Code    14  stm32f4xx_ll_usb.o(.text.USB_DisableGlobalInt)
    USB_EP0StartXfer                         0x080069dd   Thumb Code   252  stm32f4xx_ll_usb.o(.text.USB_EP0StartXfer)
    USB_EP0_OutStart                         0x08006ad9   Thumb Code    90  stm32f4xx_ll_usb.o(.text.USB_EP0_OutStart)
    USB_EPClearStall                         0x08006b35   Thumb Code    82  stm32f4xx_ll_usb.o(.text.USB_EPClearStall)
    USB_EPSetStall                           0x08006b89   Thumb Code    62  stm32f4xx_ll_usb.o(.text.USB_EPSetStall)
    USB_EPStartXfer                          0x08006bc9   Thumb Code   494  stm32f4xx_ll_usb.o(.text.USB_EPStartXfer)
    USB_EPStopXfer                           0x08006db9   Thumb Code   270  stm32f4xx_ll_usb.o(.text.USB_EPStopXfer)
    USB_EnableGlobalInt                      0x08006ec9   Thumb Code    14  stm32f4xx_ll_usb.o(.text.USB_EnableGlobalInt)
    USB_FlushTxFifo                          0x08006ed9   Thumb Code   182  stm32f4xx_ll_usb.o(.text.USB_FlushTxFifo)
    USB_GetDevSpeed                          0x08006f91   Thumb Code    26  stm32f4xx_ll_usb.o(.text.USB_GetDevSpeed)
    USB_GetMode                              0x08006fad   Thumb Code     8  stm32f4xx_ll_usb.o(.text.USB_GetMode)
    USB_ReadDevAllInEpInterrupt              0x08006fb5   Thumb Code    14  stm32f4xx_ll_usb.o(.text.USB_ReadDevAllInEpInterrupt)
    USB_ReadDevAllOutEpInterrupt             0x08006fc5   Thumb Code    14  stm32f4xx_ll_usb.o(.text.USB_ReadDevAllOutEpInterrupt)
    USB_ReadDevInEPInterrupt                 0x08006fd5   Thumb Code    36  stm32f4xx_ll_usb.o(.text.USB_ReadDevInEPInterrupt)
    USB_ReadDevOutEPInterrupt                0x08006ff9   Thumb Code    16  stm32f4xx_ll_usb.o(.text.USB_ReadDevOutEPInterrupt)
    USB_ReadInterrupts                       0x08007009   Thumb Code     8  stm32f4xx_ll_usb.o(.text.USB_ReadInterrupts)
    USB_ReadPacket                           0x08007011   Thumb Code   170  stm32f4xx_ll_usb.o(.text.USB_ReadPacket)
    USB_SetCurrentMode                       0x080070bd   Thumb Code   100  stm32f4xx_ll_usb.o(.text.USB_SetCurrentMode)
    USB_SetDevAddress                        0x08007121   Thumb Code    34  stm32f4xx_ll_usb.o(.text.USB_SetDevAddress)
    USB_SetTurnaroundTime                    0x08007145   Thumb Code   288  stm32f4xx_ll_usb.o(.text.USB_SetTurnaroundTime)
    USB_WritePacket                          0x08007265   Thumb Code   106  stm32f4xx_ll_usb.o(.text.USB_WritePacket)
    UsageFault_Handler                       0x080072d1   Thumb Code     2  stm32f4xx_it.o(.text.UsageFault_Handler)
    SystemClock_Config()                     0x080072d5   Thumb Code   168  main.o(.text._Z18SystemClock_Configv)
    main                                     0x0800737d   Thumb Code   120  main.o(.text.main)
    _btod_d2e                                0x08007419   Thumb Code    62  btod.o(CL$$btod_d2e)
    _d2e_denorm_low                          0x08007457   Thumb Code    70  btod.o(CL$$btod_d2e_denorm_low)
    _d2e_norm_op1                            0x0800749d   Thumb Code    96  btod.o(CL$$btod_d2e_norm_op1)
    __btod_div_common                        0x080074fd   Thumb Code   696  btod.o(CL$$btod_div_common)
    _e2d                                     0x08007835   Thumb Code   122  btod.o(CL$$btod_e2d)
    _e2e                                     0x080078b9   Thumb Code   220  btod.o(CL$$btod_e2e)
    _btod_ediv                               0x08007995   Thumb Code    42  btod.o(CL$$btod_ediv)
    _btod_edivd                              0x080079bf   Thumb Code    42  btod.o(CL$$btod_edivd)
    _btod_emul                               0x080079e9   Thumb Code    42  btod.o(CL$$btod_emul)
    _btod_emuld                              0x08007a13   Thumb Code    42  btod.o(CL$$btod_emuld)
    __btod_mult_common                       0x08007a3d   Thumb Code   580  btod.o(CL$$btod_mult_common)
    __ARM_fpclassify                         0x08007c81   Thumb Code    48  fpclassify.o(i.__ARM_fpclassify)
    __hardfp___mathlib_tofloat               0x08007cb1   Thumb Code   232  narrow.o(i.__hardfp___mathlib_tofloat)
    __hardfp_atof                            0x08007da9   Thumb Code    46  atof.o(i.__hardfp_atof)
    __hardfp_ldexp                           0x08007de1   Thumb Code   200  ldexp.o(i.__hardfp_ldexp)
    __mathlib_dbl_overflow                   0x08007eb1   Thumb Code    24  dunder.o(i.__mathlib_dbl_overflow)
    __mathlib_dbl_underflow                  0x08007ed1   Thumb Code    24  dunder.o(i.__mathlib_dbl_underflow)
    __mathlib_narrow                         0x08007ef1   Thumb Code    18  narrow.o(i.__mathlib_narrow)
    __support_ldexp                          0x08007f03   Thumb Code    20  ldexp.o(i.__support_ldexp)
    _is_digit                                0x08007f17   Thumb Code    14  __printf_wp.o(i._is_digit)
    frexp                                    0x08007f29   Thumb Code   118  frexp.o(i.frexp)
    _get_lc_numeric                          0x08007fb5   Thumb Code    44  lc_numeric_c.o(locale$$code)
    _get_lc_ctype                            0x08007fe1   Thumb Code    44  lc_ctype_c.o(locale$$code)
    __aeabi_d2f                              0x0800800d   Thumb Code     0  d2f.o(x$fpl$d2f)
    _d2f                                     0x0800800d   Thumb Code    98  d2f.o(x$fpl$d2f)
    __fpl_dcheck_NaN1                        0x08008071   Thumb Code    10  dcheck1.o(x$fpl$dcheck1)
    __fpl_dcmp_Inf                           0x08008081   Thumb Code    24  dcmpi.o(x$fpl$dcmpinf)
    __aeabi_cdcmpeq                          0x08008099   Thumb Code     0  deqf.o(x$fpl$deqf)
    _dcmpeq                                  0x08008099   Thumb Code   120  deqf.o(x$fpl$deqf)
    __aeabi_cdcmple                          0x08008111   Thumb Code     0  dleqf.o(x$fpl$dleqf)
    _dcmple                                  0x08008111   Thumb Code   120  dleqf.o(x$fpl$dleqf)
    __fpl_dcmple_InfNaN                      0x08008173   Thumb Code     0  dleqf.o(x$fpl$dleqf)
    __aeabi_dmul                             0x08008189   Thumb Code     0  dmul.o(x$fpl$dmul)
    _dmul                                    0x08008189   Thumb Code   332  dmul.o(x$fpl$dmul)
    __fpl_dnaninf                            0x080082dd   Thumb Code   156  dnaninf.o(x$fpl$dnaninf)
    __fpl_dretinf                            0x08008379   Thumb Code    12  dretinf.o(x$fpl$dretinf)
    __aeabi_cdrcmple                         0x08008385   Thumb Code     0  drleqf.o(x$fpl$drleqf)
    _drcmple                                 0x08008385   Thumb Code   108  drleqf.o(x$fpl$drleqf)
    __aeabi_f2d                              0x080083f1   Thumb Code     0  f2d.o(x$fpl$f2d)
    _f2d                                     0x080083f1   Thumb Code    86  f2d.o(x$fpl$f2d)
    __fpl_fnaninf                            0x08008447   Thumb Code   140  fnaninf.o(x$fpl$fnaninf)
    _fp_init                                 0x080084d3   Thumb Code    26  fpinit.o(x$fpl$fpinit)
    __fplib_config_fpu_vfp                   0x080084eb   Thumb Code     0  fpinit.o(x$fpl$fpinit)
    __fplib_config_pureend_doubles           0x080084eb   Thumb Code     0  fpinit.o(x$fpl$fpinit)
    __fpl_fretinf                            0x080084ed   Thumb Code    10  fretinf.o(x$fpl$fretinf)
    __ieee_status                            0x080084f7   Thumb Code     6  istatus.o(x$fpl$ieeestatus)
    _printf_fp_dec                           0x080084fd   Thumb Code     4  printf1.o(x$fpl$printf1)
    _printf_fp_hex                           0x08008501   Thumb Code     4  printf2.o(x$fpl$printf2)
    __fpl_return_NaN                         0x08008505   Thumb Code   100  retnan.o(x$fpl$retnan)
    __ARM_scalbn                             0x08008569   Thumb Code    92  scalbn.o(x$fpl$scalbn)
    _scanf_real                              0x080085c5   Thumb Code     4  scanf1.o(x$fpl$scanf1)
    _scanf_hex_real                          0x080085c9   Thumb Code     4  scanf2.o(x$fpl$scanf2)
    _scanf_infnan                            0x080085cd   Thumb Code     4  scanf2.o(x$fpl$scanf2)
    __fpl_cmpreturn                          0x080085d1   Thumb Code    48  trapv.o(x$fpl$trapveneer)
    __I$use$fp                               0x08008600   Number         0  usenofp.o(x$fpl$usenofp)
    AHBPrescTable                            0x080086fc   Data          16  system_stm32f4xx.o(.rodata.AHBPrescTable)
    APBPrescTable                            0x0800870c   Data           8  system_stm32f4xx.o(.rodata.APBPrescTable)
    Region$$Table$$Base                      0x08008714   Number         0  anon$$obj.o(Region$$Table)
    Region$$Table$$Limit                     0x08008734   Number         0  anon$$obj.o(Region$$Table)
    __aeabi_HUGE_VAL                         0x08008734   Data           0  fpconst.o(c$$dinf)
    __aeabi_HUGE_VALL                        0x08008734   Data           0  fpconst.o(c$$dinf)
    __aeabi_INFINITY                         0x08008734   Data           0  fpconst.o(c$$dinf)
    __dInf                                   0x08008734   Data           0  fpconst.o(c$$dinf)
    __huge_val                               0x08008734   Data           0  fpconst.o(c$$dinf)
    __dbl_max                                0x0800873c   Data           0  fpconst.o(c$$dmax)
    __ctype                                  0x0800876d   Data           0  lc_ctype_c.o(locale$$data)
    uwTickFreq                               0x20000000   Data           1  stm32f4xx_hal.o(.data..L_MergedGlobals)
    uwTickPrio                               0x20000004   Data           4  stm32f4xx_hal.o(.data..L_MergedGlobals)
    FS_Desc                                  0x20000008   Data          28  usbd_desc.o(.data.FS_Desc)
    SystemCoreClock                          0x20000024   Data           4  system_stm32f4xx.o(.data.SystemCoreClock)
    USBD_CDC                                 0x20000028   Data          56  usbd_cdc.o(.data.USBD_CDC)
    USBD_FS_DeviceDesc                       0x200000b0   Data          18  usbd_desc.o(.data.USBD_FS_DeviceDesc)
    USBD_Interface_fops_FS                   0x200000c4   Data          20  usbd_cdc_if.o(.data.USBD_Interface_fops_FS)
    USBD_LangIDDesc                          0x200000d8   Data           4  usbd_desc.o(.data.USBD_LangIDDesc)
    USBD_StringSerial                        0x200000dc   Data          26  usbd_desc.o(.data.USBD_StringSerial)
    __libspace_start                         0x200000f8   Data          96  libspace.o(.bss)
    TIMcnt                                   0x20000158   Data           4  main.o(.bss.TIMcnt)
    __temporary_stack_top$libspace           0x20000158   Data           0  libspace.o(.bss)
    USBD_StrDesc                             0x20000160   Data         512  usbd_desc.o(.bss.USBD_StrDesc)
    UserRxBufferFS                           0x20000580   Data        2048  usbd_cdc_if.o(.bss.UserRxBufferFS)
    UserTxBufferFS                           0x20000d80   Data        2048  usbd_cdc_if.o(.bss.UserTxBufferFS)
    hUsbDeviceFS                             0x20001580   Data         732  usb_device.o(.bss.hUsbDeviceFS)
    hpcd_USB_OTG_FS                          0x2000185c   Data        1292  usbd_conf.o(.bss.hpcd_USB_OTG_FS)
    htim2                                    0x20001d68   Data          72  tim.o(.bss.htim2)
    htim9                                    0x20001db0   Data          72  tim.o(.bss.htim9)
    huart6                                   0x20001df8   Data          68  usart.o(.bss.huart6)
    uwTick                                   0x20001e3c   Data           4  stm32f4xx_hal.o(.bss.uwTick)



==============================================================================

Memory Map of the image

  Image Entry point : 0x080001ad

  Load Region LR_IROM1 (Base: 0x08000000, Size: 0x00008968, Max: 0x00200000, ABSOLUTE)

    Execution Region ER_IROM1 (Exec base: 0x08000000, Load base: 0x08000000, Size: 0x00008870, Max: 0x00200000, ABSOLUTE)

    Exec Addr    Load Addr    Size         Type   Attr      Idx    E Section Name        Object

    0x08000000   0x08000000   0x000001ac   Data   RO            3    RESET               startup_stm32f427xx.o
    0x080001ac   0x080001ac   0x00000008   Code   RO         1458  * !!!main             c_w.l(__main.o)
    0x080001b4   0x080001b4   0x00000034   Code   RO         1929    !!!scatter          c_w.l(__scatter.o)
    0x080001e8   0x080001e8   0x0000001a   Code   RO         1931    !!handler_copy      c_w.l(__scatter_copy.o)
    0x08000202   0x08000202   0x00000002   PAD
    0x08000204   0x08000204   0x0000001c   Code   RO         1933    !!handler_zi        c_w.l(__scatter_zi.o)
    0x08000220   0x08000220   0x00000000   Code   RO         1558    .ARM.Collect$$_printf_percent$$00000000  c_w.l(_printf_percent.o)
    0x08000220   0x08000220   0x00000006   Code   RO         1547    .ARM.Collect$$_printf_percent$$00000001  c_w.l(_printf_n.o)
    0x08000226   0x08000226   0x00000006   Code   RO         1549    .ARM.Collect$$_printf_percent$$00000002  c_w.l(_printf_p.o)
    0x0800022c   0x0800022c   0x00000006   Code   RO         1554    .ARM.Collect$$_printf_percent$$00000003  c_w.l(_printf_f.o)
    0x08000232   0x08000232   0x00000006   Code   RO         1555    .ARM.Collect$$_printf_percent$$00000004  c_w.l(_printf_e.o)
    0x08000238   0x08000238   0x00000006   Code   RO         1556    .ARM.Collect$$_printf_percent$$00000005  c_w.l(_printf_g.o)
    0x0800023e   0x0800023e   0x00000006   Code   RO         1557    .ARM.Collect$$_printf_percent$$00000006  c_w.l(_printf_a.o)
    0x08000244   0x08000244   0x0000000a   Code   RO         1562    .ARM.Collect$$_printf_percent$$00000007  c_w.l(_printf_ll.o)
    0x0800024e   0x0800024e   0x00000006   Code   RO         1551    .ARM.Collect$$_printf_percent$$00000008  c_w.l(_printf_i.o)
    0x08000254   0x08000254   0x00000006   Code   RO         1552    .ARM.Collect$$_printf_percent$$00000009  c_w.l(_printf_d.o)
    0x0800025a   0x0800025a   0x00000006   Code   RO         1553    .ARM.Collect$$_printf_percent$$0000000A  c_w.l(_printf_u.o)
    0x08000260   0x08000260   0x00000006   Code   RO         1550    .ARM.Collect$$_printf_percent$$0000000B  c_w.l(_printf_o.o)
    0x08000266   0x08000266   0x00000006   Code   RO         1548    .ARM.Collect$$_printf_percent$$0000000C  c_w.l(_printf_x.o)
    0x0800026c   0x0800026c   0x00000006   Code   RO         1559    .ARM.Collect$$_printf_percent$$0000000D  c_w.l(_printf_lli.o)
    0x08000272   0x08000272   0x00000006   Code   RO         1560    .ARM.Collect$$_printf_percent$$0000000E  c_w.l(_printf_lld.o)
    0x08000278   0x08000278   0x00000006   Code   RO         1561    .ARM.Collect$$_printf_percent$$0000000F  c_w.l(_printf_llu.o)
    0x0800027e   0x0800027e   0x00000006   Code   RO         1566    .ARM.Collect$$_printf_percent$$00000010  c_w.l(_printf_llo.o)
    0x08000284   0x08000284   0x00000006   Code   RO         1567    .ARM.Collect$$_printf_percent$$00000011  c_w.l(_printf_llx.o)
    0x0800028a   0x0800028a   0x0000000a   Code   RO         1563    .ARM.Collect$$_printf_percent$$00000012  c_w.l(_printf_l.o)
    0x08000294   0x08000294   0x00000006   Code   RO         1545    .ARM.Collect$$_printf_percent$$00000013  c_w.l(_printf_c.o)
    0x0800029a   0x0800029a   0x00000006   Code   RO         1546    .ARM.Collect$$_printf_percent$$00000014  c_w.l(_printf_s.o)
    0x080002a0   0x080002a0   0x00000006   Code   RO         1564    .ARM.Collect$$_printf_percent$$00000015  c_w.l(_printf_lc.o)
    0x080002a6   0x080002a6   0x00000006   Code   RO         1565    .ARM.Collect$$_printf_percent$$00000016  c_w.l(_printf_ls.o)
    0x080002ac   0x080002ac   0x00000004   Code   RO         1630    .ARM.Collect$$_printf_percent$$00000017  c_w.l(_printf_percent_end.o)
    0x080002b0   0x080002b0   0x00000002   Code   RO         1698    .ARM.Collect$$libinit$$00000000  c_w.l(libinit.o)
    0x080002b2   0x080002b2   0x00000004   Code   RO         1699    .ARM.Collect$$libinit$$00000001  c_w.l(libinit2.o)
    0x080002b6   0x080002b6   0x00000000   Code   RO         1702    .ARM.Collect$$libinit$$00000004  c_w.l(libinit2.o)
    0x080002b6   0x080002b6   0x00000000   Code   RO         1704    .ARM.Collect$$libinit$$00000006  c_w.l(libinit2.o)
    0x080002b6   0x080002b6   0x00000000   Code   RO         1707    .ARM.Collect$$libinit$$0000000C  c_w.l(libinit2.o)
    0x080002b6   0x080002b6   0x00000000   Code   RO         1709    .ARM.Collect$$libinit$$0000000E  c_w.l(libinit2.o)
    0x080002b6   0x080002b6   0x00000000   Code   RO         1711    .ARM.Collect$$libinit$$00000010  c_w.l(libinit2.o)
    0x080002b6   0x080002b6   0x00000006   Code   RO         1712    .ARM.Collect$$libinit$$00000011  c_w.l(libinit2.o)
    0x080002bc   0x080002bc   0x00000000   Code   RO         1714    .ARM.Collect$$libinit$$00000013  c_w.l(libinit2.o)
    0x080002bc   0x080002bc   0x0000000c   Code   RO         1715    .ARM.Collect$$libinit$$00000014  c_w.l(libinit2.o)
    0x080002c8   0x080002c8   0x00000000   Code   RO         1716    .ARM.Collect$$libinit$$00000015  c_w.l(libinit2.o)
    0x080002c8   0x080002c8   0x00000000   Code   RO         1718    .ARM.Collect$$libinit$$00000017  c_w.l(libinit2.o)
    0x080002c8   0x080002c8   0x0000000a   Code   RO         1719    .ARM.Collect$$libinit$$00000018  c_w.l(libinit2.o)
    0x080002d2   0x080002d2   0x00000000   Code   RO         1720    .ARM.Collect$$libinit$$00000019  c_w.l(libinit2.o)
    0x080002d2   0x080002d2   0x00000000   Code   RO         1722    .ARM.Collect$$libinit$$0000001B  c_w.l(libinit2.o)
    0x080002d2   0x080002d2   0x00000000   Code   RO         1724    .ARM.Collect$$libinit$$0000001D  c_w.l(libinit2.o)
    0x080002d2   0x080002d2   0x00000000   Code   RO         1726    .ARM.Collect$$libinit$$0000001F  c_w.l(libinit2.o)
    0x080002d2   0x080002d2   0x00000000   Code   RO         1728    .ARM.Collect$$libinit$$00000021  c_w.l(libinit2.o)
    0x080002d2   0x080002d2   0x00000000   Code   RO         1730    .ARM.Collect$$libinit$$00000023  c_w.l(libinit2.o)
    0x080002d2   0x080002d2   0x00000000   Code   RO         1732    .ARM.Collect$$libinit$$00000025  c_w.l(libinit2.o)
    0x080002d2   0x080002d2   0x00000000   Code   RO         1734    .ARM.Collect$$libinit$$00000027  c_w.l(libinit2.o)
    0x080002d2   0x080002d2   0x00000000   Code   RO         1738    .ARM.Collect$$libinit$$0000002E  c_w.l(libinit2.o)
    0x080002d2   0x080002d2   0x00000000   Code   RO         1740    .ARM.Collect$$libinit$$00000030  c_w.l(libinit2.o)
    0x080002d2   0x080002d2   0x00000000   Code   RO         1742    .ARM.Collect$$libinit$$00000032  c_w.l(libinit2.o)
    0x080002d2   0x080002d2   0x00000000   Code   RO         1744    .ARM.Collect$$libinit$$00000034  c_w.l(libinit2.o)
    0x080002d2   0x080002d2   0x00000002   Code   RO         1745    .ARM.Collect$$libinit$$00000035  c_w.l(libinit2.o)
    0x080002d4   0x080002d4   0x00000002   Code   RO         1848    .ARM.Collect$$libshutdown$$00000000  c_w.l(libshutdown.o)
    0x080002d6   0x080002d6   0x00000000   Code   RO         1880    .ARM.Collect$$libshutdown$$00000002  c_w.l(libshutdown2.o)
    0x080002d6   0x080002d6   0x00000000   Code   RO         1882    .ARM.Collect$$libshutdown$$00000004  c_w.l(libshutdown2.o)
    0x080002d6   0x080002d6   0x00000000   Code   RO         1885    .ARM.Collect$$libshutdown$$00000007  c_w.l(libshutdown2.o)
    0x080002d6   0x080002d6   0x00000000   Code   RO         1888    .ARM.Collect$$libshutdown$$0000000A  c_w.l(libshutdown2.o)
    0x080002d6   0x080002d6   0x00000000   Code   RO         1890    .ARM.Collect$$libshutdown$$0000000C  c_w.l(libshutdown2.o)
    0x080002d6   0x080002d6   0x00000000   Code   RO         1893    .ARM.Collect$$libshutdown$$0000000F  c_w.l(libshutdown2.o)
    0x080002d6   0x080002d6   0x00000002   Code   RO         1894    .ARM.Collect$$libshutdown$$00000010  c_w.l(libshutdown2.o)
    0x080002d8   0x080002d8   0x00000000   Code   RO         1470    .ARM.Collect$$rtentry$$00000000  c_w.l(__rtentry.o)
    0x080002d8   0x080002d8   0x00000000   Code   RO         1590    .ARM.Collect$$rtentry$$00000002  c_w.l(__rtentry2.o)
    0x080002d8   0x080002d8   0x00000006   Code   RO         1602    .ARM.Collect$$rtentry$$00000004  c_w.l(__rtentry4.o)
    0x080002de   0x080002de   0x00000000   Code   RO         1592    .ARM.Collect$$rtentry$$00000009  c_w.l(__rtentry2.o)
    0x080002de   0x080002de   0x00000004   Code   RO         1593    .ARM.Collect$$rtentry$$0000000A  c_w.l(__rtentry2.o)
    0x080002e2   0x080002e2   0x00000000   Code   RO         1595    .ARM.Collect$$rtentry$$0000000C  c_w.l(__rtentry2.o)
    0x080002e2   0x080002e2   0x00000008   Code   RO         1596    .ARM.Collect$$rtentry$$0000000D  c_w.l(__rtentry2.o)
    0x080002ea   0x080002ea   0x00000002   Code   RO         1750    .ARM.Collect$$rtexit$$00000000  c_w.l(rtexit.o)
    0x080002ec   0x080002ec   0x00000000   Code   RO         1795    .ARM.Collect$$rtexit$$00000002  c_w.l(rtexit2.o)
    0x080002ec   0x080002ec   0x00000004   Code   RO         1796    .ARM.Collect$$rtexit$$00000003  c_w.l(rtexit2.o)
    0x080002f0   0x080002f0   0x00000006   Code   RO         1797    .ARM.Collect$$rtexit$$00000004  c_w.l(rtexit2.o)
    0x080002f6   0x080002f6   0x00000002   PAD
    0x080002f8   0x080002f8   0x00000040   Code   RO            4    .text               startup_stm32f427xx.o
    0x08000338   0x08000338   0x000000f0   Code   RO         1446    .text               c_w.l(lludivv7m.o)
    0x08000428   0x08000428   0x0000003c   Code   RO         1448    .text               c_w.l(vsnprintf.o)
    0x08000464   0x08000464   0x0000003e   Code   RO         1450    .text               c_w.l(strlen.o)
    0x080004a2   0x080004a2   0x0000004e   Code   RO         1452    .text               c_w.l(rt_memclr_w.o)
    0x080004f0   0x080004f0   0x00000056   Code   RO         1454    .text               c_w.l(strncpy.o)
    0x08000546   0x08000546   0x00000006   Code   RO         1456    .text               c_w.l(heapauxi.o)
    0x0800054c   0x0800054c   0x00000016   Code   RO         1475    .text               c_w.l(_rserrno.o)
    0x08000562   0x08000562   0x0000004e   Code   RO         1479    .text               c_w.l(_printf_pad.o)
    0x080005b0   0x080005b0   0x00000024   Code   RO         1481    .text               c_w.l(_printf_truncate.o)
    0x080005d4   0x080005d4   0x00000052   Code   RO         1483    .text               c_w.l(_printf_str.o)
    0x08000626   0x08000626   0x00000002   PAD
    0x08000628   0x08000628   0x00000078   Code   RO         1485    .text               c_w.l(_printf_dec.o)
    0x080006a0   0x080006a0   0x00000028   Code   RO         1487    .text               c_w.l(_printf_charcount.o)
    0x080006c8   0x080006c8   0x00000030   Code   RO         1489    .text               c_w.l(_printf_char_common.o)
    0x080006f8   0x080006f8   0x00000010   Code   RO         1491    .text               c_w.l(_snputc.o)
    0x08000708   0x08000708   0x000000bc   Code   RO         1493    .text               c_w.l(_printf_wctomb.o)
    0x080007c4   0x080007c4   0x0000007c   Code   RO         1496    .text               c_w.l(_printf_longlong_dec.o)
    0x08000840   0x08000840   0x00000070   Code   RO         1502    .text               c_w.l(_printf_oct_int_ll.o)
    0x080008b0   0x080008b0   0x00000094   Code   RO         1522    .text               c_w.l(_printf_hex_int_ll_ptr.o)
    0x08000944   0x08000944   0x00000188   Code   RO         1542    .text               c_w.l(__printf_flags_ss_wp.o)
    0x08000acc   0x08000acc   0x000000b0   Code   RO         1568    .text               c_w.l(strtod.o)
    0x08000b7c   0x08000b7c   0x00000044   Code   RO         1570    .text               c_w.l(rt_memclr.o)
    0x08000bc0   0x08000bc0   0x00000008   Code   RO         1609    .text               c_w.l(rt_errno_addr_intlibspace.o)
    0x08000bc8   0x08000bc8   0x0000008a   Code   RO         1611    .text               c_w.l(lludiv10.o)
    0x08000c52   0x08000c52   0x00000012   Code   RO         1613    .text               c_w.l(isspace.o)
    0x08000c64   0x08000c64   0x000000b2   Code   RO         1615    .text               c_w.l(_printf_intcommon.o)
    0x08000d16   0x08000d16   0x0000041c   Code   RO         1617    .text               c_w.l(_printf_fp_dec.o)
    0x08001132   0x08001132   0x00000002   PAD
    0x08001134   0x08001134   0x000002fc   Code   RO         1621    .text               c_w.l(_printf_fp_hex.o)
    0x08001430   0x08001430   0x0000002c   Code   RO         1626    .text               c_w.l(_printf_char.o)
    0x0800145c   0x0800145c   0x0000002c   Code   RO         1628    .text               c_w.l(_printf_wchar.o)
    0x08001488   0x08001488   0x00000040   Code   RO         1631    .text               c_w.l(_sgetc.o)
    0x080014c8   0x080014c8   0x00000048   Code   RO         1633    .text               c_w.l(_c16rtomb.o)
    0x08001510   0x08001510   0x00000008   Code   RO         1640    .text               c_w.l(libspace.o)
    0x08001518   0x08001518   0x0000004a   Code   RO         1643    .text               c_w.l(sys_stackheap_outer.o)
    0x08001562   0x08001562   0x00000002   PAD
    0x08001564   0x08001564   0x00000010   Code   RO         1645    .text               c_w.l(rt_ctype_table.o)
    0x08001574   0x08001574   0x00000008   Code   RO         1650    .text               c_w.l(rt_locale_intlibspace.o)
    0x0800157c   0x0800157c   0x00000080   Code   RO         1652    .text               c_w.l(_printf_fp_infnan.o)
    0x080015fc   0x080015fc   0x000004f8   Code   RO         1654    .text               c_w.l(scanf_fp.o)
    0x08001af4   0x08001af4   0x000000e4   Code   RO         1658    .text               c_w.l(bigflt0.o)
    0x08001bd8   0x08001bd8   0x00000012   Code   RO         1685    .text               c_w.l(exit.o)
    0x08001bea   0x08001bea   0x00000006   PAD
    0x08001bf0   0x08001bf0   0x0000007c   Code   RO         1691    .text               c_w.l(strcmpv7em.o)
    0x08001c6c   0x08001c6c   0x00000026   Code   RO         1754    .text               c_w.l(llshl.o)
    0x08001c92   0x08001c92   0x00000002   PAD
    0x08001c94   0x08001c94   0x0000000c   Code   RO         1790    .text               c_w.l(sys_exit.o)
    0x08001ca0   0x08001ca0   0x00000320   Code   RO         1803    .text               c_w.l(scanf_hexfp.o)
    0x08001fc0   0x08001fc0   0x00000134   Code   RO         1805    .text               c_w.l(scanf_infnan.o)
    0x080020f4   0x080020f4   0x00000002   Code   RO         1833    .text               c_w.l(use_no_semi.o)
    0x080020f6   0x080020f6   0x00000000   Code   RO         1835    .text               c_w.l(indicate_semi.o)
    0x080020f6   0x080020f6   0x0000001c   Code   RO         1838    .text               c_w.l(_chval.o)
    0x08002112   0x08002112   0x00000002   PAD
    0x08002114   0x08002114   0x00000002   Code   RO           85    .text.BusFault_Handler  stm32f4xx_it.o
    0x08002116   0x08002116   0x00000002   PAD
    0x08002118   0x08002118   0x00000004   Code   RO         1212    .text.CDC_Control_FS  usbd_cdc_if.o
    0x0800211c   0x0800211c   0x00000004   Code   RO         1210    .text.CDC_DeInit_FS  usbd_cdc_if.o
    0x08002120   0x08002120   0x0000002c   Code   RO         1208    .text.CDC_Init_FS   usbd_cdc_if.o
    0x0800214c   0x0800214c   0x00000074   Code   RO         1214    .text.CDC_Receive_FS  usbd_cdc_if.o
    0x080021c0   0x080021c0   0x00000004   Code   RO         1216    .text.CDC_TransmitCplt_FS  usbd_cdc_if.o
    0x080021c4   0x080021c4   0x00000002   Code   RO           91    .text.DebugMon_Handler  stm32f4xx_it.o
    0x080021c6   0x080021c6   0x00000002   PAD
    0x080021c8   0x080021c8   0x0000000a   Code   RO           17    .text.Error_Handler  main.o
    0x080021d2   0x080021d2   0x00000002   PAD
    0x080021d4   0x080021d4   0x0000008e   Code   RO          485    .text.HAL_DMA_Abort  stm32f4xx_hal_dma.o
    0x08002262   0x08002262   0x00000002   PAD
    0x08002264   0x08002264   0x00000024   Code   RO          487    .text.HAL_DMA_Abort_IT  stm32f4xx_hal_dma.o
    0x08002288   0x08002288   0x00000028   Code   RO          644    .text.HAL_Delay     stm32f4xx_hal.o
    0x080022b0   0x080022b0   0x000001a6   Code   RO          439    .text.HAL_GPIO_Init  stm32f4xx_hal_gpio.o
    0x08002456   0x08002456   0x00000002   PAD
    0x08002458   0x08002458   0x00000010   Code   RO          447    .text.HAL_GPIO_TogglePin  stm32f4xx_hal_gpio.o
    0x08002468   0x08002468   0x0000000a   Code   RO          445    .text.HAL_GPIO_WritePin  stm32f4xx_hal_gpio.o
    0x08002472   0x08002472   0x00000002   PAD
    0x08002474   0x08002474   0x0000000c   Code   RO          636    .text.HAL_GetTick   stm32f4xx_hal.o
    0x08002480   0x08002480   0x0000001a   Code   RO          634    .text.HAL_IncTick   stm32f4xx_hal.o
    0x0800249a   0x0800249a   0x00000002   PAD
    0x0800249c   0x0800249c   0x00000036   Code   RO          624    .text.HAL_Init      stm32f4xx_hal.o
    0x080024d2   0x080024d2   0x00000002   PAD
    0x080024d4   0x080024d4   0x00000048   Code   RO          626    .text.HAL_InitTick  stm32f4xx_hal.o
    0x0800251c   0x0800251c   0x00000038   Code   RO          108    .text.HAL_MspInit   stm32f4xx_hal_msp.o
    0x08002554   0x08002554   0x00000026   Code   RO          582    .text.HAL_NVIC_EnableIRQ  stm32f4xx_hal_cortex.o
    0x0800257a   0x0800257a   0x00000002   PAD
    0x0800257c   0x0800257c   0x00000056   Code   RO          580    .text.HAL_NVIC_SetPriority  stm32f4xx_hal_cortex.o
    0x080025d2   0x080025d2   0x00000002   PAD
    0x080025d4   0x080025d4   0x00000020   Code   RO          578    .text.HAL_NVIC_SetPriorityGrouping  stm32f4xx_hal_cortex.o
    0x080025f4   0x080025f4   0x00000002   Code   RO          199    .text.HAL_PCDEx_LPM_Callback  stm32f4xx_hal_pcd_ex.o
    0x080025f6   0x080025f6   0x00000002   PAD
    0x080025f8   0x080025f8   0x00000008   Code   RO          197    .text.HAL_PCDEx_SetRxFiFo  stm32f4xx_hal_pcd_ex.o
    0x08002600   0x08002600   0x000000ea   Code   RO          195    .text.HAL_PCDEx_SetTxFiFo  stm32f4xx_hal_pcd_ex.o
    0x080026ea   0x080026ea   0x00000002   PAD
    0x080026ec   0x080026ec   0x00000008   Code   RO         1255    .text.HAL_PCD_ConnectCallback  usbd_conf.o
    0x080026f4   0x080026f4   0x00000014   Code   RO         1241    .text.HAL_PCD_DataInStageCallback  usbd_conf.o
    0x08002708   0x08002708   0x00000016   Code   RO         1239    .text.HAL_PCD_DataOutStageCallback  usbd_conf.o
    0x0800271e   0x0800271e   0x00000002   PAD
    0x08002720   0x08002720   0x00000008   Code   RO         1257    .text.HAL_PCD_DisconnectCallback  usbd_conf.o
    0x08002728   0x08002728   0x00000050   Code   RO          165    .text.HAL_PCD_EP_Close  stm32f4xx_hal_pcd.o
    0x08002778   0x08002778   0x00000068   Code   RO          175    .text.HAL_PCD_EP_ClrStall  stm32f4xx_hal_pcd.o
    0x080027e0   0x080027e0   0x00000012   Code   RO          169    .text.HAL_PCD_EP_GetRxCount  stm32f4xx_hal_pcd.o
    0x080027f2   0x080027f2   0x00000002   PAD
    0x080027f4   0x080027f4   0x00000068   Code   RO          163    .text.HAL_PCD_EP_Open  stm32f4xx_hal_pcd.o
    0x0800285c   0x0800285c   0x0000004c   Code   RO          167    .text.HAL_PCD_EP_Receive  stm32f4xx_hal_pcd.o
    0x080028a8   0x080028a8   0x0000007c   Code   RO          173    .text.HAL_PCD_EP_SetStall  stm32f4xx_hal_pcd.o
    0x08002924   0x08002924   0x00000044   Code   RO          171    .text.HAL_PCD_EP_Transmit  stm32f4xx_hal_pcd.o
    0x08002968   0x08002968   0x00000926   Code   RO          129    .text.HAL_PCD_IRQHandler  stm32f4xx_hal_pcd.o
    0x0800328e   0x0800328e   0x00000002   PAD
    0x08003290   0x08003290   0x00000008   Code   RO         1253    .text.HAL_PCD_ISOINIncompleteCallback  usbd_conf.o
    0x08003298   0x08003298   0x00000008   Code   RO         1251    .text.HAL_PCD_ISOOUTIncompleteCallback  usbd_conf.o
    0x080032a0   0x080032a0   0x0000013e   Code   RO          117    .text.HAL_PCD_Init  stm32f4xx_hal_pcd.o
    0x080033de   0x080033de   0x00000002   PAD
    0x080033e0   0x080033e0   0x0000007e   Code   RO         1233    .text.HAL_PCD_MspInit  usbd_conf.o
    0x0800345e   0x0800345e   0x00000002   PAD
    0x08003460   0x08003460   0x0000002a   Code   RO         1245    .text.HAL_PCD_ResetCallback  usbd_conf.o
    0x0800348a   0x0800348a   0x00000002   PAD
    0x0800348c   0x0800348c   0x00000008   Code   RO         1249    .text.HAL_PCD_ResumeCallback  usbd_conf.o
    0x08003494   0x08003494   0x00000008   Code   RO         1243    .text.HAL_PCD_SOFCallback  usbd_conf.o
    0x0800349c   0x0800349c   0x00000028   Code   RO          161    .text.HAL_PCD_SetAddress  stm32f4xx_hal_pcd.o
    0x080034c4   0x080034c4   0x0000000e   Code   RO         1237    .text.HAL_PCD_SetupStageCallback  usbd_conf.o
    0x080034d2   0x080034d2   0x00000002   PAD
    0x080034d4   0x080034d4   0x0000003e   Code   RO          125    .text.HAL_PCD_Start  stm32f4xx_hal_pcd.o
    0x08003512   0x08003512   0x00000002   PAD
    0x08003514   0x08003514   0x00000034   Code   RO         1247    .text.HAL_PCD_SuspendCallback  usbd_conf.o
    0x08003548   0x08003548   0x00000160   Code   RO          319    .text.HAL_RCC_ClockConfig  stm32f4xx_hal_rcc.o
    0x080036a8   0x080036a8   0x0000000c   Code   RO          329    .text.HAL_RCC_GetHCLKFreq  stm32f4xx_hal_rcc.o
    0x080036b4   0x080036b4   0x00000026   Code   RO          331    .text.HAL_RCC_GetPCLK1Freq  stm32f4xx_hal_rcc.o
    0x080036da   0x080036da   0x00000002   PAD
    0x080036dc   0x080036dc   0x00000026   Code   RO          333    .text.HAL_RCC_GetPCLK2Freq  stm32f4xx_hal_rcc.o
    0x08003702   0x08003702   0x00000002   PAD
    0x08003704   0x08003704   0x0000006a   Code   RO          321    .text.HAL_RCC_GetSysClockFreq  stm32f4xx_hal_rcc.o
    0x0800376e   0x0800376e   0x00000002   PAD
    0x08003770   0x08003770   0x00000374   Code   RO          317    .text.HAL_RCC_OscConfig  stm32f4xx_hal_rcc.o
    0x08003ae4   0x08003ae4   0x0000002c   Code   RO          590    .text.HAL_SYSTICK_Config  stm32f4xx_hal_cortex.o
    0x08003b10   0x08003b10   0x000000b6   Code   RO         1013    .text.HAL_TIMEx_MasterConfigSynchronization  stm32f4xx_hal_tim_ex.o
    0x08003bc6   0x08003bc6   0x00000002   PAD
    0x08003bc8   0x08003bc8   0x000000b2   Code   RO          832    .text.HAL_TIM_Encoder_Init  stm32f4xx_hal_tim.o
    0x08003c7a   0x08003c7a   0x00000002   PAD
    0x08003c7c   0x08003c7c   0x00000062   Code   RO           44    .text.HAL_TIM_Encoder_MspInit  tim.o
    0x08003cde   0x08003cde   0x00000002   PAD
    0x08003ce0   0x08003ce0   0x000000bc   Code   RO          840    .text.HAL_TIM_Encoder_Start  stm32f4xx_hal_tim.o
    0x08003d9c   0x08003d9c   0x00000222   Code   RO          872    .text.HAL_TIM_PWM_ConfigChannel  stm32f4xx_hal_tim.o
    0x08003fbe   0x08003fbe   0x00000002   PAD
    0x08003fc0   0x08003fc0   0x0000005a   Code   RO          772    .text.HAL_TIM_PWM_Init  stm32f4xx_hal_tim.o
    0x0800401a   0x0800401a   0x00000002   PAD
    0x0800401c   0x0800401c   0x00000036   Code   RO           46    .text.HAL_TIM_PWM_MspInit  tim.o
    0x08004052   0x08004052   0x00000002   PAD
    0x08004054   0x08004054   0x00000112   Code   RO          780    .text.HAL_TIM_PWM_Start  stm32f4xx_hal_tim.o
    0x08004166   0x08004166   0x00000002   PAD
    0x08004168   0x08004168   0x00000002   Code   RO         1121    .text.HAL_UARTEx_RxEventCallback  stm32f4xx_hal_uart.o
    0x0800416a   0x0800416a   0x00000002   PAD
    0x0800416c   0x0800416c   0x00000002   Code   RO         1119    .text.HAL_UART_ErrorCallback  stm32f4xx_hal_uart.o
    0x0800416e   0x0800416e   0x00000002   PAD
    0x08004170   0x08004170   0x00000564   Code   RO         1113    .text.HAL_UART_IRQHandler  stm32f4xx_hal_uart.o
    0x080046d4   0x080046d4   0x0000005e   Code   RO         1037    .text.HAL_UART_Init  stm32f4xx_hal_uart.o
    0x08004732   0x08004732   0x00000002   PAD
    0x08004734   0x08004734   0x0000007c   Code   RO           64    .text.HAL_UART_MspInit  usart.o
    0x080047b0   0x080047b0   0x00000002   Code   RO           68    .text.HAL_UART_RxCpltCallback  usart.o
    0x080047b2   0x080047b2   0x00000002   PAD
    0x080047b4   0x080047b4   0x00000002   Code   RO         1123    .text.HAL_UART_TxCpltCallback  stm32f4xx_hal_uart.o
    0x080047b6   0x080047b6   0x00000002   PAD
    0x080047b8   0x080047b8   0x00000002   Code   RO           81    .text.HardFault_Handler  stm32f4xx_it.o
    0x080047ba   0x080047ba   0x00000002   PAD
    0x080047bc   0x080047bc   0x000000ac   Code   RO           29    .text.MX_GPIO_Init  gpio.o
    0x08004868   0x08004868   0x00000068   Code   RO           38    .text.MX_TIM2_Init  tim.o
    0x080048d0   0x080048d0   0x000000ac   Code   RO           40    .text.MX_TIM9_Init  tim.o
    0x0800497c   0x0800497c   0x0000003c   Code   RO           62    .text.MX_USART6_UART_Init  usart.o
    0x080049b8   0x080049b8   0x00000072   Code   RO         1172    .text.MX_USB_DEVICE_Init  usb_device.o
    0x08004a2a   0x08004a2a   0x00000002   PAD
    0x08004a2c   0x08004a2c   0x00000002   Code   RO           83    .text.MemManage_Handler  stm32f4xx_it.o
    0x08004a2e   0x08004a2e   0x00000002   PAD
    0x08004a30   0x08004a30   0x00000002   Code   RO           79    .text.NMI_Handler   stm32f4xx_it.o
    0x08004a32   0x08004a32   0x00000002   PAD
    0x08004a34   0x08004a34   0x0000000c   Code   RO           97    .text.OTG_FS_IRQHandler  stm32f4xx_it.o
    0x08004a40   0x08004a40   0x00000002   Code   RO           93    .text.PendSV_Handler  stm32f4xx_it.o
    0x08004a42   0x08004a42   0x00000002   PAD
    0x08004a44   0x08004a44   0x00000002   Code   RO           89    .text.SVC_Handler   stm32f4xx_it.o
    0x08004a46   0x08004a46   0x00000002   PAD
    0x08004a48   0x08004a48   0x00000004   Code   RO           95    .text.SysTick_Handler  stm32f4xx_it.o
    0x08004a4c   0x08004a4c   0x00000012   Code   RO         1157    .text.SystemInit    system_stm32f4xx.o
    0x08004a5e   0x08004a5e   0x00000002   PAD
    0x08004a60   0x08004a60   0x0000013c   Code   RO          722    .text.TIM_Base_SetConfig  stm32f4xx_hal_tim.o
    0x08004b9c   0x08004b9c   0x0000000c   Code   RO         1117    .text.UART_DMAAbortOnError  stm32f4xx_hal_uart.o
    0x08004ba8   0x08004ba8   0x000000fe   Code   RO         1115    .text.UART_Receive_IT  stm32f4xx_hal_uart.o
    0x08004ca6   0x08004ca6   0x00000002   PAD
    0x08004ca8   0x08004ca8   0x000000ee   Code   RO         1041    .text.UART_SetConfig  stm32f4xx_hal_uart.o
    0x08004d96   0x08004d96   0x00000002   PAD
    0x08004d98   0x08004d98   0x0000000c   Code   RO           99    .text.USART6_IRQHandler  stm32f4xx_it.o
    0x08004da4   0x08004da4   0x00000076   Code   RO         1412    .text.USBD_CDC_DataIn  usbd_cdc.o
    0x08004e1a   0x08004e1a   0x00000002   PAD
    0x08004e1c   0x08004e1c   0x0000003c   Code   RO         1414    .text.USBD_CDC_DataOut  usbd_cdc.o
    0x08004e58   0x08004e58   0x0000005a   Code   RO         1406    .text.USBD_CDC_DeInit  usbd_cdc.o
    0x08004eb2   0x08004eb2   0x00000002   PAD
    0x08004eb4   0x08004eb4   0x0000003c   Code   RO         1410    .text.USBD_CDC_EP0_RxReady  usbd_cdc.o
    0x08004ef0   0x08004ef0   0x00000010   Code   RO         1422    .text.USBD_CDC_GetDeviceQualifierDescriptor  usbd_cdc.o
    0x08004f00   0x08004f00   0x00000052   Code   RO         1418    .text.USBD_CDC_GetFSCfgDesc  usbd_cdc.o
    0x08004f52   0x08004f52   0x00000002   PAD
    0x08004f54   0x08004f54   0x00000056   Code   RO         1416    .text.USBD_CDC_GetHSCfgDesc  usbd_cdc.o
    0x08004faa   0x08004faa   0x00000002   PAD
    0x08004fac   0x08004fac   0x00000052   Code   RO         1420    .text.USBD_CDC_GetOtherSpeedCfgDesc  usbd_cdc.o
    0x08004ffe   0x08004ffe   0x00000002   PAD
    0x08005000   0x08005000   0x000000d6   Code   RO         1404    .text.USBD_CDC_Init  usbd_cdc.o
    0x080050d6   0x080050d6   0x00000002   PAD
    0x080050d8   0x080050d8   0x00000034   Code   RO         1432    .text.USBD_CDC_ReceivePacket  usbd_cdc.o
    0x0800510c   0x0800510c   0x00000018   Code   RO         1424    .text.USBD_CDC_RegisterInterface  usbd_cdc.o
    0x08005124   0x08005124   0x0000001a   Code   RO         1428    .text.USBD_CDC_SetRxBuffer  usbd_cdc.o
    0x0800513e   0x0800513e   0x00000002   PAD
    0x08005140   0x08005140   0x0000001e   Code   RO         1426    .text.USBD_CDC_SetTxBuffer  usbd_cdc.o
    0x0800515e   0x0800515e   0x00000002   PAD
    0x08005160   0x08005160   0x00000100   Code   RO         1408    .text.USBD_CDC_Setup  usbd_cdc.o
    0x08005260   0x08005260   0x0000003e   Code   RO         1430    .text.USBD_CDC_TransmitPacket  usbd_cdc.o
    0x0800529e   0x0800529e   0x00000002   PAD
    0x080052a0   0x080052a0   0x00000012   Code   RO         1319    .text.USBD_ClrClassConfig  usbd_core.o
    0x080052b2   0x080052b2   0x00000002   PAD
    0x080052b4   0x080052b4   0x00000004   Code   RO         1327    .text.USBD_CoreFindEP  usbd_core.o
    0x080052b8   0x080052b8   0x00000004   Code   RO         1325    .text.USBD_CoreFindIF  usbd_core.o
    0x080052bc   0x080052bc   0x00000010   Code   RO         1388    .text.USBD_CtlContinueRx  usbd_ioreq.o
    0x080052cc   0x080052cc   0x00000010   Code   RO         1384    .text.USBD_CtlContinueSendData  usbd_ioreq.o
    0x080052dc   0x080052dc   0x00000016   Code   RO         1363    .text.USBD_CtlError  usbd_ctlreq.o
    0x080052f2   0x080052f2   0x00000002   PAD
    0x080052f4   0x080052f4   0x0000001a   Code   RO         1386    .text.USBD_CtlPrepareRx  usbd_ioreq.o
    0x0800530e   0x0800530e   0x00000002   PAD
    0x08005310   0x08005310   0x00000016   Code   RO         1392    .text.USBD_CtlReceiveStatus  usbd_ioreq.o
    0x08005326   0x08005326   0x00000002   PAD
    0x08005328   0x08005328   0x0000001a   Code   RO         1382    .text.USBD_CtlSendData  usbd_ioreq.o
    0x08005342   0x08005342   0x00000002   PAD
    0x08005344   0x08005344   0x00000016   Code   RO         1390    .text.USBD_CtlSendStatus  usbd_ioreq.o
    0x0800535a   0x0800535a   0x00000002   PAD
    0x0800535c   0x0800535c   0x00000024   Code   RO         1191    .text.USBD_FS_ConfigStrDescriptor  usbd_desc.o
    0x08005380   0x08005380   0x0000000e   Code   RO         1181    .text.USBD_FS_DeviceDescriptor  usbd_desc.o
    0x0800538e   0x0800538e   0x00000002   PAD
    0x08005390   0x08005390   0x00000028   Code   RO         1193    .text.USBD_FS_InterfaceStrDescriptor  usbd_desc.o
    0x080053b8   0x080053b8   0x0000000e   Code   RO         1183    .text.USBD_FS_LangIDStrDescriptor  usbd_desc.o
    0x080053c6   0x080053c6   0x00000002   PAD
    0x080053c8   0x080053c8   0x0000002c   Code   RO         1185    .text.USBD_FS_ManufacturerStrDescriptor  usbd_desc.o
    0x080053f4   0x080053f4   0x00000030   Code   RO         1187    .text.USBD_FS_ProductStrDescriptor  usbd_desc.o
    0x08005424   0x08005424   0x0000016c   Code   RO         1189    .text.USBD_FS_SerialStrDescriptor  usbd_desc.o
    0x08005590   0x08005590   0x00000080   Code   RO         1349    .text.USBD_GetEpDesc  usbd_core.o
    0x08005610   0x08005610   0x000000da   Code   RO         1371    .text.USBD_GetString  usbd_ctlreq.o
    0x080056ea   0x080056ea   0x00000002   PAD
    0x080056ec   0x080056ec   0x0000002a   Code   RO         1305    .text.USBD_Init     usbd_core.o
    0x08005716   0x08005716   0x00000002   PAD
    0x08005718   0x08005718   0x00000022   Code   RO         1277    .text.USBD_LL_ClearStallEP  usbd_conf.o
    0x0800573a   0x0800573a   0x00000002   PAD
    0x0800573c   0x0800573c   0x00000022   Code   RO         1271    .text.USBD_LL_CloseEP  usbd_conf.o
    0x0800575e   0x0800575e   0x00000002   PAD
    0x08005760   0x08005760   0x000000b6   Code   RO         1329    .text.USBD_LL_DataInStage  usbd_core.o
    0x08005816   0x08005816   0x00000002   PAD
    0x08005818   0x08005818   0x00000078   Code   RO         1323    .text.USBD_LL_DataOutStage  usbd_core.o
    0x08005890   0x08005890   0x00000004   Code   RO         1345    .text.USBD_LL_DevConnected  usbd_core.o
    0x08005894   0x08005894   0x00000020   Code   RO         1347    .text.USBD_LL_DevDisconnected  usbd_core.o
    0x080058b4   0x080058b4   0x00000008   Code   RO         1287    .text.USBD_LL_GetRxDataSize  usbd_conf.o
    0x080058bc   0x080058bc   0x00000070   Code   RO         1259    .text.USBD_LL_Init  usbd_conf.o
    0x0800592c   0x0800592c   0x00000022   Code   RO         1279    .text.USBD_LL_IsStallEP  usbd_conf.o
    0x0800594e   0x0800594e   0x00000002   PAD
    0x08005950   0x08005950   0x00000028   Code   RO         1341    .text.USBD_LL_IsoINIncomplete  usbd_core.o
    0x08005978   0x08005978   0x00000028   Code   RO         1343    .text.USBD_LL_IsoOUTIncomplete  usbd_core.o
    0x080059a0   0x080059a0   0x00000028   Code   RO         1269    .text.USBD_LL_OpenEP  usbd_conf.o
    0x080059c8   0x080059c8   0x00000022   Code   RO         1285    .text.USBD_LL_PrepareReceive  usbd_conf.o
    0x080059ea   0x080059ea   0x00000002   PAD
    0x080059ec   0x080059ec   0x00000066   Code   RO         1331    .text.USBD_LL_Reset  usbd_core.o
    0x08005a52   0x08005a52   0x00000002   PAD
    0x08005a54   0x08005a54   0x00000014   Code   RO         1337    .text.USBD_LL_Resume  usbd_core.o
    0x08005a68   0x08005a68   0x0000001c   Code   RO         1339    .text.USBD_LL_SOF   usbd_core.o
    0x08005a84   0x08005a84   0x00000008   Code   RO         1333    .text.USBD_LL_SetSpeed  usbd_core.o
    0x08005a8c   0x08005a8c   0x00000022   Code   RO         1281    .text.USBD_LL_SetUSBAddress  usbd_conf.o
    0x08005aae   0x08005aae   0x00000002   PAD
    0x08005ab0   0x08005ab0   0x00000062   Code   RO         1321    .text.USBD_LL_SetupStage  usbd_core.o
    0x08005b12   0x08005b12   0x00000002   PAD
    0x08005b14   0x08005b14   0x00000022   Code   RO         1275    .text.USBD_LL_StallEP  usbd_conf.o
    0x08005b36   0x08005b36   0x00000002   PAD
    0x08005b38   0x08005b38   0x00000022   Code   RO         1265    .text.USBD_LL_Start  usbd_conf.o
    0x08005b5a   0x08005b5a   0x00000002   PAD
    0x08005b5c   0x08005b5c   0x00000014   Code   RO         1335    .text.USBD_LL_Suspend  usbd_core.o
    0x08005b70   0x08005b70   0x00000022   Code   RO         1283    .text.USBD_LL_Transmit  usbd_conf.o
    0x08005b92   0x08005b92   0x00000002   PAD
    0x08005b94   0x08005b94   0x00000016   Code   RO         1369    .text.USBD_ParseSetupRequest  usbd_ctlreq.o
    0x08005baa   0x08005baa   0x00000002   PAD
    0x08005bac   0x08005bac   0x00000042   Code   RO         1309    .text.USBD_RegisterClass  usbd_core.o
    0x08005bee   0x08005bee   0x00000002   PAD
    0x08005bf0   0x08005bf0   0x00000010   Code   RO         1317    .text.USBD_SetClassConfig  usbd_core.o
    0x08005c00   0x08005c00   0x00000004   Code   RO         1311    .text.USBD_Start    usbd_core.o
    0x08005c04   0x08005c04   0x00000374   Code   RO         1361    .text.USBD_StdDevReq  usbd_ctlreq.o
    0x08005f78   0x08005f78   0x00000172   Code   RO         1367    .text.USBD_StdEPReq  usbd_ctlreq.o
    0x080060ea   0x080060ea   0x00000002   PAD
    0x080060ec   0x080060ec   0x00000094   Code   RO         1365    .text.USBD_StdItfReq  usbd_ctlreq.o
    0x08006180   0x08006180   0x00000002   Code   RO         1291    .text.USBD_static_free  usbd_conf.o
    0x08006182   0x08006182   0x00000002   PAD
    0x08006184   0x08006184   0x0000000a   Code   RO         1289    .text.USBD_static_malloc  usbd_conf.o
    0x0800618e   0x0800618e   0x00000002   PAD
    0x08006190   0x08006190   0x0000005a   Code   RO         1220    .text.USBVcom_printf  usbd_cdc_if.o
    0x080061ea   0x080061ea   0x00000002   PAD
    0x080061ec   0x080061ec   0x00000082   Code   RO          233    .text.USB_ActivateEndpoint  stm32f4xx_ll_usb.o
    0x0800626e   0x0800626e   0x00000002   PAD
    0x08006270   0x08006270   0x00000020   Code   RO          275    .text.USB_ActivateSetup  stm32f4xx_ll_usb.o
    0x08006290   0x08006290   0x000001de   Code   RO          211    .text.USB_CoreInit  stm32f4xx_ll_usb.o
    0x0800646e   0x0800646e   0x00000002   PAD
    0x08006470   0x08006470   0x00000086   Code   RO          237    .text.USB_DeactivateEndpoint  stm32f4xx_ll_usb.o
    0x080064f6   0x080064f6   0x00000002   PAD
    0x080064f8   0x080064f8   0x0000001e   Code   RO          259    .text.USB_DevConnect  stm32f4xx_ll_usb.o
    0x08006516   0x08006516   0x00000002   PAD
    0x08006518   0x08006518   0x0000001e   Code   RO          261    .text.USB_DevDisconnect  stm32f4xx_ll_usb.o
    0x08006536   0x08006536   0x00000002   PAD
    0x08006538   0x08006538   0x00000492   Code   RO          223    .text.USB_DevInit   stm32f4xx_ll_usb.o
    0x080069ca   0x080069ca   0x00000002   PAD
    0x080069cc   0x080069cc   0x0000000e   Code   RO          217    .text.USB_DisableGlobalInt  stm32f4xx_ll_usb.o
    0x080069da   0x080069da   0x00000002   PAD
    0x080069dc   0x080069dc   0x000000fc   Code   RO          245    .text.USB_EP0StartXfer  stm32f4xx_ll_usb.o
    0x08006ad8   0x08006ad8   0x0000005a   Code   RO          277    .text.USB_EP0_OutStart  stm32f4xx_ll_usb.o
    0x08006b32   0x08006b32   0x00000002   PAD
    0x08006b34   0x08006b34   0x00000052   Code   RO          253    .text.USB_EPClearStall  stm32f4xx_ll_usb.o
    0x08006b86   0x08006b86   0x00000002   PAD
    0x08006b88   0x08006b88   0x0000003e   Code   RO          251    .text.USB_EPSetStall  stm32f4xx_ll_usb.o
    0x08006bc6   0x08006bc6   0x00000002   PAD
    0x08006bc8   0x08006bc8   0x000001ee   Code   RO          241    .text.USB_EPStartXfer  stm32f4xx_ll_usb.o
    0x08006db6   0x08006db6   0x00000002   PAD
    0x08006db8   0x08006db8   0x0000010e   Code   RO          247    .text.USB_EPStopXfer  stm32f4xx_ll_usb.o
    0x08006ec6   0x08006ec6   0x00000002   PAD
    0x08006ec8   0x08006ec8   0x0000000e   Code   RO          215    .text.USB_EnableGlobalInt  stm32f4xx_ll_usb.o
    0x08006ed6   0x08006ed6   0x00000002   PAD
    0x08006ed8   0x08006ed8   0x000000b6   Code   RO          227    .text.USB_FlushTxFifo  stm32f4xx_ll_usb.o
    0x08006f8e   0x08006f8e   0x00000002   PAD
    0x08006f90   0x08006f90   0x0000001a   Code   RO          231    .text.USB_GetDevSpeed  stm32f4xx_ll_usb.o
    0x08006faa   0x08006faa   0x00000002   PAD
    0x08006fac   0x08006fac   0x00000008   Code   RO          221    .text.USB_GetMode   stm32f4xx_ll_usb.o
    0x08006fb4   0x08006fb4   0x0000000e   Code   RO          267    .text.USB_ReadDevAllInEpInterrupt  stm32f4xx_ll_usb.o
    0x08006fc2   0x08006fc2   0x00000002   PAD
    0x08006fc4   0x08006fc4   0x0000000e   Code   RO          265    .text.USB_ReadDevAllOutEpInterrupt  stm32f4xx_ll_usb.o
    0x08006fd2   0x08006fd2   0x00000002   PAD
    0x08006fd4   0x08006fd4   0x00000024   Code   RO          271    .text.USB_ReadDevInEPInterrupt  stm32f4xx_ll_usb.o
    0x08006ff8   0x08006ff8   0x00000010   Code   RO          269    .text.USB_ReadDevOutEPInterrupt  stm32f4xx_ll_usb.o
    0x08007008   0x08007008   0x00000008   Code   RO          263    .text.USB_ReadInterrupts  stm32f4xx_ll_usb.o
    0x08007010   0x08007010   0x000000aa   Code   RO          249    .text.USB_ReadPacket  stm32f4xx_ll_usb.o
    0x080070ba   0x080070ba   0x00000002   PAD
    0x080070bc   0x080070bc   0x00000064   Code   RO          219    .text.USB_SetCurrentMode  stm32f4xx_ll_usb.o
    0x08007120   0x08007120   0x00000022   Code   RO          257    .text.USB_SetDevAddress  stm32f4xx_ll_usb.o
    0x08007142   0x08007142   0x00000002   PAD
    0x08007144   0x08007144   0x00000120   Code   RO          213    .text.USB_SetTurnaroundTime  stm32f4xx_ll_usb.o
    0x08007264   0x08007264   0x0000006a   Code   RO          243    .text.USB_WritePacket  stm32f4xx_ll_usb.o
    0x080072ce   0x080072ce   0x00000002   PAD
    0x080072d0   0x080072d0   0x00000002   Code   RO           87    .text.UsageFault_Handler  stm32f4xx_it.o
    0x080072d2   0x080072d2   0x00000002   PAD
    0x080072d4   0x080072d4   0x000000a8   Code   RO           15    .text._Z18SystemClock_Configv  main.o
    0x0800737c   0x0800737c   0x0000009c   Code   RO           13    .text.main          main.o
    0x08007418   0x08007418   0x0000003e   Code   RO         1661    CL$$btod_d2e        c_w.l(btod.o)
    0x08007456   0x08007456   0x00000046   Code   RO         1663    CL$$btod_d2e_denorm_low  c_w.l(btod.o)
    0x0800749c   0x0800749c   0x00000060   Code   RO         1662    CL$$btod_d2e_norm_op1  c_w.l(btod.o)
    0x080074fc   0x080074fc   0x00000338   Code   RO         1671    CL$$btod_div_common  c_w.l(btod.o)
    0x08007834   0x08007834   0x00000084   Code   RO         1669    CL$$btod_e2d        c_w.l(btod.o)
    0x080078b8   0x080078b8   0x000000dc   Code   RO         1668    CL$$btod_e2e        c_w.l(btod.o)
    0x08007994   0x08007994   0x0000002a   Code   RO         1665    CL$$btod_ediv       c_w.l(btod.o)
    0x080079be   0x080079be   0x0000002a   Code   RO         1667    CL$$btod_edivd      c_w.l(btod.o)
    0x080079e8   0x080079e8   0x0000002a   Code   RO         1664    CL$$btod_emul       c_w.l(btod.o)
    0x08007a12   0x08007a12   0x0000002a   Code   RO         1666    CL$$btod_emuld      c_w.l(btod.o)
    0x08007a3c   0x08007a3c   0x00000244   Code   RO         1670    CL$$btod_mult_common  c_w.l(btod.o)
    0x08007c80   0x08007c80   0x00000030   Code   RO         1748    i.__ARM_fpclassify  m_wm.l(fpclassify.o)
    0x08007cb0   0x08007cb0   0x000000f8   Code   RO         1782    i.__hardfp___mathlib_tofloat  m_wm.l(narrow.o)
    0x08007da8   0x08007da8   0x00000038   Code   RO         1464    i.__hardfp_atof     m_wm.l(atof.o)
    0x08007de0   0x08007de0   0x000000d0   Code   RO         1855    i.__hardfp_ldexp    m_wm.l(ldexp.o)
    0x08007eb0   0x08007eb0   0x00000020   Code   RO         1901    i.__mathlib_dbl_overflow  m_wm.l(dunder.o)
    0x08007ed0   0x08007ed0   0x00000020   Code   RO         1903    i.__mathlib_dbl_underflow  m_wm.l(dunder.o)
    0x08007ef0   0x08007ef0   0x00000012   Code   RO         1783    i.__mathlib_narrow  m_wm.l(narrow.o)
    0x08007f02   0x08007f02   0x00000014   Code   RO         1857    i.__support_ldexp   m_wm.l(ldexp.o)
    0x08007f16   0x08007f16   0x0000000e   Code   RO         1535    i._is_digit         c_w.l(__printf_wp.o)
    0x08007f24   0x08007f24   0x00000004   PAD
    0x08007f28   0x08007f28   0x0000008c   Code   RO         1821    i.frexp             m_wm.l(frexp.o)
    0x08007fb4   0x08007fb4   0x0000002c   Code   RO         1636    locale$$code        c_w.l(lc_numeric_c.o)
    0x08007fe0   0x08007fe0   0x0000002c   Code   RO         1762    locale$$code        c_w.l(lc_ctype_c.o)
    0x0800800c   0x0800800c   0x00000062   Code   RO         1460    x$fpl$d2f           fz_wm.l(d2f.o)
    0x0800806e   0x0800806e   0x00000002   PAD
    0x08008070   0x08008070   0x00000010   Code   RO         1917    x$fpl$dcheck1       fz_wm.l(dcheck1.o)
    0x08008080   0x08008080   0x00000018   Code   RO         1849    x$fpl$dcmpinf       fz_wm.l(dcmpi.o)
    0x08008098   0x08008098   0x00000078   Code   RO         1815    x$fpl$deqf          fz_wm.l(deqf.o)
    0x08008110   0x08008110   0x00000078   Code   RO         1851    x$fpl$dleqf         fz_wm.l(dleqf.o)
    0x08008188   0x08008188   0x00000154   Code   RO         1853    x$fpl$dmul          fz_wm.l(dmul.o)
    0x080082dc   0x080082dc   0x0000009c   Code   RO         1572    x$fpl$dnaninf       fz_wm.l(dnaninf.o)
    0x08008378   0x08008378   0x0000000c   Code   RO         1574    x$fpl$dretinf       fz_wm.l(dretinf.o)
    0x08008384   0x08008384   0x0000006c   Code   RO         1817    x$fpl$drleqf        fz_wm.l(drleqf.o)
    0x080083f0   0x080083f0   0x00000056   Code   RO         1462    x$fpl$f2d           fz_wm.l(f2d.o)
    0x08008446   0x08008446   0x0000008c   Code   RO         1576    x$fpl$fnaninf       fz_wm.l(fnaninf.o)
    0x080084d2   0x080084d2   0x0000001a   Code   RO         1774    x$fpl$fpinit        fz_wm.l(fpinit.o)
    0x080084ec   0x080084ec   0x0000000a   Code   RO         1578    x$fpl$fretinf       fz_wm.l(fretinf.o)
    0x080084f6   0x080084f6   0x00000006   Code   RO         1746    x$fpl$ieeestatus    fz_wm.l(istatus.o)
    0x080084fc   0x080084fc   0x00000004   Code   RO         1580    x$fpl$printf1       fz_wm.l(printf1.o)
    0x08008500   0x08008500   0x00000004   Code   RO         1582    x$fpl$printf2       fz_wm.l(printf2.o)
    0x08008504   0x08008504   0x00000064   Code   RO         1923    x$fpl$retnan        fz_wm.l(retnan.o)
    0x08008568   0x08008568   0x0000005c   Code   RO         1895    x$fpl$scalbn        fz_wm.l(scalbn.o)
    0x080085c4   0x080085c4   0x00000004   Code   RO         1638    x$fpl$scanf1        fz_wm.l(scanf1.o)
    0x080085c8   0x080085c8   0x00000008   Code   RO         1776    x$fpl$scanf2        fz_wm.l(scanf2.o)
    0x080085d0   0x080085d0   0x00000030   Code   RO         1925    x$fpl$trapveneer    fz_wm.l(trapv.o)
    0x08008600   0x08008600   0x00000000   Code   RO         1588    x$fpl$usenofp       fz_wm.l(usenofp.o)
    0x08008600   0x08008600   0x00000008   Data   RO         1494    .constdata          c_w.l(_printf_wctomb.o)
    0x08008608   0x08008608   0x00000028   Data   RO         1523    .constdata          c_w.l(_printf_hex_int_ll_ptr.o)
    0x08008630   0x08008630   0x00000011   Data   RO         1543    .constdata          c_w.l(__printf_flags_ss_wp.o)
    0x08008641   0x08008641   0x00000026   Data   RO         1622    .constdata          c_w.l(_printf_fp_hex.o)
    0x08008667   0x08008667   0x00000001   PAD
    0x08008668   0x08008668   0x00000094   Data   RO         1659    .constdata          c_w.l(bigflt0.o)
    0x080086fc   0x080086fc   0x00000010   Data   RO         1162    .rodata.AHBPrescTable  system_stm32f4xx.o
    0x0800870c   0x0800870c   0x00000008   Data   RO         1163    .rodata.APBPrescTable  system_stm32f4xx.o
    0x08008714   0x08008714   0x00000020   Data   RO         1928    Region$$Table       anon$$obj.o
    0x08008734   0x08008734   0x00000008   Data   RO         1770    c$$dinf             fz_wm.l(fpconst.o)
    0x0800873c   0x0800873c   0x00000008   Data   RO         1773    c$$dmax             fz_wm.l(fpconst.o)
    0x08008744   0x08008744   0x0000001c   Data   RO         1635    locale$$data        c_w.l(lc_numeric_c.o)
    0x08008760   0x08008760   0x00000110   Data   RO         1761    locale$$data        c_w.l(lc_ctype_c.o)


    Execution Region RW_IRAM2 (Exec base: 0x10000000, Load base: 0x08008968, Size: 0x00000000, Max: 0x00010000, ABSOLUTE)

    **** No section assigned to this execution region ****


    Execution Region RW_IRAM1 (Exec base: 0x20000000, Load base: 0x08008870, Size: 0x00002440, Max: 0x00030000, ABSOLUTE)

    Exec Addr    Load Addr    Size         Type   Attr      Idx    E Section Name        Object

    0x20000000   0x08008870   0x00000008   Data   RW          683    .data..L_MergedGlobals  stm32f4xx_hal.o
    0x20000008   0x08008878   0x0000001c   Data   RW         1195    .data.FS_Desc       usbd_desc.o
    0x20000024   0x08008894   0x00000004   Data   RW         1161    .data.SystemCoreClock  system_stm32f4xx.o
    0x20000028   0x08008898   0x00000038   Data   RW         1434    .data.USBD_CDC      usbd_cdc.o
    0x20000060   0x080088d0   0x00000043   Data   RW         1436    .data.USBD_CDC_CfgDesc  usbd_cdc.o
    0x200000a3   0x08008913   0x00000001   PAD
    0x200000a4   0x08008914   0x0000000a   Data   RW         1435    .data.USBD_CDC_DeviceQualifierDesc  usbd_cdc.o
    0x200000ae   0x0800891e   0x00000002   PAD
    0x200000b0   0x08008920   0x00000012   Data   RW         1196    .data.USBD_FS_DeviceDesc  usbd_desc.o
    0x200000c2   0x08008932   0x00000002   PAD
    0x200000c4   0x08008934   0x00000014   Data   RW         1222    .data.USBD_Interface_fops_FS  usbd_cdc_if.o
    0x200000d8   0x08008948   0x00000004   Data   RW         1197    .data.USBD_LangIDDesc  usbd_desc.o
    0x200000dc   0x0800894c   0x0000001a   Data   RW         1198    .data.USBD_StringSerial  usbd_desc.o
    0x200000f6   0x08008966   0x00000002   PAD
    0x200000f8        -       0x00000060   Zero   RW         1641    .bss                c_w.l(libspace.o)
    0x20000158        -       0x00000004   Zero   RW           19    .bss.TIMcnt         main.o
    0x2000015c        -       0x00000001   Zero   RW         1373    .bss.USBD_SetConfig.cfgidx  usbd_ctlreq.o
    0x2000015d   0x08008966   0x00000003   PAD
    0x20000160        -       0x00000200   Zero   RW         1199    .bss.USBD_StrDesc   usbd_desc.o
    0x20000360        -       0x00000220   Zero   RW         1296    .bss.USBD_static_malloc.mem  usbd_conf.o
    0x20000580        -       0x00000800   Zero   RW         1223    .bss.UserRxBufferFS  usbd_cdc_if.o
    0x20000d80        -       0x00000800   Zero   RW         1224    .bss.UserTxBufferFS  usbd_cdc_if.o
    0x20001580        -       0x000002dc   Zero   RW         1174    .bss.hUsbDeviceFS   usb_device.o
    0x2000185c        -       0x0000050c   Zero   RW         1295    .bss.hpcd_USB_OTG_FS  usbd_conf.o
    0x20001d68        -       0x00000048   Zero   RW           52    .bss.htim2          tim.o
    0x20001db0        -       0x00000048   Zero   RW           53    .bss.htim9          tim.o
    0x20001df8        -       0x00000044   Zero   RW           70    .bss.huart6         usart.o
    0x20001e3c        -       0x00000004   Zero   RW          682    .bss.uwTick         stm32f4xx_hal.o
    0x20001e40        -       0x00000200   Zero   RW            2    HEAP                startup_stm32f427xx.o
    0x20002040        -       0x00000400   Zero   RW            1    STACK               startup_stm32f427xx.o


==============================================================================

Image component sizes


      Code (inc. data)   RO Data    RW Data    ZI Data      Debug   Object Name

       172          0          0          0          0       2232   gpio.o
       334         36          0          0          4      12577   main.o
        64         26        428          0       1536        852   startup_stm32f427xx.o
       204          0          0          8          4       7663   stm32f4xx_hal.o
       200          0          0          0          0      10655   stm32f4xx_hal_cortex.o
       178          0          0          0          0      10603   stm32f4xx_hal_dma.o
       448          0          0          0          0       5307   stm32f4xx_hal_gpio.o
        56          0          0          0          0       1506   stm32f4xx_hal_msp.o
      3336          0          0          0          0      16890   stm32f4xx_hal_pcd.o
       244          0          0          0          0       4611   stm32f4xx_hal_pcd_ex.o
      1430          0          0          0          0       7410   stm32f4xx_hal_rcc.o
      1592          4          0          0          0      55040   stm32f4xx_hal_tim.o
       182          0          0          0          0      21245   stm32f4xx_hal_tim_ex.o
      1984          0          0          0          0      31722   stm32f4xx_hal_uart.o
        44          0          0          0          0       6145   stm32f4xx_it.o
      4284          0          0          0          0      32462   stm32f4xx_ll_usb.o
        18          0         24          4          0       2697   system_stm32f4xx.o
       428          0          0          0        144       7218   tim.o
       186          0          0          0         68       7210   usart.o
       114          0          0          0        732       3189   usb_device.o
      1258         12          0        133          0      11474   usbd_cdc.o
       262         16          0         20       4096       5899   usbd_cdc_if.o
       768          0          0          0       1836      18420   usbd_conf.o
       976          0          0          0          0      10861   usbd_core.o
      1664         34          0          0          1      10247   usbd_ctlreq.o
       560         72          0         76        512       4238   usbd_desc.o
       128          0          0          0          0       4702   usbd_ioreq.o

    ----------------------------------------------------------------------
     21316        200        484        248       8936     313075   Object Totals
         0          0         32          0          0          0   (incl. Generated)
       202          0          0          7          3          0   (incl. Padding)

    ----------------------------------------------------------------------

      Code (inc. data)   RO Data    RW Data    ZI Data      Debug   Library Member Name

         8          0          0          0          0         68   __main.o
       392          4         17          0          0         92   __printf_flags_ss_wp.o
        14          0          0          0          0         68   __printf_wp.o
         0          0          0          0          0          0   __rtentry.o
        12          0          0          0          0          0   __rtentry2.o
         6          0          0          0          0          0   __rtentry4.o
        52          8          0          0          0          0   __scatter.o
        26          0          0          0          0          0   __scatter_copy.o
        28          0          0          0          0          0   __scatter_zi.o
        72          0          0          0          0         96   _c16rtomb.o
        28          0          0          0          0         68   _chval.o
         6          0          0          0          0          0   _printf_a.o
         6          0          0          0          0          0   _printf_c.o
        44          0          0          0          0        108   _printf_char.o
        48          6          0          0          0         96   _printf_char_common.o
        40          0          0          0          0         68   _printf_charcount.o
         6          0          0          0          0          0   _printf_d.o
       120         16          0          0          0         92   _printf_dec.o
         6          0          0          0          0          0   _printf_e.o
         6          0          0          0          0          0   _printf_f.o
      1052          0          0          0          0        148   _printf_fp_dec.o
       764          8         38          0          0        100   _printf_fp_hex.o
       128         16          0          0          0         84   _printf_fp_infnan.o
         6          0          0          0          0          0   _printf_g.o
       148          4         40          0          0        160   _printf_hex_int_ll_ptr.o
         6          0          0          0          0          0   _printf_i.o
       178          0          0          0          0         88   _printf_intcommon.o
        10          0          0          0          0          0   _printf_l.o
         6          0          0          0          0          0   _printf_lc.o
        10          0          0          0          0          0   _printf_ll.o
         6          0          0          0          0          0   _printf_lld.o
         6          0          0          0          0          0   _printf_lli.o
         6          0          0          0          0          0   _printf_llo.o
         6          0          0          0          0          0   _printf_llu.o
         6          0          0          0          0          0   _printf_llx.o
       124         16          0          0          0         92   _printf_longlong_dec.o
         6          0          0          0          0          0   _printf_ls.o
         6          0          0          0          0          0   _printf_n.o
         6          0          0          0          0          0   _printf_o.o
       112          8          0          0          0        124   _printf_oct_int_ll.o
         6          0          0          0          0          0   _printf_p.o
        78          0          0          0          0        108   _printf_pad.o
         0          0          0          0          0          0   _printf_percent.o
         4          0          0          0          0          0   _printf_percent_end.o
         6          0          0          0          0          0   _printf_s.o
        82          0          0          0          0         80   _printf_str.o
        36          0          0          0          0         84   _printf_truncate.o
         6          0          0          0          0          0   _printf_u.o
        44          0          0          0          0        108   _printf_wchar.o
       188          6          8          0          0         92   _printf_wctomb.o
         6          0          0          0          0          0   _printf_x.o
        22          0          0          0          0        100   _rserrno.o
        64          0          0          0          0         84   _sgetc.o
        16          0          0          0          0         68   _snputc.o
       228          4        148          0          0         96   bigflt0.o
      2152        136          0          0          0        956   btod.o
        18          0          0          0          0         80   exit.o
         6          0          0          0          0        152   heapauxi.o
         0          0          0          0          0          0   indicate_semi.o
        18          0          0          0          0         76   isspace.o
        44         10        272          0          0         76   lc_ctype_c.o
        44         10         28          0          0         76   lc_numeric_c.o
         2          0          0          0          0          0   libinit.o
        34          0          0          0          0          0   libinit2.o
         2          0          0          0          0          0   libshutdown.o
         2          0          0          0          0          0   libshutdown2.o
         8          4          0          0         96         68   libspace.o
        38          0          0          0          0         68   llshl.o
       138          0          0          0          0         80   lludiv10.o
       240          0          0          0          0        100   lludivv7m.o
        16          4          0          0          0         76   rt_ctype_table.o
         8          4          0          0          0         68   rt_errno_addr_intlibspace.o
         8          4          0          0          0         68   rt_locale_intlibspace.o
        68          0          0          0          0         68   rt_memclr.o
        78          0          0          0          0         80   rt_memclr_w.o
         2          0          0          0          0          0   rtexit.o
        10          0          0          0          0          0   rtexit2.o
      1272         16          0          0          0        168   scanf_fp.o
       800         14          0          0          0        100   scanf_hexfp.o
       308         16          0          0          0        100   scanf_infnan.o
       124          0          0          0          0         88   strcmpv7em.o
        62          0          0          0          0         76   strlen.o
        86          0          0          0          0         76   strncpy.o
       176         14          0          0          0        124   strtod.o
        12          4          0          0          0         68   sys_exit.o
        74          0          0          0          0         80   sys_stackheap_outer.o
         2          0          0          0          0         68   use_no_semi.o
        60          4          0          0          0         80   vsnprintf.o
        98          4          0          0          0        140   d2f.o
        16          4          0          0          0        116   dcheck1.o
        24          0          0          0          0        116   dcmpi.o
       120          4          0          0          0        140   deqf.o
       120          4          0          0          0        140   dleqf.o
       340         12          0          0          0        152   dmul.o
       156          4          0          0          0        140   dnaninf.o
        12          0          0          0          0        116   dretinf.o
       108          0          0          0          0        128   drleqf.o
        86          4          0          0          0        132   f2d.o
       140          4          0          0          0        132   fnaninf.o
         0          0         16          0          0          0   fpconst.o
        26          0          0          0          0        116   fpinit.o
        10          0          0          0          0        116   fretinf.o
         6          0          0          0          0        116   istatus.o
         4          0          0          0          0        116   printf1.o
         4          0          0          0          0        116   printf2.o
       100          0          0          0          0        116   retnan.o
        92          0          0          0          0        116   scalbn.o
         4          0          0          0          0        116   scanf1.o
         8          0          0          0          0        132   scanf2.o
        48          0          0          0          0        116   trapv.o
         0          0          0          0          0          0   usenofp.o
        56         10          0          0          0        132   atof.o
        64         16          0          0          0        248   dunder.o
        48          0          0          0          0        124   fpclassify.o
       140         22          0          0          0        132   frexp.o
       228          8          0          0          0        308   ldexp.o
       266         16          0          0          0        308   narrow.o

    ----------------------------------------------------------------------
     12560        448        568          0         96       9372   Library Totals
        26          0          1          0          0          0   (incl. Padding)

    ----------------------------------------------------------------------

      Code (inc. data)   RO Data    RW Data    ZI Data      Debug   Library Name

     10210        336        551          0         96       5492   c_w.l
      1522         40         16          0          0       2628   fz_wm.l
       802         72          0          0          0       1252   m_wm.l

    ----------------------------------------------------------------------
     12560        448        568          0         96       9372   Library Totals

    ----------------------------------------------------------------------

==============================================================================


      Code (inc. data)   RO Data    RW Data    ZI Data      Debug   

     33876        648       1052        248       9032     316183   Grand Totals
     33876        648       1052        248       9032     316183   ELF Image Totals
     33876        648       1052        248          0          0   ROM Totals

==============================================================================

    Total RO  Size (Code + RO Data)                34928 (  34.11kB)
    Total RW  Size (RW Data + ZI Data)              9280 (   9.06kB)
    Total ROM Size (Code + RO Data + RW Data)      35176 (  34.35kB)

==============================================================================

