<html>
<body>
<pre>
<h1>�Vision Build Log</h1>
<h2>Tool Versions:</h2>
IDE-Version: ��Vision V5.38.0.0
Copyright (C) 2022 ARM Ltd and ARM Germany GmbH. All rights reserved.
License Information: shengyao jiang, rwth, LIC=----
 
Tool Versions:
Toolchain:       MDK-Lite  Version: 5.38.0.0
Toolchain Path:  C:\Keil_v5\ARM\ARMCLANG\Bin
C Compiler:      ArmClang.exe V6.19
Assembler:       Armasm.exe V6.19
Linker/Locator:  ArmLink.exe V6.19
Library Manager: ArmAr.exe V6.19
Hex Converter:   FromElf.exe V6.19
CPU DLL:         SARMCM3.DLL V5.38.0.0
Dialog DLL:      DCM.DLL V1.17.5.0
Target DLL:      STLink\ST-LINKIII-KEIL_SWO.dll V3.1.0.0
Dialog DLL:      TCM.DLL V1.56.4.0
 
<h2>Project:</h2>
C:\Users\littl\Documents\GitHub\FritzRobot_chassis\MDK-ARM\chassis.uvprojx
Project File Date:  09/16/2023

<h2>Output:</h2>
*** Using Compiler 'V6.19', folder: 'C:\Keil_v5\ARM\ARMCLANG\Bin'
Build target 'chassis'
../USB_DEVICE/App/usbd_cdc_if.c(269): warning: illegal character encoding in string literal [-Winvalid-source-encoding]
                USBVcom_printf("<CA>յ<BD><CB>ٶ<C8>Ϊ%s\n",Buf);//<D5><E2><C0><EF><D3><C3><D7>ַ<FB><B4><AE><B5>Ļ<B0><A3><AC><C8><E7><B9><FB><D7>ַ<FB><B4><AE><B3><A4><B6>̲<BB>һ<A3><AC><D4><F2><C8><E7><B9><FB>buf<C7><F8><B2><A2><B2><BB><BB><E1><C7><E5><BF>գ<AC><B6><F8><CA>ǻᱣ<C1><F4>
                                ^~~~ ~~~~~~~~ ~~~~
../USB_DEVICE/App/usbd_cdc_if.c(349): warning: 'vsnprintf' size argument is too large; destination buffer has size 64, but size argument is 65 [-Wfortify-source]
        len = vsnprintf((char*)usbtemp,sizeof(usbtemp)+1,(char*)format,args);
              ^
2 warnings generated.
compiling usbd_cdc_if.c...
linking...
Program Size: Code=28420 RO-data=1036 RW-data=248 ZI-data=9032  
FromELF: creating hex file...
".\chassis\chassis.axf" - 0 Error(s), 2 Warning(s).

<h2>Software Packages used:</h2>

Package Vendor: ARM
                http://www.keil.com/pack/ARM.CMSIS.5.9.0.pack
                ARM.CMSIS.5.9.0
                CMSIS (Common Microcontroller Software Interface Standard)
   * Component: CORE Version: 5.6.0

Package Vendor: Keil
                https://www.keil.com/pack/Keil.STM32F4xx_DFP.2.17.1.pack
                Keil.STM32F4xx_DFP.2.17.1
                STMicroelectronics STM32F4 Series Device Support, Drivers and Examples

<h2>Collection of Component include folders:</h2>
  ./RTE/_chassis
  C:/Users/littl/AppData/Local/Arm/Packs/ARM/CMSIS/5.9.0/CMSIS/Core/Include
  C:/Users/littl/AppData/Local/Arm/Packs/Keil/STM32F4xx_DFP/2.17.1/Drivers/CMSIS/Device/ST/STM32F4xx/Include

<h2>Collection of Component Files used:</h2>

   * Component: ARM::CMSIS:CORE:5.6.0
      Include file:  CMSIS/Core/Include/tz_context.h
Build Time Elapsed:  00:00:00
</pre>
</body>
</html>
